          <idle>-0     [000] d...   755.600897: sched_switch: prev_comm=swapper/0 prev_pid=0 prev_prio=120 prev_state=R ==> next_comm=mpc_server next_pid=2806 next_prio=0
        mpc_ctrl-2923  [001] d...   755.600901: sched_switch: prev_comm=mpc_ctrl prev_pid=2923 prev_prio=0 prev_state=S ==> next_comm=mpc_control2 next_pid=2909 next_prio=1
          <idle>-0     [001] d...   755.611674: sched_switch: prev_comm=swapper/1 prev_pid=0 prev_prio=120 prev_state=R ==> next_comm=mpc_ctrl next_pid=2923 next_prio=0
      mpc_server-2806  [000] d...   755.611676: sched_switch: prev_comm=mpc_server prev_pid=2806 prev_prio=0 prev_state=S ==> next_comm=QThread next_pid=2098 next_prio=120
        mpc_ctrl-2923  [001] d...   755.636486: sched_switch: prev_comm=mpc_ctrl prev_pid=2923 prev_prio=0 prev_state=S ==> next_comm=mpc_control2 next_pid=2909 next_prio=1
    mpc_control2-2909  [001] d...   755.636555: sched_switch: prev_comm=mpc_control2 prev_pid=2909 prev_prio=1 prev_state=R ==> next_comm=mpc_ctrl next_pid=2923 next_prio=0
        mpc_ctrl-2923  [001] d...   755.636654: sched_switch: prev_comm=mpc_ctrl prev_pid=2923 prev_prio=0 prev_state=S ==> next_comm=mpc_control2 next_pid=2909 next_prio=1
          <idle>-0     [000] d...   755.636677: sched_switch: prev_comm=swapper/0 prev_pid=0 prev_prio=120 prev_state=R ==> next_comm=mpc_server next_pid=2806 next_prio=0
      mpc_server-2806  [000] d...   755.648864: sched_switch: prev_comm=mpc_server prev_pid=2806 prev_prio=0 prev_state=S ==> next_comm=swapper/0 next_pid=0 next_prio=120
          <idle>-0     [001] d...   755.648890: sched_switch: prev_comm=swapper/1 prev_pid=0 prev_prio=120 prev_state=R ==> next_comm=mpc_ctrl next_pid=2923 next_prio=0
        mpc_ctrl-2923  [001] d...   755.669424: sched_switch: prev_comm=mpc_ctrl prev_pid=2923 prev_prio=0 prev_state=S ==> next_comm=mpc_control2 next_pid=2928 next_prio=1
    mpc_control2-2909  [001] d...   755.669505: sched_switch: prev_comm=mpc_control2 prev_pid=2909 prev_prio=1 prev_state=R ==> next_comm=mpc_ctrl next_pid=2923 next_prio=0
          <idle>-0     [000] d...   755.669578: sched_switch: prev_comm=swapper/0 prev_pid=0 prev_prio=120 prev_state=R ==> next_comm=mpc_server next_pid=2806 next_prio=0
        mpc_ctrl-2923  [001] d...   755.669579: sched_switch: prev_comm=mpc_ctrl prev_pid=2923 prev_prio=0 prev_state=S ==> next_comm=mpc_control2 next_pid=2909 next_prio=1
      mpc_server-2806  [000] d...   755.682253: sched_switch: prev_comm=mpc_server prev_pid=2806 prev_prio=0 prev_state=S ==> next_comm=swapper/0 next_pid=0 next_prio=120
          <idle>-0     [001] d...   755.682279: sched_switch: prev_comm=swapper/1 prev_pid=0 prev_prio=120 prev_state=R ==> next_comm=mpc_ctrl next_pid=2923 next_prio=0
        mpc_ctrl-2923  [001] d...   755.703423: sched_switch: prev_comm=mpc_ctrl prev_pid=2923 prev_prio=0 prev_state=S ==> next_comm=mpc_control2 next_pid=2909 next_prio=1
    mpc_control2-2909  [001] d...   755.703482: sched_switch: prev_comm=mpc_control2 prev_pid=2909 prev_prio=1 prev_state=R ==> next_comm=mpc_ctrl next_pid=2923 next_prio=0
            Xorg-915   [000] d...   755.703555: sched_switch: prev_comm=Xorg prev_pid=915 prev_prio=120 prev_state=R+ ==> next_comm=mpc_server next_pid=2806 next_prio=0
        mpc_ctrl-2923  [001] d...   755.703557: sched_switch: prev_comm=mpc_ctrl prev_pid=2923 prev_prio=0 prev_state=S ==> next_comm=mpc_control2 next_pid=2909 next_prio=1
          <idle>-0     [001] d...   755.717453: sched_switch: prev_comm=swapper/1 prev_pid=0 prev_prio=120 prev_state=R ==> next_comm=mpc_ctrl next_pid=2923 next_prio=0
      mpc_server-2806  [000] d...   755.717457: sched_switch: prev_comm=mpc_server prev_pid=2806 prev_prio=0 prev_state=S ==> next_comm=MATLAB next_pid=2318 next_prio=120
        mpc_ctrl-2923  [001] d...   755.745173: sched_switch: prev_comm=mpc_ctrl prev_pid=2923 prev_prio=0 prev_state=S ==> next_comm=mpc_control2 next_pid=2909 next_prio=1
    mpc_control2-2909  [001] d...   755.745235: sched_switch: prev_comm=mpc_control2 prev_pid=2909 prev_prio=1 prev_state=R ==> next_comm=mpc_ctrl next_pid=2923 next_prio=0
          <idle>-0     [000] d...   755.745308: sched_switch: prev_comm=swapper/0 prev_pid=0 prev_prio=120 prev_state=R ==> next_comm=mpc_server next_pid=2806 next_prio=0
        mpc_ctrl-2923  [001] d...   755.745309: sched_switch: prev_comm=mpc_ctrl prev_pid=2923 prev_prio=0 prev_state=S ==> next_comm=mpc_control2 next_pid=2909 next_prio=1
          <idle>-0     [001] d...   755.758638: sched_switch: prev_comm=swapper/1 prev_pid=0 prev_prio=120 prev_state=R ==> next_comm=mpc_ctrl next_pid=2923 next_prio=0
      mpc_server-2806  [000] d...   755.758642: sched_switch: prev_comm=mpc_server prev_pid=2806 prev_prio=0 prev_state=S ==> next_comm=swapper/0 next_pid=0 next_prio=120
        mpc_ctrl-2923  [001] d...   755.771081: sched_switch: prev_comm=mpc_ctrl prev_pid=2923 prev_prio=0 prev_state=R ==> next_comm=migration/1 next_pid=17 next_prio=0
           <...>-17    [001] d...   755.771085: sched_switch: prev_comm=migration/1 prev_pid=17 prev_prio=0 prev_state=S ==> next_comm=mpc_ctrl next_pid=2923 next_prio=0
        mpc_ctrl-2923  [001] d...   755.779236: sched_switch: prev_comm=mpc_ctrl prev_pid=2923 prev_prio=0 prev_state=S ==> next_comm=mpc_control2 next_pid=2928 next_prio=1
    mpc_control2-2909  [001] d...   755.779315: sched_switch: prev_comm=mpc_control2 prev_pid=2909 prev_prio=1 prev_state=R ==> next_comm=mpc_ctrl next_pid=2923 next_prio=0
          <idle>-0     [000] d...   755.779388: sched_switch: prev_comm=swapper/0 prev_pid=0 prev_prio=120 prev_state=R ==> next_comm=mpc_server next_pid=2806 next_prio=0
        mpc_ctrl-2923  [001] d...   755.779389: sched_switch: prev_comm=mpc_ctrl prev_pid=2923 prev_prio=0 prev_state=S ==> next_comm=mpc_control2 next_pid=2909 next_prio=1
          <idle>-0     [001] d...   755.792360: sched_switch: prev_comm=swapper/1 prev_pid=0 prev_prio=120 prev_state=R ==> next_comm=mpc_ctrl next_pid=2923 next_prio=0
      mpc_server-2806  [000] d...   755.792366: sched_switch: prev_comm=mpc_server prev_pid=2806 prev_prio=0 prev_state=S ==> next_comm=zoom.user next_pid=2128 next_prio=120
        mpc_ctrl-2923  [001] d...   755.812638: sched_switch: prev_comm=mpc_ctrl prev_pid=2923 prev_prio=0 prev_state=S ==> next_comm=mpc_control2 next_pid=2909 next_prio=1
    mpc_control2-2909  [001] d...   755.812694: sched_switch: prev_comm=mpc_control2 prev_pid=2909 prev_prio=1 prev_state=R ==> next_comm=mpc_ctrl next_pid=2923 next_prio=0
          <idle>-0     [000] d...   755.812794: sched_switch: prev_comm=swapper/0 prev_pid=0 prev_prio=120 prev_state=R ==> next_comm=mpc_server next_pid=2806 next_prio=0
        mpc_ctrl-2923  [001] d...   755.812796: sched_switch: prev_comm=mpc_ctrl prev_pid=2923 prev_prio=0 prev_state=S ==> next_comm=mpc_control2 next_pid=2909 next_prio=1
          <idle>-0     [001] d...   755.825429: sched_switch: prev_comm=swapper/1 prev_pid=0 prev_prio=120 prev_state=R ==> next_comm=mpc_ctrl next_pid=2923 next_prio=0
      mpc_server-2806  [000] d...   755.825433: sched_switch: prev_comm=mpc_server prev_pid=2806 prev_prio=0 prev_state=S ==> next_comm=QThread next_pid=2095 next_prio=120
        mpc_ctrl-2923  [001] d...   755.845789: sched_switch: prev_comm=mpc_ctrl prev_pid=2923 prev_prio=0 prev_state=S ==> next_comm=mpc_control2 next_pid=2909 next_prio=1
    mpc_control2-2909  [001] d...   755.845838: sched_switch: prev_comm=mpc_control2 prev_pid=2909 prev_prio=1 prev_state=R ==> next_comm=mpc_ctrl next_pid=2923 next_prio=0
          <idle>-0     [000] d...   755.845923: sched_switch: prev_comm=swapper/0 prev_pid=0 prev_prio=120 prev_state=R ==> next_comm=mpc_server next_pid=2806 next_prio=0
        mpc_ctrl-2923  [001] d...   755.845926: sched_switch: prev_comm=mpc_ctrl prev_pid=2923 prev_prio=0 prev_state=S ==> next_comm=mpc_control2 next_pid=2909 next_prio=1
          <idle>-0     [001] d...   755.858737: sched_switch: prev_comm=swapper/1 prev_pid=0 prev_prio=120 prev_state=R ==> next_comm=mpc_ctrl next_pid=2923 next_prio=0
      mpc_server-2806  [000] d...   755.858741: sched_switch: prev_comm=mpc_server prev_pid=2806 prev_prio=0 prev_state=S ==> next_comm=swapper/0 next_pid=0 next_prio=120
        mpc_ctrl-2923  [001] d...   755.884396: sched_switch: prev_comm=mpc_ctrl prev_pid=2923 prev_prio=0 prev_state=S ==> next_comm=mpc_control2 next_pid=2928 next_prio=1
    mpc_control2-2909  [001] d...   755.884484: sched_switch: prev_comm=mpc_control2 prev_pid=2909 prev_prio=1 prev_state=R ==> next_comm=mpc_ctrl next_pid=2923 next_prio=0
            Xorg-915   [000] d...   755.884573: sched_switch: prev_comm=Xorg prev_pid=915 prev_prio=120 prev_state=R ==> next_comm=mpc_server next_pid=2806 next_prio=0
        mpc_ctrl-2923  [001] d...   755.884575: sched_switch: prev_comm=mpc_ctrl prev_pid=2923 prev_prio=0 prev_state=S ==> next_comm=mpc_control2 next_pid=2909 next_prio=1
            Xorg-915   [001] d...   755.899084: sched_switch: prev_comm=Xorg prev_pid=915 prev_prio=120 prev_state=R ==> next_comm=mpc_ctrl next_pid=2923 next_prio=0
      mpc_server-2806  [000] d...   755.899088: sched_switch: prev_comm=mpc_server prev_pid=2806 prev_prio=0 prev_state=S ==> next_comm=swapper/0 next_pid=0 next_prio=120
        mpc_ctrl-2923  [001] d...   755.923109: sched_switch: prev_comm=mpc_ctrl prev_pid=2923 prev_prio=0 prev_state=S ==> next_comm=mpc_control2 next_pid=2909 next_prio=1
    mpc_control2-2909  [001] d...   755.923172: sched_switch: prev_comm=mpc_control2 prev_pid=2909 prev_prio=1 prev_state=R ==> next_comm=mpc_ctrl next_pid=2923 next_prio=0
           <...>-2738  [000] d...   755.923256: sched_switch: prev_comm=MATLAB prev_pid=2738 prev_prio=120 prev_state=R ==> next_comm=mpc_server next_pid=2806 next_prio=0
        mpc_ctrl-2923  [001] d...   755.923257: sched_switch: prev_comm=mpc_ctrl prev_pid=2923 prev_prio=0 prev_state=S ==> next_comm=mpc_control2 next_pid=2909 next_prio=1
          <idle>-0     [001] d...   755.936500: sched_switch: prev_comm=swapper/1 prev_pid=0 prev_prio=120 prev_state=R ==> next_comm=mpc_ctrl next_pid=2923 next_prio=0
      mpc_server-2806  [000] d...   755.936503: sched_switch: prev_comm=mpc_server prev_pid=2806 prev_prio=0 prev_state=S ==> next_comm=swapper/0 next_pid=0 next_prio=120
        mpc_ctrl-2923  [001] d...   755.956839: sched_switch: prev_comm=mpc_ctrl prev_pid=2923 prev_prio=0 prev_state=S ==> next_comm=mpc_control2 next_pid=2909 next_prio=1
    mpc_control2-2909  [001] d...   755.956891: sched_switch: prev_comm=mpc_control2 prev_pid=2909 prev_prio=1 prev_state=R ==> next_comm=mpc_ctrl next_pid=2923 next_prio=0
          <idle>-0     [000] d...   755.956959: sched_switch: prev_comm=swapper/0 prev_pid=0 prev_prio=120 prev_state=R ==> next_comm=mpc_server next_pid=2806 next_prio=0
        mpc_ctrl-2923  [001] d...   755.956960: sched_switch: prev_comm=mpc_ctrl prev_pid=2923 prev_prio=0 prev_state=S ==> next_comm=mpc_control2 next_pid=2909 next_prio=1
      mpc_server-2806  [000] d...   755.969416: sched_switch: prev_comm=mpc_server prev_pid=2806 prev_prio=0 prev_state=S ==> next_comm=swapper/0 next_pid=0 next_prio=120
          <idle>-0     [001] d...   755.969437: sched_switch: prev_comm=swapper/1 prev_pid=0 prev_prio=120 prev_state=R ==> next_comm=mpc_ctrl next_pid=2923 next_prio=0
        mpc_ctrl-2923  [001] d...   755.989806: sched_switch: prev_comm=mpc_ctrl prev_pid=2923 prev_prio=0 prev_state=S ==> next_comm=mpc_control2 next_pid=2928 next_prio=1
    mpc_control2-2909  [001] d...   755.989892: sched_switch: prev_comm=mpc_control2 prev_pid=2909 prev_prio=1 prev_state=R ==> next_comm=mpc_ctrl next_pid=2923 next_prio=0
          <idle>-0     [000] d...   755.989967: sched_switch: prev_comm=swapper/0 prev_pid=0 prev_prio=120 prev_state=R ==> next_comm=mpc_server next_pid=2806 next_prio=0
        mpc_ctrl-2923  [001] d...   755.989968: sched_switch: prev_comm=mpc_ctrl prev_pid=2923 prev_prio=0 prev_state=S ==> next_comm=mpc_control2 next_pid=2909 next_prio=1
          <idle>-0     [001] d...   756.002934: sched_switch: prev_comm=swapper/1 prev_pid=0 prev_prio=120 prev_state=R ==> next_comm=mpc_ctrl next_pid=2923 next_prio=0
      mpc_server-2806  [000] d...   756.002945: sched_switch: prev_comm=mpc_server prev_pid=2806 prev_prio=0 prev_state=S ==> next_comm=swapper/0 next_pid=0 next_prio=120
        mpc_ctrl-2923  [001] d...   756.023304: sched_switch: prev_comm=mpc_ctrl prev_pid=2923 prev_prio=0 prev_state=S ==> next_comm=mpc_control2 next_pid=2909 next_prio=1
    mpc_control2-2909  [001] d...   756.023357: sched_switch: prev_comm=mpc_control2 prev_pid=2909 prev_prio=1 prev_state=R ==> next_comm=mpc_ctrl next_pid=2923 next_prio=0
          <idle>-0     [000] d...   756.023441: sched_switch: prev_comm=swapper/0 prev_pid=0 prev_prio=120 prev_state=R ==> next_comm=mpc_server next_pid=2806 next_prio=0
        mpc_ctrl-2923  [001] d...   756.023443: sched_switch: prev_comm=mpc_ctrl prev_pid=2923 prev_prio=0 prev_state=S ==> next_comm=mpc_control2 next_pid=2909 next_prio=1
      mpc_server-2806  [000] d...   756.036009: sched_switch: prev_comm=mpc_server prev_pid=2806 prev_prio=0 prev_state=S ==> next_comm=swapper/0 next_pid=0 next_prio=120
          <idle>-0     [001] d...   756.036032: sched_switch: prev_comm=swapper/1 prev_pid=0 prev_prio=120 prev_state=R ==> next_comm=mpc_ctrl next_pid=2923 next_prio=0
        mpc_ctrl-2923  [001] d...   756.059409: sched_switch: prev_comm=mpc_ctrl prev_pid=2923 prev_prio=0 prev_state=S ==> next_comm=mpc_control2 next_pid=2909 next_prio=1
    mpc_control2-2909  [001] d...   756.059485: sched_switch: prev_comm=mpc_control2 prev_pid=2909 prev_prio=1 prev_state=R ==> next_comm=mpc_ctrl next_pid=2923 next_prio=0
          <idle>-0     [000] d...   756.059629: sched_switch: prev_comm=swapper/0 prev_pid=0 prev_prio=120 prev_state=R ==> next_comm=mpc_server next_pid=2806 next_prio=0
        mpc_ctrl-2923  [001] d...   756.059633: sched_switch: prev_comm=mpc_ctrl prev_pid=2923 prev_prio=0 prev_state=S ==> next_comm=mpc_control2 next_pid=2909 next_prio=1
          <idle>-0     [001] d...   756.075635: sched_switch: prev_comm=swapper/1 prev_pid=0 prev_prio=120 prev_state=R ==> next_comm=mpc_ctrl next_pid=2923 next_prio=0
      mpc_server-2806  [000] d...   756.075640: sched_switch: prev_comm=mpc_server prev_pid=2806 prev_prio=0 prev_state=S ==> next_comm=swapper/0 next_pid=0 next_prio=120
        mpc_ctrl-2923  [001] d...   756.097247: sched_switch: prev_comm=mpc_ctrl prev_pid=2923 prev_prio=0 prev_state=S ==> next_comm=mpc_control2 next_pid=2928 next_prio=1
    mpc_control2-2909  [001] d...   756.097352: sched_switch: prev_comm=mpc_control2 prev_pid=2909 prev_prio=1 prev_state=R ==> next_comm=mpc_ctrl next_pid=2923 next_prio=0
            Xorg-915   [000] d...   756.097490: sched_switch: prev_comm=Xorg prev_pid=915 prev_prio=120 prev_state=R ==> next_comm=mpc_server next_pid=2806 next_prio=0
        mpc_ctrl-2923  [001] d...   756.097493: sched_switch: prev_comm=mpc_ctrl prev_pid=2923 prev_prio=0 prev_state=S ==> next_comm=mpc_control2 next_pid=2909 next_prio=1
          <idle>-0     [001] d...   756.110755: sched_switch: prev_comm=swapper/1 prev_pid=0 prev_prio=120 prev_state=R ==> next_comm=mpc_ctrl next_pid=2923 next_prio=0
      mpc_server-2806  [000] d...   756.110759: sched_switch: prev_comm=mpc_server prev_pid=2806 prev_prio=0 prev_state=S ==> next_comm=swapper/0 next_pid=0 next_prio=120
        mpc_ctrl-2923  [001] d...   756.132027: sched_switch: prev_comm=mpc_ctrl prev_pid=2923 prev_prio=0 prev_state=S ==> next_comm=mpc_control2 next_pid=2909 next_prio=1
    mpc_control2-2909  [001] d...   756.132096: sched_switch: prev_comm=mpc_control2 prev_pid=2909 prev_prio=1 prev_state=R ==> next_comm=mpc_ctrl next_pid=2923 next_prio=0
          <idle>-0     [000] d...   756.132195: sched_switch: prev_comm=swapper/0 prev_pid=0 prev_prio=120 prev_state=R ==> next_comm=mpc_server next_pid=2806 next_prio=0
        mpc_ctrl-2923  [001] d...   756.132197: sched_switch: prev_comm=mpc_ctrl prev_pid=2923 prev_prio=0 prev_state=S ==> next_comm=mpc_control2 next_pid=2909 next_prio=1
      mpc_server-2806  [000] d...   756.144639: sched_switch: prev_comm=mpc_server prev_pid=2806 prev_prio=0 prev_state=S ==> next_comm=swapper/0 next_pid=0 next_prio=120
          <idle>-0     [001] d...   756.144668: sched_switch: prev_comm=swapper/1 prev_pid=0 prev_prio=120 prev_state=R ==> next_comm=mpc_ctrl next_pid=2923 next_prio=0
        mpc_ctrl-2923  [001] d...   756.165308: sched_switch: prev_comm=mpc_ctrl prev_pid=2923 prev_prio=0 prev_state=S ==> next_comm=mpc_control2 next_pid=2909 next_prio=1
    mpc_control2-2909  [001] d...   756.165363: sched_switch: prev_comm=mpc_control2 prev_pid=2909 prev_prio=1 prev_state=R ==> next_comm=mpc_ctrl next_pid=2923 next_prio=0
          <idle>-0     [000] d...   756.165437: sched_switch: prev_comm=swapper/0 prev_pid=0 prev_prio=120 prev_state=R ==> next_comm=mpc_server next_pid=2806 next_prio=0
        mpc_ctrl-2923  [001] d...   756.165439: sched_switch: prev_comm=mpc_ctrl prev_pid=2923 prev_prio=0 prev_state=S ==> next_comm=mpc_control2 next_pid=2909 next_prio=1
      mpc_server-2806  [000] d...   756.178033: sched_switch: prev_comm=mpc_server prev_pid=2806 prev_prio=0 prev_state=S ==> next_comm=swapper/0 next_pid=0 next_prio=120
          <idle>-0     [001] d...   756.178059: sched_switch: prev_comm=swapper/1 prev_pid=0 prev_prio=120 prev_state=R ==> next_comm=mpc_ctrl next_pid=2923 next_prio=0
        mpc_ctrl-2923  [001] d...   756.199231: sched_switch: prev_comm=mpc_ctrl prev_pid=2923 prev_prio=0 prev_state=S ==> next_comm=mpc_control2 next_pid=2928 next_prio=1
    mpc_control2-2909  [001] d...   756.199322: sched_switch: prev_comm=mpc_control2 prev_pid=2909 prev_prio=1 prev_state=R ==> next_comm=mpc_ctrl next_pid=2923 next_prio=0
            Xorg-915   [000] d...   756.199416: sched_switch: prev_comm=Xorg prev_pid=915 prev_prio=120 prev_state=R ==> next_comm=mpc_server next_pid=2806 next_prio=0
        mpc_ctrl-2923  [001] d...   756.199418: sched_switch: prev_comm=mpc_ctrl prev_pid=2923 prev_prio=0 prev_state=S ==> next_comm=mpc_control2 next_pid=2909 next_prio=1
   CrBrowserMain-2436  [001] d...   756.213699: sched_switch: prev_comm=CrBrowserMain prev_pid=2436 prev_prio=120 prev_state=R ==> next_comm=mpc_ctrl next_pid=2923 next_prio=0
      mpc_server-2806  [000] d...   756.213699: sched_switch: prev_comm=mpc_server prev_pid=2806 prev_prio=0 prev_state=S ==> next_comm=Chrome_IOThread next_pid=2456 next_prio=120
        mpc_ctrl-2923  [001] d...   756.239114: sched_switch: prev_comm=mpc_ctrl prev_pid=2923 prev_prio=0 prev_state=S ==> next_comm=mpc_control2 next_pid=2909 next_prio=1
    mpc_control2-2909  [001] d...   756.239180: sched_switch: prev_comm=mpc_control2 prev_pid=2909 prev_prio=1 prev_state=R ==> next_comm=mpc_ctrl next_pid=2923 next_prio=0
          <idle>-0     [000] d...   756.239254: sched_switch: prev_comm=swapper/0 prev_pid=0 prev_prio=120 prev_state=R ==> next_comm=mpc_server next_pid=2806 next_prio=0
        mpc_ctrl-2923  [001] d...   756.239255: sched_switch: prev_comm=mpc_ctrl prev_pid=2923 prev_prio=0 prev_state=S ==> next_comm=mpc_control2 next_pid=2909 next_prio=1
      mpc_server-2806  [000] d...   756.252548: sched_switch: prev_comm=mpc_server prev_pid=2806 prev_prio=0 prev_state=S ==> next_comm=zoom.im.index next_pid=2059 next_prio=120
          <idle>-0     [001] d...   756.252576: sched_switch: prev_comm=swapper/1 prev_pid=0 prev_prio=120 prev_state=R ==> next_comm=mpc_ctrl next_pid=2923 next_prio=0
        mpc_ctrl-2923  [001] d...   756.272302: sched_switch: prev_comm=mpc_ctrl prev_pid=2923 prev_prio=0 prev_state=S ==> next_comm=mpc_control2 next_pid=2909 next_prio=1
    mpc_control2-2909  [001] d...   756.272368: sched_switch: prev_comm=mpc_control2 prev_pid=2909 prev_prio=1 prev_state=R ==> next_comm=mpc_ctrl next_pid=2923 next_prio=0
          <idle>-0     [000] d...   756.272471: sched_switch: prev_comm=swapper/0 prev_pid=0 prev_prio=120 prev_state=R ==> next_comm=mpc_server next_pid=2806 next_prio=0
        mpc_ctrl-2923  [001] d...   756.272474: sched_switch: prev_comm=mpc_ctrl prev_pid=2923 prev_prio=0 prev_state=S ==> next_comm=mpc_control2 next_pid=2909 next_prio=1
    zoom.network-2129  [001] d...   756.284748: sched_switch: prev_comm=zoom.network prev_pid=2129 prev_prio=120 prev_state=R ==> next_comm=mpc_ctrl next_pid=2923 next_prio=0
      mpc_server-2806  [000] d...   756.284752: sched_switch: prev_comm=mpc_server prev_pid=2806 prev_prio=0 prev_state=S ==> next_comm=Chrome_ChildIOT next_pid=2477 next_prio=120
        mpc_ctrl-2923  [001] d...   756.307257: sched_switch: prev_comm=mpc_ctrl prev_pid=2923 prev_prio=0 prev_state=S ==> next_comm=mpc_control2 next_pid=2928 next_prio=1
    mpc_control2-2909  [001] d...   756.307357: sched_switch: prev_comm=mpc_control2 prev_pid=2909 prev_prio=1 prev_state=R ==> next_comm=mpc_ctrl next_pid=2923 next_prio=0
        mpc_ctrl-2923  [001] d...   756.307443: sched_switch: prev_comm=mpc_ctrl prev_pid=2923 prev_prio=0 prev_state=S ==> next_comm=mpc_control2 next_pid=2909 next_prio=1
          <idle>-0     [000] d...   756.307477: sched_switch: prev_comm=swapper/0 prev_pid=0 prev_prio=120 prev_state=R ==> next_comm=mpc_server next_pid=2806 next_prio=0
          <idle>-0     [001] d...   756.318128: sched_switch: prev_comm=swapper/1 prev_pid=0 prev_prio=120 prev_state=R ==> next_comm=mpc_ctrl next_pid=2923 next_prio=0
      mpc_server-2806  [000] d...   756.318135: sched_switch: prev_comm=mpc_server prev_pid=2806 prev_prio=0 prev_state=S ==> next_comm=swapper/0 next_pid=0 next_prio=120
        mpc_ctrl-2923  [001] d...   756.340238: sched_switch: prev_comm=mpc_ctrl prev_pid=2923 prev_prio=0 prev_state=S ==> next_comm=mpc_control2 next_pid=2909 next_prio=1
    mpc_control2-2909  [001] d...   756.340309: sched_switch: prev_comm=mpc_control2 prev_pid=2909 prev_prio=1 prev_state=R ==> next_comm=mpc_ctrl next_pid=2923 next_prio=0
        mpc_ctrl-2923  [001] d...   756.340424: sched_switch: prev_comm=mpc_ctrl prev_pid=2923 prev_prio=0 prev_state=S ==> next_comm=mpc_control2 next_pid=2909 next_prio=1
          <idle>-0     [000] d...   756.340456: sched_switch: prev_comm=swapper/0 prev_pid=0 prev_prio=120 prev_state=R ==> next_comm=mpc_server next_pid=2806 next_prio=0
          <idle>-0     [001] d...   756.351207: sched_switch: prev_comm=swapper/1 prev_pid=0 prev_prio=120 prev_state=R ==> next_comm=mpc_ctrl next_pid=2923 next_prio=0
      mpc_server-2806  [000] d...   756.351209: sched_switch: prev_comm=mpc_server prev_pid=2806 prev_prio=0 prev_state=S ==> next_comm=swapper/0 next_pid=0 next_prio=120
        mpc_ctrl-2923  [001] d...   756.374657: sched_switch: prev_comm=mpc_ctrl prev_pid=2923 prev_prio=0 prev_state=S ==> next_comm=mpc_control2 next_pid=2909 next_prio=1
    mpc_control2-2909  [001] d...   756.374728: sched_switch: prev_comm=mpc_control2 prev_pid=2909 prev_prio=1 prev_state=R ==> next_comm=mpc_ctrl next_pid=2923 next_prio=0
          <idle>-0     [000] d...   756.374872: sched_switch: prev_comm=swapper/0 prev_pid=0 prev_prio=120 prev_state=R ==> next_comm=mpc_server next_pid=2806 next_prio=0
        mpc_ctrl-2923  [001] d...   756.374876: sched_switch: prev_comm=mpc_ctrl prev_pid=2923 prev_prio=0 prev_state=S ==> next_comm=mpc_control2 next_pid=2909 next_prio=1
          <idle>-0     [001] d...   756.389117: sched_switch: prev_comm=swapper/1 prev_pid=0 prev_prio=120 prev_state=R ==> next_comm=mpc_ctrl next_pid=2923 next_prio=0
      mpc_server-2806  [000] d...   756.389121: sched_switch: prev_comm=mpc_server prev_pid=2806 prev_prio=0 prev_state=S ==> next_comm=zoom.user next_pid=2128 next_prio=120
        mpc_ctrl-2923  [001] d...   756.413335: sched_switch: prev_comm=mpc_ctrl prev_pid=2923 prev_prio=0 prev_state=S ==> next_comm=mpc_control2 next_pid=2928 next_prio=1
    mpc_control2-2909  [001] d...   756.413442: sched_switch: prev_comm=mpc_control2 prev_pid=2909 prev_prio=1 prev_state=R ==> next_comm=mpc_ctrl next_pid=2923 next_prio=0
   CrBrowserMain-2436  [000] d...   756.413547: sched_switch: prev_comm=CrBrowserMain prev_pid=2436 prev_prio=120 prev_state=R ==> next_comm=mpc_server next_pid=2806 next_prio=0
        mpc_ctrl-2923  [001] d...   756.413550: sched_switch: prev_comm=mpc_ctrl prev_pid=2923 prev_prio=0 prev_state=S ==> next_comm=mpc_control2 next_pid=2909 next_prio=1
      mpc_server-2806  [000] d...   756.425729: sched_switch: prev_comm=mpc_server prev_pid=2806 prev_prio=0 prev_state=S ==> next_comm=swapper/0 next_pid=0 next_prio=120
      pulseaudio-1479  [001] d...   756.425731: sched_switch: prev_comm=pulseaudio prev_pid=1479 prev_prio=109 prev_state=R ==> next_comm=mpc_ctrl next_pid=2923 next_prio=0
        mpc_ctrl-2923  [001] d...   756.446533: sched_switch: prev_comm=mpc_ctrl prev_pid=2923 prev_prio=0 prev_state=S ==> next_comm=mpc_control2 next_pid=2909 next_prio=1
    mpc_control2-2909  [001] d...   756.446612: sched_switch: prev_comm=mpc_control2 prev_pid=2909 prev_prio=1 prev_state=R ==> next_comm=mpc_ctrl next_pid=2923 next_prio=0
           <...>-2324  [000] d...   756.446714: sched_switch: prev_comm=MATLAB prev_pid=2324 prev_prio=120 prev_state=R ==> next_comm=mpc_server next_pid=2806 next_prio=0
        mpc_ctrl-2923  [001] d...   756.446715: sched_switch: prev_comm=mpc_ctrl prev_pid=2923 prev_prio=0 prev_state=S ==> next_comm=mpc_control2 next_pid=2909 next_prio=1
          <idle>-0     [001] d...   756.458991: sched_switch: prev_comm=swapper/1 prev_pid=0 prev_prio=120 prev_state=R ==> next_comm=mpc_ctrl next_pid=2923 next_prio=0
      mpc_server-2806  [000] d...   756.459000: sched_switch: prev_comm=mpc_server prev_pid=2806 prev_prio=0 prev_state=S ==> next_comm=swapper/0 next_pid=0 next_prio=120
        mpc_ctrl-2923  [001] d...   756.479630: sched_switch: prev_comm=mpc_ctrl prev_pid=2923 prev_prio=0 prev_state=S ==> next_comm=mpc_control2 next_pid=2909 next_prio=1
    mpc_control2-2909  [001] d...   756.479689: sched_switch: prev_comm=mpc_control2 prev_pid=2909 prev_prio=1 prev_state=R ==> next_comm=mpc_ctrl next_pid=2923 next_prio=0
          <idle>-0     [000] d...   756.479753: sched_switch: prev_comm=swapper/0 prev_pid=0 prev_prio=120 prev_state=R ==> next_comm=mpc_server next_pid=2806 next_prio=0
        mpc_ctrl-2923  [001] d...   756.479754: sched_switch: prev_comm=mpc_ctrl prev_pid=2923 prev_prio=0 prev_state=S ==> next_comm=mpc_control2 next_pid=2909 next_prio=1
          <idle>-0     [001] d...   756.491926: sched_switch: prev_comm=swapper/1 prev_pid=0 prev_prio=120 prev_state=R ==> next_comm=mpc_ctrl next_pid=2923 next_prio=0
      mpc_server-2806  [000] d...   756.491930: sched_switch: prev_comm=mpc_server prev_pid=2806 prev_prio=0 prev_state=S ==> next_comm=kworker/0:2 next_pid=305 next_prio=120
        mpc_ctrl-2923  [001] d...   756.512821: sched_switch: prev_comm=mpc_ctrl prev_pid=2923 prev_prio=0 prev_state=S ==> next_comm=mpc_control2 next_pid=2909 next_prio=1
    mpc_control2-2909  [001] d...   756.512888: sched_switch: prev_comm=mpc_control2 prev_pid=2909 prev_prio=1 prev_state=R ==> next_comm=mpc_ctrl next_pid=2923 next_prio=0
          <idle>-0     [000] d...   756.512954: sched_switch: prev_comm=swapper/0 prev_pid=0 prev_prio=120 prev_state=R ==> next_comm=mpc_server next_pid=2806 next_prio=0
        mpc_ctrl-2923  [001] d...   756.512955: sched_switch: prev_comm=mpc_ctrl prev_pid=2923 prev_prio=0 prev_state=S ==> next_comm=mpc_control2 next_pid=2909 next_prio=1
          <idle>-0     [001] d...   756.524770: sched_switch: prev_comm=swapper/1 prev_pid=0 prev_prio=120 prev_state=R ==> next_comm=mpc_ctrl next_pid=2923 next_prio=0
      mpc_server-2806  [000] d...   756.524774: sched_switch: prev_comm=mpc_server prev_pid=2806 prev_prio=0 prev_state=S ==> next_comm=swapper/0 next_pid=0 next_prio=120
        mpc_ctrl-2923  [001] d...   756.548130: sched_switch: prev_comm=mpc_ctrl prev_pid=2923 prev_prio=0 prev_state=S ==> next_comm=mpc_control2 next_pid=2909 next_prio=1
    mpc_control2-2909  [001] d...   756.548190: sched_switch: prev_comm=mpc_control2 prev_pid=2909 prev_prio=1 prev_state=R ==> next_comm=mpc_ctrl next_pid=2923 next_prio=0
            Xorg-915   [000] d...   756.548294: sched_switch: prev_comm=Xorg prev_pid=915 prev_prio=120 prev_state=R ==> next_comm=mpc_server next_pid=2806 next_prio=0
        mpc_ctrl-2923  [001] d...   756.548296: sched_switch: prev_comm=mpc_ctrl prev_pid=2923 prev_prio=0 prev_state=S ==> next_comm=mpc_control2 next_pid=2909 next_prio=1
          MATLAB-2309  [001] d...   756.561949: sched_switch: prev_comm=MATLAB prev_pid=2309 prev_prio=120 prev_state=R ==> next_comm=mpc_ctrl next_pid=2923 next_prio=0
      mpc_server-2806  [000] d...   756.561951: sched_switch: prev_comm=mpc_server prev_pid=2806 prev_prio=0 prev_state=S ==> next_comm=QThread next_pid=2095 next_prio=120
        mpc_ctrl-2923  [001] d...   756.588177: sched_switch: prev_comm=mpc_ctrl prev_pid=2923 prev_prio=0 prev_state=S ==> next_comm=mpc_control2 next_pid=2909 next_prio=1
    mpc_control2-2909  [001] d...   756.588235: sched_switch: prev_comm=mpc_control2 prev_pid=2909 prev_prio=1 prev_state=R ==> next_comm=mpc_ctrl next_pid=2923 next_prio=0
          <idle>-0     [000] d...   756.588310: sched_switch: prev_comm=swapper/0 prev_pid=0 prev_prio=120 prev_state=R ==> next_comm=mpc_server next_pid=2806 next_prio=0
        mpc_ctrl-2923  [001] d...   756.588312: sched_switch: prev_comm=mpc_ctrl prev_pid=2923 prev_prio=0 prev_state=S ==> next_comm=mpc_control2 next_pid=2909 next_prio=1
      mpc_server-2806  [000] d...   756.600561: sched_switch: prev_comm=mpc_server prev_pid=2806 prev_prio=0 prev_state=S ==> next_comm=zoom.im.index next_pid=2059 next_prio=120
          <idle>-0     [001] d...   756.600580: sched_switch: prev_comm=swapper/1 prev_pid=0 prev_prio=120 prev_state=R ==> next_comm=mpc_ctrl next_pid=2923 next_prio=0
        mpc_ctrl-2923  [001] d...   756.621464: sched_switch: prev_comm=mpc_ctrl prev_pid=2923 prev_prio=0 prev_state=S ==> next_comm=mpc_control2 next_pid=2928 next_prio=1
    mpc_control2-2909  [001] d...   756.621551: sched_switch: prev_comm=mpc_control2 prev_pid=2909 prev_prio=1 prev_state=R ==> next_comm=mpc_ctrl next_pid=2923 next_prio=0
          <idle>-0     [000] d...   756.621623: sched_switch: prev_comm=swapper/0 prev_pid=0 prev_prio=120 prev_state=R ==> next_comm=mpc_server next_pid=2806 next_prio=0
        mpc_ctrl-2923  [001] d...   756.621625: sched_switch: prev_comm=mpc_ctrl prev_pid=2923 prev_prio=0 prev_state=S ==> next_comm=mpc_control2 next_pid=2909 next_prio=1
          <idle>-0     [001] d...   756.633739: sched_switch: prev_comm=swapper/1 prev_pid=0 prev_prio=120 prev_state=R ==> next_comm=mpc_ctrl next_pid=2923 next_prio=0
      mpc_server-2806  [000] d...   756.633742: sched_switch: prev_comm=mpc_server prev_pid=2806 prev_prio=0 prev_state=S ==> next_comm=rcu_sched next_pid=11 next_prio=120
        mpc_ctrl-2923  [001] d...   756.655001: sched_switch: prev_comm=mpc_ctrl prev_pid=2923 prev_prio=0 prev_state=S ==> next_comm=mpc_control2 next_pid=2909 next_prio=1
    mpc_control2-2909  [001] d...   756.655080: sched_switch: prev_comm=mpc_control2 prev_pid=2909 prev_prio=1 prev_state=R ==> next_comm=mpc_ctrl next_pid=2923 next_prio=0
          <idle>-0     [000] d...   756.655204: sched_switch: prev_comm=swapper/0 prev_pid=0 prev_prio=120 prev_state=R ==> next_comm=mpc_server next_pid=2806 next_prio=0
        mpc_ctrl-2923  [001] d...   756.655207: sched_switch: prev_comm=mpc_ctrl prev_pid=2923 prev_prio=0 prev_state=S ==> next_comm=mpc_control2 next_pid=2909 next_prio=1
      mpc_server-2806  [000] d...   756.667218: sched_switch: prev_comm=mpc_server prev_pid=2806 prev_prio=0 prev_state=S ==> next_comm=swapper/0 next_pid=0 next_prio=120
          <idle>-0     [001] d...   756.667242: sched_switch: prev_comm=swapper/1 prev_pid=0 prev_prio=120 prev_state=R ==> next_comm=mpc_ctrl next_pid=2923 next_prio=0
        mpc_ctrl-2923  [001] d...   756.688176: sched_switch: prev_comm=mpc_ctrl prev_pid=2923 prev_prio=0 prev_state=S ==> next_comm=mpc_control2 next_pid=2909 next_prio=1
    mpc_control2-2909  [001] d...   756.688242: sched_switch: prev_comm=mpc_control2 prev_pid=2909 prev_prio=1 prev_state=R ==> next_comm=mpc_ctrl next_pid=2923 next_prio=0
        mpc_ctrl-2923  [001] d...   756.688323: sched_switch: prev_comm=mpc_ctrl prev_pid=2923 prev_prio=0 prev_state=S ==> next_comm=mpc_control2 next_pid=2909 next_prio=1
          <idle>-0     [000] d...   756.688352: sched_switch: prev_comm=swapper/0 prev_pid=0 prev_prio=120 prev_state=R ==> next_comm=mpc_server next_pid=2806 next_prio=0
          MATLAB-2333  [001] d...   756.700092: sched_switch: prev_comm=MATLAB prev_pid=2333 prev_prio=120 prev_state=R ==> next_comm=mpc_ctrl next_pid=2923 next_prio=0
      mpc_server-2806  [000] d...   756.700094: sched_switch: prev_comm=mpc_server prev_pid=2806 prev_prio=0 prev_state=S ==> next_comm=rcu_sched next_pid=11 next_prio=120
        mpc_ctrl-2923  [001] d...   756.724248: sched_switch: prev_comm=mpc_ctrl prev_pid=2923 prev_prio=0 prev_state=S ==> next_comm=mpc_control2 next_pid=2928 next_prio=1
    mpc_control2-2909  [001] d...   756.724353: sched_switch: prev_comm=mpc_control2 prev_pid=2909 prev_prio=1 prev_state=R ==> next_comm=mpc_ctrl next_pid=2923 next_prio=0
          <idle>-0     [000] d...   756.724485: sched_switch: prev_comm=swapper/0 prev_pid=0 prev_prio=120 prev_state=R ==> next_comm=mpc_server next_pid=2806 next_prio=0
        mpc_ctrl-2923  [001] d...   756.724489: sched_switch: prev_comm=mpc_ctrl prev_pid=2923 prev_prio=0 prev_state=S ==> next_comm=mpc_control2 next_pid=2909 next_prio=1
           <...>-2361  [001] d...   756.736713: sched_switch: prev_comm=MATLAB prev_pid=2361 prev_prio=120 prev_state=R ==> next_comm=mpc_ctrl next_pid=2923 next_prio=0
      mpc_server-2806  [000] d...   756.736716: sched_switch: prev_comm=mpc_server prev_pid=2806 prev_prio=0 prev_state=S ==> next_comm=Xorg next_pid=915 next_prio=120
        mpc_ctrl-2923  [001] d...   756.762088: sched_switch: prev_comm=mpc_ctrl prev_pid=2923 prev_prio=0 prev_state=S ==> next_comm=mpc_control2 next_pid=2909 next_prio=1
    mpc_control2-2909  [001] d...   756.762153: sched_switch: prev_comm=mpc_control2 prev_pid=2909 prev_prio=1 prev_state=R ==> next_comm=mpc_ctrl next_pid=2923 next_prio=0
          MATLAB-2334  [000] d...   756.762285: sched_switch: prev_comm=MATLAB prev_pid=2334 prev_prio=120 prev_state=R ==> next_comm=mpc_server next_pid=2806 next_prio=0
        mpc_ctrl-2923  [001] d...   756.762286: sched_switch: prev_comm=mpc_ctrl prev_pid=2923 prev_prio=0 prev_state=S ==> next_comm=mpc_control2 next_pid=2909 next_prio=1
          MATLAB-2345  [001] d...   756.775585: sched_switch: prev_comm=MATLAB prev_pid=2345 prev_prio=120 prev_state=R ==> next_comm=mpc_ctrl next_pid=2923 next_prio=0
      mpc_server-2806  [000] d...   756.775587: sched_switch: prev_comm=mpc_server prev_pid=2806 prev_prio=0 prev_state=S ==> next_comm=QThread next_pid=2095 next_prio=120
        mpc_ctrl-2923  [001] d...   756.798717: sched_switch: prev_comm=mpc_ctrl prev_pid=2923 prev_prio=0 prev_state=S ==> next_comm=mpc_control2 next_pid=2909 next_prio=1
    mpc_control2-2909  [001] d...   756.798775: sched_switch: prev_comm=mpc_control2 prev_pid=2909 prev_prio=1 prev_state=R ==> next_comm=mpc_ctrl next_pid=2923 next_prio=0
          <idle>-0     [000] d...   756.798851: sched_switch: prev_comm=swapper/0 prev_pid=0 prev_prio=120 prev_state=R ==> next_comm=mpc_server next_pid=2806 next_prio=0
        mpc_ctrl-2923  [001] d...   756.798853: sched_switch: prev_comm=mpc_ctrl prev_pid=2923 prev_prio=0 prev_state=S ==> next_comm=mpc_control2 next_pid=2909 next_prio=1
          MATLAB-2345  [001] d...   756.811867: sched_switch: prev_comm=MATLAB prev_pid=2345 prev_prio=120 prev_state=R ==> next_comm=mpc_ctrl next_pid=2923 next_prio=0
      mpc_server-2806  [000] d...   756.811869: sched_switch: prev_comm=mpc_server prev_pid=2806 prev_prio=0 prev_state=S ==> next_comm=swapper/0 next_pid=0 next_prio=120
        mpc_ctrl-2923  [001] d...   756.833561: sched_switch: prev_comm=mpc_ctrl prev_pid=2923 prev_prio=0 prev_state=S ==> next_comm=mpc_control2 next_pid=2928 next_prio=1
    mpc_control2-2909  [001] d...   756.833649: sched_switch: prev_comm=mpc_control2 prev_pid=2909 prev_prio=1 prev_state=R ==> next_comm=mpc_ctrl next_pid=2923 next_prio=0
          <idle>-0     [000] d...   756.833721: sched_switch: prev_comm=swapper/0 prev_pid=0 prev_prio=120 prev_state=R ==> next_comm=mpc_server next_pid=2806 next_prio=0
        mpc_ctrl-2923  [001] d...   756.833723: sched_switch: prev_comm=mpc_ctrl prev_pid=2923 prev_prio=0 prev_state=S ==> next_comm=mpc_control2 next_pid=2909 next_prio=1
      mpc_server-2806  [000] d...   756.846111: sched_switch: prev_comm=mpc_server prev_pid=2806 prev_prio=0 prev_state=S ==> next_comm=swapper/0 next_pid=0 next_prio=120
          <idle>-0     [001] d...   756.846141: sched_switch: prev_comm=swapper/1 prev_pid=0 prev_prio=120 prev_state=R ==> next_comm=mpc_ctrl next_pid=2923 next_prio=0
        mpc_ctrl-2923  [001] d...   756.867291: sched_switch: prev_comm=mpc_ctrl prev_pid=2923 prev_prio=0 prev_state=S ==> next_comm=mpc_control2 next_pid=2909 next_prio=1
    mpc_control2-2909  [001] d...   756.867348: sched_switch: prev_comm=mpc_control2 prev_pid=2909 prev_prio=1 prev_state=R ==> next_comm=mpc_ctrl next_pid=2923 next_prio=0
          MATLAB-2345  [000] d...   756.867411: sched_switch: prev_comm=MATLAB prev_pid=2345 prev_prio=120 prev_state=R ==> next_comm=mpc_server next_pid=2806 next_prio=0
        mpc_ctrl-2923  [001] d...   756.867412: sched_switch: prev_comm=mpc_ctrl prev_pid=2923 prev_prio=0 prev_state=S ==> next_comm=mpc_control2 next_pid=2909 next_prio=1
          <idle>-0     [001] d...   756.878946: sched_switch: prev_comm=swapper/1 prev_pid=0 prev_prio=120 prev_state=R ==> next_comm=mpc_ctrl next_pid=2923 next_prio=0
      mpc_server-2806  [000] d...   756.878949: sched_switch: prev_comm=mpc_server prev_pid=2806 prev_prio=0 prev_state=S ==> next_comm=zoom next_pid=2025 next_prio=120
        mpc_ctrl-2923  [001] d...   756.905333: sched_switch: prev_comm=mpc_ctrl prev_pid=2923 prev_prio=0 prev_state=S ==> next_comm=mpc_control2 next_pid=2909 next_prio=1
    mpc_control2-2909  [001] d...   756.905410: sched_switch: prev_comm=mpc_control2 prev_pid=2909 prev_prio=1 prev_state=R ==> next_comm=mpc_ctrl next_pid=2923 next_prio=0
          <idle>-0     [000] d...   756.905555: sched_switch: prev_comm=swapper/0 prev_pid=0 prev_prio=120 prev_state=R ==> next_comm=mpc_server next_pid=2806 next_prio=0
        mpc_ctrl-2923  [001] d...   756.905558: sched_switch: prev_comm=mpc_ctrl prev_pid=2923 prev_prio=0 prev_state=S ==> next_comm=mpc_control2 next_pid=2909 next_prio=1
          <idle>-0     [001] d...   756.920499: sched_switch: prev_comm=swapper/1 prev_pid=0 prev_prio=120 prev_state=R ==> next_comm=mpc_ctrl next_pid=2923 next_prio=0
      mpc_server-2806  [000] d...   756.920502: sched_switch: prev_comm=mpc_server prev_pid=2806 prev_prio=0 prev_state=S ==> next_comm=Chrome_ChildIOT next_pid=2477 next_prio=120
        mpc_ctrl-2923  [001] d...   756.946060: sched_switch: prev_comm=mpc_ctrl prev_pid=2923 prev_prio=0 prev_state=S ==> next_comm=mpc_control2 next_pid=2928 next_prio=1
    mpc_control2-2909  [001] d...   756.946155: sched_switch: prev_comm=mpc_control2 prev_pid=2909 prev_prio=1 prev_state=R ==> next_comm=mpc_ctrl next_pid=2923 next_prio=0
          <idle>-0     [000] d...   756.946225: sched_switch: prev_comm=swapper/0 prev_pid=0 prev_prio=120 prev_state=R ==> next_comm=mpc_server next_pid=2806 next_prio=0
        mpc_ctrl-2923  [001] d...   756.946227: sched_switch: prev_comm=mpc_ctrl prev_pid=2923 prev_prio=0 prev_state=S ==> next_comm=mpc_control2 next_pid=2909 next_prio=1
          <idle>-0     [001] d...   756.958103: sched_switch: prev_comm=swapper/1 prev_pid=0 prev_prio=120 prev_state=R ==> next_comm=mpc_ctrl next_pid=2923 next_prio=0
      mpc_server-2806  [000] d...   756.958108: sched_switch: prev_comm=mpc_server prev_pid=2806 prev_prio=0 prev_state=S ==> next_comm=JS Watchdog next_pid=1930 next_prio=120
        mpc_ctrl-2923  [001] d...   756.978777: sched_switch: prev_comm=mpc_ctrl prev_pid=2923 prev_prio=0 prev_state=S ==> next_comm=mpc_control2 next_pid=2909 next_prio=1
    mpc_control2-2909  [001] d...   756.978842: sched_switch: prev_comm=mpc_control2 prev_pid=2909 prev_prio=1 prev_state=R ==> next_comm=mpc_ctrl next_pid=2923 next_prio=0
          <idle>-0     [000] d...   756.978914: sched_switch: prev_comm=swapper/0 prev_pid=0 prev_prio=120 prev_state=R ==> next_comm=mpc_server next_pid=2806 next_prio=0
        mpc_ctrl-2923  [001] d...   756.978917: sched_switch: prev_comm=mpc_ctrl prev_pid=2923 prev_prio=0 prev_state=S ==> next_comm=mpc_control2 next_pid=2909 next_prio=1
           <...>-18    [001] d...   756.991049: sched_switch: prev_comm=ksoftirqd/1 prev_pid=18 prev_prio=120 prev_state=S ==> next_comm=mpc_ctrl next_pid=2923 next_prio=0
      mpc_server-2806  [000] d...   756.991053: sched_switch: prev_comm=mpc_server prev_pid=2806 prev_prio=0 prev_state=S ==> next_comm=swapper/0 next_pid=0 next_prio=120
        mpc_ctrl-2923  [001] d...   757.013058: sched_switch: prev_comm=mpc_ctrl prev_pid=2923 prev_prio=0 prev_state=S ==> next_comm=mpc_control2 next_pid=2909 next_prio=1
    mpc_control2-2909  [001] d...   757.013131: sched_switch: prev_comm=mpc_control2 prev_pid=2909 prev_prio=1 prev_state=R ==> next_comm=mpc_ctrl next_pid=2923 next_prio=0
          <idle>-0     [000] d...   757.013227: sched_switch: prev_comm=swapper/0 prev_pid=0 prev_prio=120 prev_state=R ==> next_comm=mpc_server next_pid=2806 next_prio=0
        mpc_ctrl-2923  [001] d...   757.013230: sched_switch: prev_comm=mpc_ctrl prev_pid=2923 prev_prio=0 prev_state=S ==> next_comm=mpc_control2 next_pid=2909 next_prio=1
          <idle>-0     [001] d...   757.024310: sched_switch: prev_comm=swapper/1 prev_pid=0 prev_prio=120 prev_state=R ==> next_comm=mpc_ctrl next_pid=2923 next_prio=0
      mpc_server-2806  [000] d...   757.024312: sched_switch: prev_comm=mpc_server prev_pid=2806 prev_prio=0 prev_state=S ==> next_comm=swapper/0 next_pid=0 next_prio=120
        mpc_ctrl-2923  [001] d...   757.046663: sched_switch: prev_comm=mpc_ctrl prev_pid=2923 prev_prio=0 prev_state=S ==> next_comm=mpc_control2 next_pid=2928 next_prio=1
    mpc_control2-2909  [001] d...   757.046759: sched_switch: prev_comm=mpc_control2 prev_pid=2909 prev_prio=1 prev_state=R ==> next_comm=mpc_ctrl next_pid=2923 next_prio=0
  capture thread-2187  [000] d...   757.046848: sched_switch: prev_comm=capture thread prev_pid=2187 prev_prio=120 prev_state=R ==> next_comm=mpc_server next_pid=2806 next_prio=0
        mpc_ctrl-2923  [001] d...   757.046851: sched_switch: prev_comm=mpc_ctrl prev_pid=2923 prev_prio=0 prev_state=S ==> next_comm=mpc_control2 next_pid=2909 next_prio=1
            Xorg-915   [001] d...   757.059284: sched_switch: prev_comm=Xorg prev_pid=915 prev_prio=120 prev_state=R ==> next_comm=mpc_ctrl next_pid=2923 next_prio=0
      mpc_server-2806  [000] d...   757.059286: sched_switch: prev_comm=mpc_server prev_pid=2806 prev_prio=0 prev_state=S ==> next_comm=zoom.timer.do next_pid=2055 next_prio=120
        mpc_ctrl-2923  [001] d...   757.084631: sched_switch: prev_comm=mpc_ctrl prev_pid=2923 prev_prio=0 prev_state=S ==> next_comm=mpc_control2 next_pid=2909 next_prio=1
    mpc_control2-2909  [001] d...   757.084704: sched_switch: prev_comm=mpc_control2 prev_pid=2909 prev_prio=1 prev_state=R ==> next_comm=mpc_ctrl next_pid=2923 next_prio=0
          <idle>-0     [000] d...   757.084808: sched_switch: prev_comm=swapper/0 prev_pid=0 prev_prio=120 prev_state=R ==> next_comm=mpc_server next_pid=2806 next_prio=0
        mpc_ctrl-2923  [001] d...   757.084811: sched_switch: prev_comm=mpc_ctrl prev_pid=2923 prev_prio=0 prev_state=S ==> next_comm=mpc_control2 next_pid=2909 next_prio=1
          <idle>-0     [001] d...   757.095725: sched_switch: prev_comm=swapper/1 prev_pid=0 prev_prio=120 prev_state=R ==> next_comm=mpc_ctrl next_pid=2923 next_prio=0
      mpc_server-2806  [000] d...   757.095727: sched_switch: prev_comm=mpc_server prev_pid=2806 prev_prio=0 prev_state=S ==> next_comm=swapper/0 next_pid=0 next_prio=120
        mpc_ctrl-2923  [001] d...   757.117882: sched_switch: prev_comm=mpc_ctrl prev_pid=2923 prev_prio=0 prev_state=S ==> next_comm=mpc_control2 next_pid=2909 next_prio=1
    mpc_control2-2909  [001] d...   757.117944: sched_switch: prev_comm=mpc_control2 prev_pid=2909 prev_prio=1 prev_state=R ==> next_comm=mpc_ctrl next_pid=2923 next_prio=0
          <idle>-0     [000] d...   757.118017: sched_switch: prev_comm=swapper/0 prev_pid=0 prev_prio=120 prev_state=R ==> next_comm=mpc_server next_pid=2806 next_prio=0
        mpc_ctrl-2923  [001] d...   757.118019: sched_switch: prev_comm=mpc_ctrl prev_pid=2923 prev_prio=0 prev_state=S ==> next_comm=mpc_control2 next_pid=2909 next_prio=1
      mpc_server-2806  [000] d...   757.129832: sched_switch: prev_comm=mpc_server prev_pid=2806 prev_prio=0 prev_state=S ==> next_comm=swapper/0 next_pid=0 next_prio=120
          <idle>-0     [001] d...   757.129850: sched_switch: prev_comm=swapper/1 prev_pid=0 prev_prio=120 prev_state=R ==> next_comm=mpc_ctrl next_pid=2923 next_prio=0
        mpc_ctrl-2923  [001] d...   757.151969: sched_switch: prev_comm=mpc_ctrl prev_pid=2923 prev_prio=0 prev_state=S ==> next_comm=mpc_control2 next_pid=2928 next_prio=1
    mpc_control2-2909  [001] d...   757.152058: sched_switch: prev_comm=mpc_control2 prev_pid=2909 prev_prio=1 prev_state=R ==> next_comm=mpc_ctrl next_pid=2923 next_prio=0
          <idle>-0     [000] d...   757.152127: sched_switch: prev_comm=swapper/0 prev_pid=0 prev_prio=120 prev_state=R ==> next_comm=mpc_server next_pid=2806 next_prio=0
        mpc_ctrl-2923  [001] d...   757.152130: sched_switch: prev_comm=mpc_ctrl prev_pid=2923 prev_prio=0 prev_state=S ==> next_comm=mpc_control2 next_pid=2909 next_prio=1
      mpc_server-2806  [000] d...   757.164272: sched_switch: prev_comm=mpc_server prev_pid=2806 prev_prio=0 prev_state=S ==> next_comm=swapper/0 next_pid=0 next_prio=120
          <idle>-0     [001] d...   757.164291: sched_switch: prev_comm=swapper/1 prev_pid=0 prev_prio=120 prev_state=R ==> next_comm=mpc_ctrl next_pid=2923 next_prio=0
        mpc_ctrl-2923  [001] d...   757.184598: sched_switch: prev_comm=mpc_ctrl prev_pid=2923 prev_prio=0 prev_state=S ==> next_comm=mpc_control2 next_pid=2909 next_prio=1
    mpc_control2-2909  [001] d...   757.184654: sched_switch: prev_comm=mpc_control2 prev_pid=2909 prev_prio=1 prev_state=R ==> next_comm=mpc_ctrl next_pid=2923 next_prio=0
          <idle>-0     [000] d...   757.184716: sched_switch: prev_comm=swapper/0 prev_pid=0 prev_prio=120 prev_state=R ==> next_comm=mpc_server next_pid=2806 next_prio=0
        mpc_ctrl-2923  [001] d...   757.184717: sched_switch: prev_comm=mpc_ctrl prev_pid=2923 prev_prio=0 prev_state=S ==> next_comm=mpc_control2 next_pid=2909 next_prio=1
      mpc_server-2806  [000] d...   757.196513: sched_switch: prev_comm=mpc_server prev_pid=2806 prev_prio=0 prev_state=S ==> next_comm=swapper/0 next_pid=0 next_prio=120
          <idle>-0     [001] d...   757.196540: sched_switch: prev_comm=swapper/1 prev_pid=0 prev_prio=120 prev_state=R ==> next_comm=mpc_ctrl next_pid=2923 next_prio=0
        mpc_ctrl-2923  [001] d...   757.221698: sched_switch: prev_comm=mpc_ctrl prev_pid=2923 prev_prio=0 prev_state=S ==> next_comm=mpc_control2 next_pid=2909 next_prio=1
    mpc_control2-2909  [001] d...   757.221786: sched_switch: prev_comm=mpc_control2 prev_pid=2909 prev_prio=1 prev_state=R ==> next_comm=mpc_ctrl next_pid=2923 next_prio=0
          <idle>-0     [000] d...   757.221952: sched_switch: prev_comm=swapper/0 prev_pid=0 prev_prio=120 prev_state=R ==> next_comm=mpc_server next_pid=2806 next_prio=0
        mpc_ctrl-2923  [001] d...   757.221956: sched_switch: prev_comm=mpc_ctrl prev_pid=2923 prev_prio=0 prev_state=S ==> next_comm=mpc_control2 next_pid=2909 next_prio=1
  capture thread-2187  [001] d...   757.235547: sched_switch: prev_comm=capture thread prev_pid=2187 prev_prio=120 prev_state=R ==> next_comm=mpc_ctrl next_pid=2923 next_prio=0
      mpc_server-2806  [000] d...   757.235550: sched_switch: prev_comm=mpc_server prev_pid=2806 prev_prio=0 prev_state=S ==> next_comm=Chrome_ChildIOT next_pid=2477 next_prio=120
        mpc_ctrl-2923  [001] d...   757.256615: sched_switch: prev_comm=mpc_ctrl prev_pid=2923 prev_prio=0 prev_state=S ==> next_comm=mpc_control2 next_pid=2928 next_prio=1
    mpc_control2-2909  [001] d...   757.256701: sched_switch: prev_comm=mpc_control2 prev_pid=2909 prev_prio=1 prev_state=R ==> next_comm=mpc_ctrl next_pid=2923 next_prio=0
          <idle>-0     [000] d...   757.256772: sched_switch: prev_comm=swapper/0 prev_pid=0 prev_prio=120 prev_state=R ==> next_comm=mpc_server next_pid=2806 next_prio=0
        mpc_ctrl-2923  [001] d...   757.256774: sched_switch: prev_comm=mpc_ctrl prev_pid=2923 prev_prio=0 prev_state=S ==> next_comm=mpc_control2 next_pid=2909 next_prio=1
      mpc_server-2806  [000] d...   757.268792: sched_switch: prev_comm=mpc_server prev_pid=2806 prev_prio=0 prev_state=S ==> next_comm=swapper/0 next_pid=0 next_prio=120
          <idle>-0     [001] d...   757.268820: sched_switch: prev_comm=swapper/1 prev_pid=0 prev_prio=120 prev_state=R ==> next_comm=mpc_ctrl next_pid=2923 next_prio=0
        mpc_ctrl-2923  [001] d...   757.288860: sched_switch: prev_comm=mpc_ctrl prev_pid=2923 prev_prio=0 prev_state=S ==> next_comm=mpc_control2 next_pid=2909 next_prio=1
    mpc_control2-2909  [001] d...   757.288919: sched_switch: prev_comm=mpc_control2 prev_pid=2909 prev_prio=1 prev_state=R ==> next_comm=mpc_ctrl next_pid=2923 next_prio=0
