          MATLAB-2309  [001] d...   758.944918: sched_switch: prev_comm=MATLAB prev_pid=2309 prev_prio=120 prev_state=R ==> next_comm=mpc_ctrl next_pid=2923 next_prio=0
      mpc_server-2806  [000] d...   758.944922: sched_switch: prev_comm=mpc_server prev_pid=2806 prev_prio=0 prev_state=S ==> next_comm=zoom.network next_pid=2129 next_prio=120
        mpc_ctrl-2923  [001] d...   758.970171: sched_switch: prev_comm=mpc_ctrl prev_pid=2923 prev_prio=0 prev_state=S ==> next_comm=mpc_control2 next_pid=2909 next_prio=1
    mpc_control2-2909  [001] d...   758.970254: sched_switch: prev_comm=mpc_control2 prev_pid=2909 prev_prio=1 prev_state=R ==> next_comm=mpc_ctrl next_pid=2923 next_prio=0
          <idle>-0     [000] d...   758.970347: sched_switch: prev_comm=swapper/0 prev_pid=0 prev_prio=120 prev_state=R ==> next_comm=mpc_server next_pid=2806 next_prio=0
        mpc_ctrl-2923  [001] d...   758.970349: sched_switch: prev_comm=mpc_ctrl prev_pid=2923 prev_prio=0 prev_state=S ==> next_comm=mpc_control2 next_pid=2909 next_prio=1
          MATLAB-2322  [001] d...   758.982908: sched_switch: prev_comm=MATLAB prev_pid=2322 prev_prio=120 prev_state=R ==> next_comm=mpc_ctrl next_pid=2923 next_prio=0
      mpc_server-2806  [000] d...   758.982912: sched_switch: prev_comm=mpc_server prev_pid=2806 prev_prio=0 prev_state=S ==> next_comm=MATLAB next_pid=2960 next_prio=120
        mpc_ctrl-2923  [001] d...   759.005879: sched_switch: prev_comm=mpc_ctrl prev_pid=2923 prev_prio=0 prev_state=S ==> next_comm=mpc_control2 next_pid=2929 next_prio=1
    mpc_control2-2909  [001] d...   759.005979: sched_switch: prev_comm=mpc_control2 prev_pid=2909 prev_prio=1 prev_state=R ==> next_comm=mpc_ctrl next_pid=2923 next_prio=0
          MATLAB-2322  [000] d...   759.006084: sched_switch: prev_comm=MATLAB prev_pid=2322 prev_prio=120 prev_state=R ==> next_comm=mpc_server next_pid=2806 next_prio=0
        mpc_ctrl-2923  [001] d...   759.006085: sched_switch: prev_comm=mpc_ctrl prev_pid=2923 prev_prio=0 prev_state=S ==> next_comm=mpc_control2 next_pid=2909 next_prio=1
            zoom-2025  [001] d...   759.018201: sched_switch: prev_comm=zoom prev_pid=2025 prev_prio=120 prev_state=R ==> next_comm=mpc_ctrl next_pid=2923 next_prio=0
      mpc_server-2806  [000] d...   759.018206: sched_switch: prev_comm=mpc_server prev_pid=2806 prev_prio=0 prev_state=S ==> next_comm=QThread next_pid=2095 next_prio=120
        mpc_ctrl-2923  [001] d...   759.039888: sched_switch: prev_comm=mpc_ctrl prev_pid=2923 prev_prio=0 prev_state=S ==> next_comm=mpc_control2 next_pid=2909 next_prio=1
    mpc_control2-2909  [001] d...   759.039959: sched_switch: prev_comm=mpc_control2 prev_pid=2909 prev_prio=1 prev_state=R ==> next_comm=mpc_ctrl next_pid=2923 next_prio=0
        mpc_ctrl-2923  [001] d...   759.040047: sched_switch: prev_comm=mpc_ctrl prev_pid=2923 prev_prio=0 prev_state=S ==> next_comm=mpc_control2 next_pid=2909 next_prio=1
          <idle>-0     [000] d...   759.040087: sched_switch: prev_comm=swapper/0 prev_pid=0 prev_prio=120 prev_state=R ==> next_comm=mpc_server next_pid=2806 next_prio=0
          <idle>-0     [001] d...   759.051332: sched_switch: prev_comm=swapper/1 prev_pid=0 prev_prio=120 prev_state=R ==> next_comm=mpc_ctrl next_pid=2923 next_prio=0
      mpc_server-2806  [000] d...   759.051337: sched_switch: prev_comm=mpc_server prev_pid=2806 prev_prio=0 prev_state=S ==> next_comm=swapper/0 next_pid=0 next_prio=120
        mpc_ctrl-2923  [001] d...   759.072975: sched_switch: prev_comm=mpc_ctrl prev_pid=2923 prev_prio=0 prev_state=S ==> next_comm=mpc_control2 next_pid=2909 next_prio=1
    mpc_control2-2909  [001] d...   759.073038: sched_switch: prev_comm=mpc_control2 prev_pid=2909 prev_prio=1 prev_state=R ==> next_comm=mpc_ctrl next_pid=2923 next_prio=0
          <idle>-0     [000] d...   759.073113: sched_switch: prev_comm=swapper/0 prev_pid=0 prev_prio=120 prev_state=R ==> next_comm=mpc_server next_pid=2806 next_prio=0
        mpc_ctrl-2923  [001] d...   759.073115: sched_switch: prev_comm=mpc_ctrl prev_pid=2923 prev_prio=0 prev_state=S ==> next_comm=mpc_control2 next_pid=2909 next_prio=1
      mpc_server-2806  [000] d...   759.083412: sched_switch: prev_comm=mpc_server prev_pid=2806 prev_prio=0 prev_state=S ==> next_comm=swapper/0 next_pid=0 next_prio=120
          <idle>-0     [001] d...   759.083413: sched_switch: prev_comm=swapper/1 prev_pid=0 prev_prio=120 prev_state=R ==> next_comm=mpc_ctrl next_pid=2923 next_prio=0
        mpc_ctrl-2923  [001] d...   759.106680: sched_switch: prev_comm=mpc_ctrl prev_pid=2923 prev_prio=0 prev_state=S ==> next_comm=mpc_control2 next_pid=2929 next_prio=1
    mpc_control2-2909  [001] d...   759.106782: sched_switch: prev_comm=mpc_control2 prev_pid=2909 prev_prio=1 prev_state=R ==> next_comm=mpc_ctrl next_pid=2923 next_prio=0
          <idle>-0     [000] d...   759.106904: sched_switch: prev_comm=swapper/0 prev_pid=0 prev_prio=120 prev_state=R ==> next_comm=mpc_server next_pid=2806 next_prio=0
        mpc_ctrl-2923  [001] d...   759.106907: sched_switch: prev_comm=mpc_ctrl prev_pid=2923 prev_prio=0 prev_state=S ==> next_comm=mpc_control2 next_pid=2909 next_prio=1
          MATLAB-2309  [001] d...   759.121278: sched_switch: prev_comm=MATLAB prev_pid=2309 prev_prio=120 prev_state=R ==> next_comm=mpc_ctrl next_pid=2923 next_prio=0
      mpc_server-2806  [000] d...   759.121280: sched_switch: prev_comm=mpc_server prev_pid=2806 prev_prio=0 prev_state=S ==> next_comm=Chrome_IOThread next_pid=2456 next_prio=120
        mpc_ctrl-2923  [001] d...   759.143132: sched_switch: prev_comm=mpc_ctrl prev_pid=2923 prev_prio=0 prev_state=S ==> next_comm=mpc_control2 next_pid=2909 next_prio=1
    mpc_control2-2909  [001] d...   759.143214: sched_switch: prev_comm=mpc_control2 prev_pid=2909 prev_prio=1 prev_state=R ==> next_comm=mpc_ctrl next_pid=2923 next_prio=0
          MATLAB-2322  [000] d...   759.143331: sched_switch: prev_comm=MATLAB prev_pid=2322 prev_prio=120 prev_state=R ==> next_comm=mpc_server next_pid=2806 next_prio=0
        mpc_ctrl-2923  [001] d...   759.143334: sched_switch: prev_comm=mpc_ctrl prev_pid=2923 prev_prio=0 prev_state=S ==> next_comm=mpc_control2 next_pid=2909 next_prio=1
          MATLAB-2309  [001] d...   759.155107: sched_switch: prev_comm=MATLAB prev_pid=2309 prev_prio=120 prev_state=R ==> next_comm=mpc_ctrl next_pid=2923 next_prio=0
      mpc_server-2806  [000] d...   759.155110: sched_switch: prev_comm=mpc_server prev_pid=2806 prev_prio=0 prev_state=S ==> next_comm=QThread next_pid=2095 next_prio=120
        mpc_ctrl-2923  [001] d...   759.175687: sched_switch: prev_comm=mpc_ctrl prev_pid=2923 prev_prio=0 prev_state=S ==> next_comm=mpc_control2 next_pid=2909 next_prio=1
    mpc_control2-2909  [001] d...   759.175750: sched_switch: prev_comm=mpc_control2 prev_pid=2909 prev_prio=1 prev_state=R ==> next_comm=mpc_ctrl next_pid=2923 next_prio=0
          <idle>-0     [000] d...   759.175821: sched_switch: prev_comm=swapper/0 prev_pid=0 prev_prio=120 prev_state=R ==> next_comm=mpc_server next_pid=2806 next_prio=0
        mpc_ctrl-2923  [001] d...   759.175822: sched_switch: prev_comm=mpc_ctrl prev_pid=2923 prev_prio=0 prev_state=S ==> next_comm=mpc_control2 next_pid=2909 next_prio=1
          <idle>-0     [001] d...   759.187057: sched_switch: prev_comm=swapper/1 prev_pid=0 prev_prio=120 prev_state=R ==> next_comm=mpc_ctrl next_pid=2923 next_prio=0
      mpc_server-2806  [000] d...   759.187060: sched_switch: prev_comm=mpc_server prev_pid=2806 prev_prio=0 prev_state=S ==> next_comm=zoom.db next_pid=2058 next_prio=120
        mpc_ctrl-2923  [001] d...   759.208884: sched_switch: prev_comm=mpc_ctrl prev_pid=2923 prev_prio=0 prev_state=S ==> next_comm=mpc_control2 next_pid=2929 next_prio=1
    mpc_control2-2909  [001] d...   759.208983: sched_switch: prev_comm=mpc_control2 prev_pid=2909 prev_prio=1 prev_state=R ==> next_comm=mpc_ctrl next_pid=2923 next_prio=0
        mpc_ctrl-2923  [001] d...   759.209071: sched_switch: prev_comm=mpc_ctrl prev_pid=2923 prev_prio=0 prev_state=S ==> next_comm=mpc_control2 next_pid=2909 next_prio=1
          <idle>-0     [000] d...   759.209090: sched_switch: prev_comm=swapper/0 prev_pid=0 prev_prio=120 prev_state=R ==> next_comm=mpc_server next_pid=2806 next_prio=0
 webrtc_audio_mo-2091  [001] d...   759.219559: sched_switch: prev_comm=webrtc_audio_mo prev_pid=2091 prev_prio=120 prev_state=R ==> next_comm=mpc_ctrl next_pid=2923 next_prio=0
      mpc_server-2806  [000] d...   759.219567: sched_switch: prev_comm=mpc_server prev_pid=2806 prev_prio=0 prev_state=S ==> next_comm=jcef_helper next_pid=2543 next_prio=120
        mpc_ctrl-2923  [001] d...   759.241146: sched_switch: prev_comm=mpc_ctrl prev_pid=2923 prev_prio=0 prev_state=S ==> next_comm=mpc_control2 next_pid=2909 next_prio=1
    mpc_control2-2909  [001] d...   759.241216: sched_switch: prev_comm=mpc_control2 prev_pid=2909 prev_prio=1 prev_state=R ==> next_comm=mpc_ctrl next_pid=2923 next_prio=0
        mpc_ctrl-2923  [001] d...   759.241305: sched_switch: prev_comm=mpc_ctrl prev_pid=2923 prev_prio=0 prev_state=S ==> next_comm=mpc_control2 next_pid=2909 next_prio=1
          <idle>-0     [000] d...   759.241336: sched_switch: prev_comm=swapper/0 prev_pid=0 prev_prio=120 prev_state=R ==> next_comm=mpc_server next_pid=2806 next_prio=0
          <idle>-0     [001] d...   759.251618: sched_switch: prev_comm=swapper/1 prev_pid=0 prev_prio=120 prev_state=R ==> next_comm=mpc_ctrl next_pid=2923 next_prio=0
      mpc_server-2806  [000] d...   759.251620: sched_switch: prev_comm=mpc_server prev_pid=2806 prev_prio=0 prev_state=S ==> next_comm=swapper/0 next_pid=0 next_prio=120
        mpc_ctrl-2923  [001] d...   759.276220: sched_switch: prev_comm=mpc_ctrl prev_pid=2923 prev_prio=0 prev_state=S ==> next_comm=mpc_control2 next_pid=2909 next_prio=1
    mpc_control2-2909  [001] d...   759.276297: sched_switch: prev_comm=mpc_control2 prev_pid=2909 prev_prio=1 prev_state=R ==> next_comm=mpc_ctrl next_pid=2923 next_prio=0
     jcef_helper-2543  [000] d...   759.276384: sched_switch: prev_comm=jcef_helper prev_pid=2543 prev_prio=120 prev_state=R ==> next_comm=mpc_server next_pid=2806 next_prio=0
        mpc_ctrl-2923  [001] d...   759.276386: sched_switch: prev_comm=mpc_ctrl prev_pid=2923 prev_prio=0 prev_state=S ==> next_comm=mpc_control2 next_pid=2909 next_prio=1
          <idle>-0     [001] d...   759.289785: sched_switch: prev_comm=swapper/1 prev_pid=0 prev_prio=120 prev_state=R ==> next_comm=mpc_ctrl next_pid=2923 next_prio=0
      mpc_server-2806  [000] d...   759.289789: sched_switch: prev_comm=mpc_server prev_pid=2806 prev_prio=0 prev_state=S ==> next_comm=webrtc_audio_mo next_pid=2092 next_prio=120
        mpc_ctrl-2923  [001] d...   759.312460: sched_switch: prev_comm=mpc_ctrl prev_pid=2923 prev_prio=0 prev_state=S ==> next_comm=mpc_control2 next_pid=2929 next_prio=1
    mpc_control2-2909  [001] d...   759.312561: sched_switch: prev_comm=mpc_control2 prev_pid=2909 prev_prio=1 prev_state=R ==> next_comm=mpc_ctrl next_pid=2923 next_prio=0
          <idle>-0     [000] d...   759.312657: sched_switch: prev_comm=swapper/0 prev_pid=0 prev_prio=120 prev_state=R ==> next_comm=mpc_server next_pid=2806 next_prio=0
        mpc_ctrl-2923  [001] d...   759.312660: sched_switch: prev_comm=mpc_ctrl prev_pid=2923 prev_prio=0 prev_state=S ==> next_comm=mpc_control2 next_pid=2909 next_prio=1
      mpc_server-2806  [000] d...   759.324374: sched_switch: prev_comm=mpc_server prev_pid=2806 prev_prio=0 prev_state=S ==> next_comm=swapper/0 next_pid=0 next_prio=120
          <idle>-0     [001] d...   759.324400: sched_switch: prev_comm=swapper/1 prev_pid=0 prev_prio=120 prev_state=R ==> next_comm=mpc_ctrl next_pid=2923 next_prio=0
        mpc_ctrl-2923  [001] d...   759.344801: sched_switch: prev_comm=mpc_ctrl prev_pid=2923 prev_prio=0 prev_state=S ==> next_comm=mpc_control2 next_pid=2909 next_prio=1
    mpc_control2-2909  [001] d...   759.344875: sched_switch: prev_comm=mpc_control2 prev_pid=2909 prev_prio=1 prev_state=R ==> next_comm=mpc_ctrl next_pid=2923 next_prio=0
          <idle>-0     [000] d...   759.344973: sched_switch: prev_comm=swapper/0 prev_pid=0 prev_prio=120 prev_state=R ==> next_comm=mpc_server next_pid=2806 next_prio=0
        mpc_ctrl-2923  [001] d...   759.344975: sched_switch: prev_comm=mpc_ctrl prev_pid=2923 prev_prio=0 prev_state=S ==> next_comm=mpc_control2 next_pid=2909 next_prio=1
      mpc_server-2806  [000] d...   759.356311: sched_switch: prev_comm=mpc_server prev_pid=2806 prev_prio=0 prev_state=S ==> next_comm=swapper/0 next_pid=0 next_prio=120
          <idle>-0     [001] d...   759.356332: sched_switch: prev_comm=swapper/1 prev_pid=0 prev_prio=120 prev_state=R ==> next_comm=mpc_ctrl next_pid=2923 next_prio=0
        mpc_ctrl-2923  [001] d...   759.376484: sched_switch: prev_comm=mpc_ctrl prev_pid=2923 prev_prio=0 prev_state=S ==> next_comm=mpc_control2 next_pid=2909 next_prio=1
    mpc_control2-2909  [001] d...   759.376560: sched_switch: prev_comm=mpc_control2 prev_pid=2909 prev_prio=1 prev_state=R ==> next_comm=mpc_ctrl next_pid=2923 next_prio=0
          MATLAB-2309  [000] d...   759.376634: sched_switch: prev_comm=MATLAB prev_pid=2309 prev_prio=120 prev_state=R ==> next_comm=mpc_server next_pid=2806 next_prio=0
        mpc_ctrl-2923  [001] d...   759.376635: sched_switch: prev_comm=mpc_ctrl prev_pid=2923 prev_prio=0 prev_state=S ==> next_comm=mpc_control2 next_pid=2909 next_prio=1
          <idle>-0     [001] d...   759.387203: sched_switch: prev_comm=swapper/1 prev_pid=0 prev_prio=120 prev_state=R ==> next_comm=mpc_ctrl next_pid=2923 next_prio=0
      mpc_server-2806  [000] d...   759.387207: sched_switch: prev_comm=mpc_server prev_pid=2806 prev_prio=0 prev_state=S ==> next_comm=MATLAB next_pid=2309 next_prio=120
        mpc_ctrl-2923  [001] d...   759.408123: sched_switch: prev_comm=mpc_ctrl prev_pid=2923 prev_prio=0 prev_state=S ==> next_comm=mpc_control2 next_pid=2909 next_prio=1
    mpc_control2-2909  [001] d...   759.408188: sched_switch: prev_comm=mpc_control2 prev_pid=2909 prev_prio=1 prev_state=R ==> next_comm=mpc_ctrl next_pid=2923 next_prio=0
           <...>-2092  [000] d...   759.408268: sched_switch: prev_comm=webrtc_audio_mo prev_pid=2092 prev_prio=120 prev_state=R ==> next_comm=mpc_server next_pid=2806 next_prio=0
        mpc_ctrl-2923  [001] d...   759.408269: sched_switch: prev_comm=mpc_ctrl prev_pid=2923 prev_prio=0 prev_state=S ==> next_comm=mpc_control2 next_pid=2909 next_prio=1
  capture thread-2187  [001] d...   759.420633: sched_switch: prev_comm=capture thread prev_pid=2187 prev_prio=120 prev_state=R ==> next_comm=mpc_ctrl next_pid=2923 next_prio=0
      mpc_server-2806  [000] d...   759.420636: sched_switch: prev_comm=mpc_server prev_pid=2806 prev_prio=0 prev_state=S ==> next_comm=Chrome_ChildIOT next_pid=2477 next_prio=120
        mpc_ctrl-2923  [001] d...   759.444110: sched_switch: prev_comm=mpc_ctrl prev_pid=2923 prev_prio=0 prev_state=S ==> next_comm=mpc_control2 next_pid=2909 next_prio=1
    mpc_control2-2909  [001] d...   759.444209: sched_switch: prev_comm=mpc_control2 prev_pid=2909 prev_prio=1 prev_state=R ==> next_comm=mpc_ctrl next_pid=2923 next_prio=0
      pulseaudio-1479  [000] d...   759.444378: sched_switch: prev_comm=pulseaudio prev_pid=1479 prev_prio=109 prev_state=S ==> next_comm=mpc_server next_pid=2806 next_prio=0
        mpc_ctrl-2923  [001] d...   759.444382: sched_switch: prev_comm=mpc_ctrl prev_pid=2923 prev_prio=0 prev_state=S ==> next_comm=mpc_control2 next_pid=2909 next_prio=1
            Xorg-915   [001] d...   759.457268: sched_switch: prev_comm=Xorg prev_pid=915 prev_prio=120 prev_state=R+ ==> next_comm=mpc_ctrl next_pid=2923 next_prio=0
      mpc_server-2806  [000] d...   759.457270: sched_switch: prev_comm=mpc_server prev_pid=2806 prev_prio=0 prev_state=S ==> next_comm=rcu_sched next_pid=11 next_prio=120
        mpc_ctrl-2923  [001] d...   759.481726: sched_switch: prev_comm=mpc_ctrl prev_pid=2923 prev_prio=0 prev_state=S ==> next_comm=mpc_control2 next_pid=2929 next_prio=1
    mpc_control2-2909  [001] d...   759.481904: sched_switch: prev_comm=mpc_control2 prev_pid=2909 prev_prio=1 prev_state=R ==> next_comm=mpc_ctrl next_pid=2923 next_prio=0
          <idle>-0     [000] d...   759.482018: sched_switch: prev_comm=swapper/0 prev_pid=0 prev_prio=120 prev_state=R ==> next_comm=mpc_server next_pid=2806 next_prio=0
        mpc_ctrl-2923  [001] d...   759.482021: sched_switch: prev_comm=mpc_ctrl prev_pid=2923 prev_prio=0 prev_state=S ==> next_comm=mpc_control2 next_pid=2909 next_prio=1
 webrtc_audio_mo-2091  [001] d...   759.493418: sched_switch: prev_comm=webrtc_audio_mo prev_pid=2091 prev_prio=120 prev_state=R ==> next_comm=mpc_ctrl next_pid=2923 next_prio=0
      mpc_server-2806  [000] d...   759.493421: sched_switch: prev_comm=mpc_server prev_pid=2806 prev_prio=0 prev_state=S ==> next_comm=webrtc_audio_mo next_pid=2092 next_prio=120
        mpc_ctrl-2923  [001] d...   759.515654: sched_switch: prev_comm=mpc_ctrl prev_pid=2923 prev_prio=0 prev_state=S ==> next_comm=mpc_control2 next_pid=2931 next_prio=1
    mpc_control2-2909  [001] d...   759.515744: sched_switch: prev_comm=mpc_control2 prev_pid=2909 prev_prio=1 prev_state=R ==> next_comm=mpc_ctrl next_pid=2923 next_prio=0
        mpc_ctrl-2923  [001] d...   759.515839: sched_switch: prev_comm=mpc_ctrl prev_pid=2923 prev_prio=0 prev_state=S ==> next_comm=mpc_control2 next_pid=2909 next_prio=1
          <idle>-0     [000] d...   759.515848: sched_switch: prev_comm=swapper/0 prev_pid=0 prev_prio=120 prev_state=R ==> next_comm=mpc_server next_pid=2806 next_prio=0
          <idle>-0     [001] d...   759.526793: sched_switch: prev_comm=swapper/1 prev_pid=0 prev_prio=120 prev_state=R ==> next_comm=mpc_ctrl next_pid=2923 next_prio=0
      mpc_server-2806  [000] d...   759.526796: sched_switch: prev_comm=mpc_server prev_pid=2806 prev_prio=0 prev_state=S ==> next_comm=jcef_helper next_pid=2543 next_prio=120
        mpc_ctrl-2923  [001] d...   759.548603: sched_switch: prev_comm=mpc_ctrl prev_pid=2923 prev_prio=0 prev_state=S ==> next_comm=mpc_control2 next_pid=2909 next_prio=1
    mpc_control2-2909  [001] d...   759.548681: sched_switch: prev_comm=mpc_control2 prev_pid=2909 prev_prio=1 prev_state=R ==> next_comm=mpc_ctrl next_pid=2923 next_prio=0
     threaded-ml-2089  [000] d...   759.548771: sched_switch: prev_comm=threaded-ml prev_pid=2089 prev_prio=120 prev_state=R ==> next_comm=mpc_server next_pid=2806 next_prio=0
        mpc_ctrl-2923  [001] d...   759.548774: sched_switch: prev_comm=mpc_ctrl prev_pid=2923 prev_prio=0 prev_state=S ==> next_comm=mpc_control2 next_pid=2909 next_prio=1
            zoom-2025  [001] d...   759.559790: sched_switch: prev_comm=zoom prev_pid=2025 prev_prio=120 prev_state=S ==> next_comm=mpc_ctrl next_pid=2923 next_prio=0
      mpc_server-2806  [000] d...   759.559793: sched_switch: prev_comm=mpc_server prev_pid=2806 prev_prio=0 prev_state=S ==> next_comm=webrtc_audio_mo next_pid=2092 next_prio=120
        mpc_ctrl-2923  [001] d...   759.581409: sched_switch: prev_comm=mpc_ctrl prev_pid=2923 prev_prio=0 prev_state=S ==> next_comm=mpc_control2 next_pid=2909 next_prio=1
    mpc_control2-2909  [001] d...   759.581489: sched_switch: prev_comm=mpc_control2 prev_pid=2909 prev_prio=1 prev_state=R ==> next_comm=mpc_ctrl next_pid=2923 next_prio=0
          <idle>-0     [000] d...   759.581590: sched_switch: prev_comm=swapper/0 prev_pid=0 prev_prio=120 prev_state=R ==> next_comm=mpc_server next_pid=2806 next_prio=0
        mpc_ctrl-2923  [001] d...   759.581593: sched_switch: prev_comm=mpc_ctrl prev_pid=2923 prev_prio=0 prev_state=S ==> next_comm=mpc_control2 next_pid=2909 next_prio=1
 webrtc_audio_mo-2091  [001] d...   759.593048: sched_switch: prev_comm=webrtc_audio_mo prev_pid=2091 prev_prio=120 prev_state=R ==> next_comm=mpc_ctrl next_pid=2923 next_prio=0
      mpc_server-2806  [000] d...   759.593050: sched_switch: prev_comm=mpc_server prev_pid=2806 prev_prio=0 prev_state=S ==> next_comm=kworker/0:2 next_pid=305 next_prio=120
        mpc_ctrl-2923  [001] d...   759.614819: sched_switch: prev_comm=mpc_ctrl prev_pid=2923 prev_prio=0 prev_state=S ==> next_comm=mpc_control2 next_pid=2929 next_prio=1
    mpc_control2-2909  [001] d...   759.615142: sched_switch: prev_comm=mpc_control2 prev_pid=2909 prev_prio=1 prev_state=R ==> next_comm=mpc_ctrl next_pid=2923 next_prio=0
  capture thread-2187  [000] d...   759.615291: sched_switch: prev_comm=capture thread prev_pid=2187 prev_prio=120 prev_state=R+ ==> next_comm=mpc_server next_pid=2806 next_prio=0
        mpc_ctrl-2923  [001] d...   759.615293: sched_switch: prev_comm=mpc_ctrl prev_pid=2923 prev_prio=0 prev_state=S ==> next_comm=mpc_control2 next_pid=2909 next_prio=1
            Xorg-915   [001] d...   759.627733: sched_switch: prev_comm=Xorg prev_pid=915 prev_prio=120 prev_state=R ==> next_comm=mpc_ctrl next_pid=2923 next_prio=0
      mpc_server-2806  [000] d...   759.627736: sched_switch: prev_comm=mpc_server prev_pid=2806 prev_prio=0 prev_state=S ==> next_comm=MATLAB next_pid=2960 next_prio=120
        mpc_ctrl-2923  [001] d...   759.653810: sched_switch: prev_comm=mpc_ctrl prev_pid=2923 prev_prio=0 prev_state=S ==> next_comm=mpc_control2 next_pid=2909 next_prio=1
    mpc_control2-2909  [001] d...   759.653877: sched_switch: prev_comm=mpc_control2 prev_pid=2909 prev_prio=1 prev_state=R ==> next_comm=mpc_ctrl next_pid=2923 next_prio=0
          <idle>-0     [000] d...   759.653952: sched_switch: prev_comm=swapper/0 prev_pid=0 prev_prio=120 prev_state=R ==> next_comm=mpc_server next_pid=2806 next_prio=0
        mpc_ctrl-2923  [001] d...   759.653953: sched_switch: prev_comm=mpc_ctrl prev_pid=2923 prev_prio=0 prev_state=S ==> next_comm=mpc_control2 next_pid=2909 next_prio=1
      mpc_server-2806  [000] d...   759.666205: sched_switch: prev_comm=mpc_server prev_pid=2806 prev_prio=0 prev_state=S ==> next_comm=dbus-daemon next_pid=733 next_prio=120
          <idle>-0     [001] d...   759.666229: sched_switch: prev_comm=swapper/1 prev_pid=0 prev_prio=120 prev_state=R ==> next_comm=mpc_ctrl next_pid=2923 next_prio=0
        mpc_ctrl-2923  [001] d...   759.687308: sched_switch: prev_comm=mpc_ctrl prev_pid=2923 prev_prio=0 prev_state=S ==> next_comm=mpc_control2 next_pid=2909 next_prio=1
    mpc_control2-2909  [001] d...   759.687374: sched_switch: prev_comm=mpc_control2 prev_pid=2909 prev_prio=1 prev_state=R ==> next_comm=mpc_ctrl next_pid=2923 next_prio=0
          <idle>-0     [000] d...   759.687447: sched_switch: prev_comm=swapper/0 prev_pid=0 prev_prio=120 prev_state=R ==> next_comm=mpc_server next_pid=2806 next_prio=0
        mpc_ctrl-2923  [001] d...   759.687449: sched_switch: prev_comm=mpc_ctrl prev_pid=2923 prev_prio=0 prev_state=S ==> next_comm=mpc_control2 next_pid=2909 next_prio=1
          <idle>-0     [001] d...   759.699147: sched_switch: prev_comm=swapper/1 prev_pid=0 prev_prio=120 prev_state=R ==> next_comm=mpc_ctrl next_pid=2923 next_prio=0
      mpc_server-2806  [000] d...   759.699150: sched_switch: prev_comm=mpc_server prev_pid=2806 prev_prio=0 prev_state=S ==> next_comm=swapper/0 next_pid=0 next_prio=120
        mpc_ctrl-2923  [001] d...   759.719931: sched_switch: prev_comm=mpc_ctrl prev_pid=2923 prev_prio=0 prev_state=S ==> next_comm=mpc_control2 next_pid=2929 next_prio=1
    mpc_control2-2909  [001] d...   759.720075: sched_switch: prev_comm=mpc_control2 prev_pid=2909 prev_prio=1 prev_state=R ==> next_comm=mpc_ctrl next_pid=2923 next_prio=0
          <idle>-0     [000] d...   759.720188: sched_switch: prev_comm=swapper/0 prev_pid=0 prev_prio=120 prev_state=R ==> next_comm=mpc_server next_pid=2806 next_prio=0
        mpc_ctrl-2923  [001] d...   759.720191: sched_switch: prev_comm=mpc_ctrl prev_pid=2923 prev_prio=0 prev_state=S ==> next_comm=mpc_control2 next_pid=2909 next_prio=1
          <idle>-0     [001] d...   759.731200: sched_switch: prev_comm=swapper/1 prev_pid=0 prev_prio=120 prev_state=R ==> next_comm=mpc_ctrl next_pid=2923 next_prio=0
      mpc_server-2806  [000] d...   759.731202: sched_switch: prev_comm=mpc_server prev_pid=2806 prev_prio=0 prev_state=S ==> next_comm=swapper/0 next_pid=0 next_prio=120
        mpc_ctrl-2923  [001] d...   759.753542: sched_switch: prev_comm=mpc_ctrl prev_pid=2923 prev_prio=0 prev_state=S ==> next_comm=mpc_control2 next_pid=2909 next_prio=1
    mpc_control2-2909  [001] d...   759.753625: sched_switch: prev_comm=mpc_control2 prev_pid=2909 prev_prio=1 prev_state=R ==> next_comm=mpc_ctrl next_pid=2923 next_prio=0
          MATLAB-2345  [000] d...   759.753746: sched_switch: prev_comm=MATLAB prev_pid=2345 prev_prio=120 prev_state=R ==> next_comm=mpc_server next_pid=2806 next_prio=0
        mpc_ctrl-2923  [001] d...   759.753750: sched_switch: prev_comm=mpc_ctrl prev_pid=2923 prev_prio=0 prev_state=S ==> next_comm=mpc_control2 next_pid=2909 next_prio=1
    zoom.network-2129  [001] d...   759.766475: sched_switch: prev_comm=zoom.network prev_pid=2129 prev_prio=120 prev_state=R ==> next_comm=mpc_ctrl next_pid=2923 next_prio=0
      mpc_server-2806  [000] d...   759.766479: sched_switch: prev_comm=mpc_server prev_pid=2806 prev_prio=0 prev_state=S ==> next_comm=zoom.db next_pid=2058 next_prio=120
        mpc_ctrl-2923  [001] d...   759.770831: sched_switch: prev_comm=mpc_ctrl prev_pid=2923 prev_prio=0 prev_state=R ==> next_comm=migration/1 next_pid=17 next_prio=0
           <...>-17    [001] d...   759.770835: sched_switch: prev_comm=migration/1 prev_pid=17 prev_prio=0 prev_state=S ==> next_comm=mpc_ctrl next_pid=2923 next_prio=0
        mpc_ctrl-2923  [001] d...   759.792401: sched_switch: prev_comm=mpc_ctrl prev_pid=2923 prev_prio=0 prev_state=S ==> next_comm=mpc_control2 next_pid=2909 next_prio=1
    mpc_control2-2909  [001] d...   759.792495: sched_switch: prev_comm=mpc_control2 prev_pid=2909 prev_prio=1 prev_state=R ==> next_comm=mpc_ctrl next_pid=2923 next_prio=0
        mpc_ctrl-2923  [001] d...   759.792668: sched_switch: prev_comm=mpc_ctrl prev_pid=2923 prev_prio=0 prev_state=S ==> next_comm=mpc_control2 next_pid=2909 next_prio=1
  capture thread-2187  [000] d...   759.792668: sched_switch: prev_comm=capture thread prev_pid=2187 prev_prio=120 prev_state=R+ ==> next_comm=mpc_server next_pid=2806 next_prio=0
          MATLAB-2333  [001] d...   759.805847: sched_switch: prev_comm=MATLAB prev_pid=2333 prev_prio=120 prev_state=R ==> next_comm=mpc_ctrl next_pid=2923 next_prio=0
      mpc_server-2806  [000] d...   759.805852: sched_switch: prev_comm=mpc_server prev_pid=2806 prev_prio=0 prev_state=S ==> next_comm=zoom next_pid=2057 next_prio=120
        mpc_ctrl-2923  [001] d...   759.831844: sched_switch: prev_comm=mpc_ctrl prev_pid=2923 prev_prio=0 prev_state=S ==> next_comm=mpc_control2 next_pid=2931 next_prio=1
    mpc_control2-2909  [001] d...   759.832307: sched_switch: prev_comm=mpc_control2 prev_pid=2909 prev_prio=1 prev_state=R ==> next_comm=mpc_ctrl next_pid=2923 next_prio=0
            Xorg-915   [000] d...   759.832458: sched_switch: prev_comm=Xorg prev_pid=915 prev_prio=120 prev_state=R ==> next_comm=mpc_server next_pid=2806 next_prio=0
        mpc_ctrl-2923  [001] d...   759.832461: sched_switch: prev_comm=mpc_ctrl prev_pid=2923 prev_prio=0 prev_state=S ==> next_comm=mpc_control2 next_pid=2909 next_prio=1
          MATLAB-2332  [001] d...   759.844052: sched_switch: prev_comm=MATLAB prev_pid=2332 prev_prio=120 prev_state=R ==> next_comm=mpc_ctrl next_pid=2923 next_prio=0
      mpc_server-2806  [000] d...   759.844056: sched_switch: prev_comm=mpc_server prev_pid=2806 prev_prio=0 prev_state=S ==> next_comm=zoom.im.index next_pid=2059 next_prio=120
        mpc_ctrl-2923  [001] d...   759.870058: sched_switch: prev_comm=mpc_ctrl prev_pid=2923 prev_prio=0 prev_state=S ==> next_comm=mpc_control2 next_pid=2909 next_prio=1
    mpc_control2-2909  [001] d...   759.870143: sched_switch: prev_comm=mpc_control2 prev_pid=2909 prev_prio=1 prev_state=R ==> next_comm=mpc_ctrl next_pid=2923 next_prio=0
          <idle>-0     [000] d...   759.870239: sched_switch: prev_comm=swapper/0 prev_pid=0 prev_prio=120 prev_state=R ==> next_comm=mpc_server next_pid=2806 next_prio=0
        mpc_ctrl-2923  [001] d...   759.870242: sched_switch: prev_comm=mpc_ctrl prev_pid=2923 prev_prio=0 prev_state=S ==> next_comm=mpc_control2 next_pid=2909 next_prio=1
          MATLAB-2333  [001] d...   759.883545: sched_switch: prev_comm=MATLAB prev_pid=2333 prev_prio=120 prev_state=R ==> next_comm=mpc_ctrl next_pid=2923 next_prio=0
      mpc_server-2806  [000] d...   759.883548: sched_switch: prev_comm=mpc_server prev_pid=2806 prev_prio=0 prev_state=S ==> next_comm=Xorg next_pid=915 next_prio=120
        mpc_ctrl-2923  [001] d...   759.907947: sched_switch: prev_comm=mpc_ctrl prev_pid=2923 prev_prio=0 prev_state=S ==> next_comm=mpc_control2 next_pid=2909 next_prio=1
    mpc_control2-2909  [001] d...   759.908033: sched_switch: prev_comm=mpc_control2 prev_pid=2909 prev_prio=1 prev_state=R ==> next_comm=mpc_ctrl next_pid=2923 next_prio=0
          MATLAB-2333  [000] d...   759.908161: sched_switch: prev_comm=MATLAB prev_pid=2333 prev_prio=120 prev_state=R ==> next_comm=mpc_server next_pid=2806 next_prio=0
        mpc_ctrl-2923  [001] d...   759.908164: sched_switch: prev_comm=mpc_ctrl prev_pid=2923 prev_prio=0 prev_state=S ==> next_comm=mpc_control2 next_pid=2909 next_prio=1
          MATLAB-2333  [001] d...   759.920548: sched_switch: prev_comm=MATLAB prev_pid=2333 prev_prio=120 prev_state=R ==> next_comm=mpc_ctrl next_pid=2923 next_prio=0
      mpc_server-2806  [000] d...   759.920552: sched_switch: prev_comm=mpc_server prev_pid=2806 prev_prio=0 prev_state=S ==> next_comm=zoom.db next_pid=2058 next_prio=120
        mpc_ctrl-2923  [001] d...   759.943259: sched_switch: prev_comm=mpc_ctrl prev_pid=2923 prev_prio=0 prev_state=S ==> next_comm=mpc_control2 next_pid=2931 next_prio=1
    mpc_control2-2909  [001] d...   759.943354: sched_switch: prev_comm=mpc_control2 prev_pid=2909 prev_prio=1 prev_state=R ==> next_comm=mpc_ctrl next_pid=2923 next_prio=0
       zoom.user-2127  [000] d...   759.943451: sched_switch: prev_comm=zoom.user prev_pid=2127 prev_prio=120 prev_state=R ==> next_comm=mpc_server next_pid=2806 next_prio=0
        mpc_ctrl-2923  [001] d...   759.943452: sched_switch: prev_comm=mpc_ctrl prev_pid=2923 prev_prio=0 prev_state=S ==> next_comm=mpc_control2 next_pid=2909 next_prio=1
      mpc_server-2806  [000] d...   759.955179: sched_switch: prev_comm=mpc_server prev_pid=2806 prev_prio=0 prev_state=S ==> next_comm=QThread next_pid=2095 next_prio=120
          <idle>-0     [001] d...   759.955201: sched_switch: prev_comm=swapper/1 prev_pid=0 prev_prio=120 prev_state=R ==> next_comm=mpc_ctrl next_pid=2923 next_prio=0
        mpc_ctrl-2923  [001] d...   759.978587: sched_switch: prev_comm=mpc_ctrl prev_pid=2923 prev_prio=0 prev_state=S ==> next_comm=mpc_control2 next_pid=2909 next_prio=1
    mpc_control2-2909  [001] d...   759.978669: sched_switch: prev_comm=mpc_control2 prev_pid=2909 prev_prio=1 prev_state=R ==> next_comm=mpc_ctrl next_pid=2923 next_prio=0
          MATLAB-2309  [000] d...   759.978805: sched_switch: prev_comm=MATLAB prev_pid=2309 prev_prio=120 prev_state=R ==> next_comm=mpc_server next_pid=2806 next_prio=0
        mpc_ctrl-2923  [001] d...   759.978809: sched_switch: prev_comm=mpc_ctrl prev_pid=2923 prev_prio=0 prev_state=S ==> next_comm=mpc_control2 next_pid=2909 next_prio=1
  capture thread-2187  [001] d...   759.991147: sched_switch: prev_comm=capture thread prev_pid=2187 prev_prio=120 prev_state=R+ ==> next_comm=mpc_ctrl next_pid=2923 next_prio=0
      mpc_server-2806  [000] d...   759.991150: sched_switch: prev_comm=mpc_server prev_pid=2806 prev_prio=0 prev_state=S ==> next_comm=zoom.user next_pid=2127 next_prio=120
        mpc_ctrl-2923  [001] d...   760.012698: sched_switch: prev_comm=mpc_ctrl prev_pid=2923 prev_prio=0 prev_state=S ==> next_comm=mpc_control2 next_pid=2909 next_prio=1
    mpc_control2-2909  [001] d...   760.012778: sched_switch: prev_comm=mpc_control2 prev_pid=2909 prev_prio=1 prev_state=R ==> next_comm=mpc_ctrl next_pid=2923 next_prio=0
          <idle>-0     [000] d...   760.012885: sched_switch: prev_comm=swapper/0 prev_pid=0 prev_prio=120 prev_state=R ==> next_comm=mpc_server next_pid=2806 next_prio=0
        mpc_ctrl-2923  [001] d...   760.012889: sched_switch: prev_comm=mpc_ctrl prev_pid=2923 prev_prio=0 prev_state=S ==> next_comm=mpc_control2 next_pid=2909 next_prio=1
          <idle>-0     [001] d...   760.026801: sched_switch: prev_comm=swapper/1 prev_pid=0 prev_prio=120 prev_state=R ==> next_comm=mpc_ctrl next_pid=2923 next_prio=0
      mpc_server-2806  [000] d...   760.026807: sched_switch: prev_comm=mpc_server prev_pid=2806 prev_prio=0 prev_state=S ==> next_comm=wesnothd-1.12 next_pid=854 next_prio=120
        mpc_ctrl-2923  [001] d...   760.051151: sched_switch: prev_comm=mpc_ctrl prev_pid=2923 prev_prio=0 prev_state=S ==> next_comm=mpc_control2 next_pid=2929 next_prio=1
    mpc_control2-2909  [001] d...   760.051253: sched_switch: prev_comm=mpc_control2 prev_pid=2909 prev_prio=1 prev_state=R ==> next_comm=mpc_ctrl next_pid=2923 next_prio=0
        mpc_ctrl-2923  [001] d...   760.051341: sched_switch: prev_comm=mpc_ctrl prev_pid=2923 prev_prio=0 prev_state=S ==> next_comm=mpc_control2 next_pid=2909 next_prio=1
          <idle>-0     [000] d...   760.051341: sched_switch: prev_comm=swapper/0 prev_pid=0 prev_prio=120 prev_state=R ==> next_comm=mpc_server next_pid=2806 next_prio=0
          <idle>-0     [001] d...   760.062189: sched_switch: prev_comm=swapper/1 prev_pid=0 prev_prio=120 prev_state=R ==> next_comm=mpc_ctrl next_pid=2923 next_prio=0
      mpc_server-2806  [000] d...   760.062191: sched_switch: prev_comm=mpc_server prev_pid=2806 prev_prio=0 prev_state=S ==> next_comm=MATLAB next_pid=2334 next_prio=120
        mpc_ctrl-2923  [001] d...   760.084541: sched_switch: prev_comm=mpc_ctrl prev_pid=2923 prev_prio=0 prev_state=S ==> next_comm=mpc_control2 next_pid=2909 next_prio=1
    mpc_control2-2909  [001] d...   760.084619: sched_switch: prev_comm=mpc_control2 prev_pid=2909 prev_prio=1 prev_state=R ==> next_comm=mpc_ctrl next_pid=2923 next_prio=0
 Chrome_IOThread-2456  [000] d...   760.084743: sched_switch: prev_comm=Chrome_IOThread prev_pid=2456 prev_prio=120 prev_state=R ==> next_comm=mpc_server next_pid=2806 next_prio=0
        mpc_ctrl-2923  [001] d...   760.084745: sched_switch: prev_comm=mpc_ctrl prev_pid=2923 prev_prio=0 prev_state=S ==> next_comm=mpc_control2 next_pid=2909 next_prio=1
          <idle>-0     [001] d...   760.095509: sched_switch: prev_comm=swapper/1 prev_pid=0 prev_prio=120 prev_state=R ==> next_comm=mpc_ctrl next_pid=2923 next_prio=0
      mpc_server-2806  [000] d...   760.095511: sched_switch: prev_comm=mpc_server prev_pid=2806 prev_prio=0 prev_state=S ==> next_comm=swapper/0 next_pid=0 next_prio=120
        mpc_ctrl-2923  [001] d...   760.118276: sched_switch: prev_comm=mpc_ctrl prev_pid=2923 prev_prio=0 prev_state=S ==> next_comm=mpc_control2 next_pid=2909 next_prio=1
    mpc_control2-2909  [001] d...   760.118357: sched_switch: prev_comm=mpc_control2 prev_pid=2909 prev_prio=1 prev_state=R ==> next_comm=mpc_ctrl next_pid=2923 next_prio=0
        mpc_ctrl-2923  [001] d...   760.118448: sched_switch: prev_comm=mpc_ctrl prev_pid=2923 prev_prio=0 prev_state=S ==> next_comm=mpc_control2 next_pid=2909 next_prio=1
          <idle>-0     [000] d...   760.118468: sched_switch: prev_comm=swapper/0 prev_pid=0 prev_prio=120 prev_state=R ==> next_comm=mpc_server next_pid=2806 next_prio=0
          MATLAB-2347  [001] d...   760.129868: sched_switch: prev_comm=MATLAB prev_pid=2347 prev_prio=120 prev_state=R ==> next_comm=mpc_ctrl next_pid=2923 next_prio=0
      mpc_server-2806  [000] d...   760.129876: sched_switch: prev_comm=mpc_server prev_pid=2806 prev_prio=0 prev_state=S ==> next_comm=swapper/0 next_pid=0 next_prio=120
        mpc_ctrl-2923  [001] d...   760.151181: sched_switch: prev_comm=mpc_ctrl prev_pid=2923 prev_prio=0 prev_state=S ==> next_comm=mpc_control2 next_pid=2929 next_prio=1
    mpc_control2-2909  [001] d...   760.151259: sched_switch: prev_comm=mpc_control2 prev_pid=2909 prev_prio=1 prev_state=R ==> next_comm=mpc_ctrl next_pid=2923 next_prio=0
          <idle>-0     [000] d...   760.151338: sched_switch: prev_comm=swapper/0 prev_pid=0 prev_prio=120 prev_state=R ==> next_comm=mpc_server next_pid=2806 next_prio=0
        mpc_ctrl-2923  [001] d...   760.151340: sched_switch: prev_comm=mpc_ctrl prev_pid=2923 prev_prio=0 prev_state=S ==> next_comm=mpc_control2 next_pid=2909 next_prio=1
            Xorg-915   [001] d...   760.163754: sched_switch: prev_comm=Xorg prev_pid=915 prev_prio=120 prev_state=R ==> next_comm=mpc_ctrl next_pid=2923 next_prio=0
      mpc_server-2806  [000] d...   760.163758: sched_switch: prev_comm=mpc_server prev_pid=2806 prev_prio=0 prev_state=S ==> next_comm=MATLAB next_pid=2345 next_prio=120
        mpc_ctrl-2923  [001] d...   760.187617: sched_switch: prev_comm=mpc_ctrl prev_pid=2923 prev_prio=0 prev_state=S ==> next_comm=mpc_control2 next_pid=2909 next_prio=1
    mpc_control2-2909  [001] d...   760.187718: sched_switch: prev_comm=mpc_control2 prev_pid=2909 prev_prio=1 prev_state=R ==> next_comm=mpc_ctrl next_pid=2923 next_prio=0
            Xorg-915   [000] d...   760.187812: sched_switch: prev_comm=Xorg prev_pid=915 prev_prio=120 prev_state=R ==> next_comm=mpc_server next_pid=2806 next_prio=0
        mpc_ctrl-2923  [001] d...   760.187813: sched_switch: prev_comm=mpc_ctrl prev_pid=2923 prev_prio=0 prev_state=S ==> next_comm=mpc_control2 next_pid=2909 next_prio=1
            Xorg-915   [001] d...   760.200423: sched_switch: prev_comm=Xorg prev_pid=915 prev_prio=120 prev_state=R+ ==> next_comm=mpc_ctrl next_pid=2923 next_prio=0
      mpc_server-2806  [000] d...   760.200424: sched_switch: prev_comm=mpc_server prev_pid=2806 prev_prio=0 prev_state=S ==> next_comm=rcu_sched next_pid=11 next_prio=120
        mpc_ctrl-2923  [001] d...   760.223876: sched_switch: prev_comm=mpc_ctrl prev_pid=2923 prev_prio=0 prev_state=S ==> next_comm=mpc_control2 next_pid=2928 next_prio=1
    mpc_control2-2909  [001] d...   760.224025: sched_switch: prev_comm=mpc_control2 prev_pid=2909 prev_prio=1 prev_state=R ==> next_comm=mpc_ctrl next_pid=2923 next_prio=0
           xfwm4-1368  [000] d...   760.224167: sched_switch: prev_comm=xfwm4 prev_pid=1368 prev_prio=120 prev_state=R ==> next_comm=mpc_server next_pid=2806 next_prio=0
        mpc_ctrl-2923  [001] d...   760.224170: sched_switch: prev_comm=mpc_ctrl prev_pid=2923 prev_prio=0 prev_state=S ==> next_comm=mpc_control2 next_pid=2909 next_prio=1
          <idle>-0     [001] d...   760.236353: sched_switch: prev_comm=swapper/1 prev_pid=0 prev_prio=120 prev_state=R ==> next_comm=mpc_ctrl next_pid=2923 next_prio=0
      mpc_server-2806  [000] d...   760.236357: sched_switch: prev_comm=mpc_server prev_pid=2806 prev_prio=0 prev_state=S ==> next_comm=swapper/0 next_pid=0 next_prio=120
        mpc_ctrl-2923  [001] d...   760.256694: sched_switch: prev_comm=mpc_ctrl prev_pid=2923 prev_prio=0 prev_state=S ==> next_comm=mpc_control2 next_pid=2929 next_prio=1
    mpc_control2-2909  [001] d...   760.256778: sched_switch: prev_comm=mpc_control2 prev_pid=2909 prev_prio=1 prev_state=R ==> next_comm=mpc_ctrl next_pid=2923 next_prio=0
          <idle>-0     [000] d...   760.256849: sched_switch: prev_comm=swapper/0 prev_pid=0 prev_prio=120 prev_state=R ==> next_comm=mpc_server next_pid=2806 next_prio=0
        mpc_ctrl-2923  [001] d...   760.256850: sched_switch: prev_comm=mpc_ctrl prev_pid=2923 prev_prio=0 prev_state=S ==> next_comm=mpc_control2 next_pid=2909 next_prio=1
          <idle>-0     [001] d...   760.268767: sched_switch: prev_comm=swapper/1 prev_pid=0 prev_prio=120 prev_state=R ==> next_comm=mpc_ctrl next_pid=2923 next_prio=0
      mpc_server-2806  [000] d...   760.268777: sched_switch: prev_comm=mpc_server prev_pid=2806 prev_prio=0 prev_state=S ==> next_comm=swapper/0 next_pid=0 next_prio=120
        mpc_ctrl-2923  [001] d...   760.289064: sched_switch: prev_comm=mpc_ctrl prev_pid=2923 prev_prio=0 prev_state=S ==> next_comm=mpc_control2 next_pid=2909 next_prio=1
    mpc_control2-2909  [001] d...   760.289127: sched_switch: prev_comm=mpc_control2 prev_pid=2909 prev_prio=1 prev_state=R ==> next_comm=mpc_ctrl next_pid=2923 next_prio=0
          <idle>-0     [000] d...   760.289192: sched_switch: prev_comm=swapper/0 prev_pid=0 prev_prio=120 prev_state=R ==> next_comm=mpc_server next_pid=2806 next_prio=0
        mpc_ctrl-2923  [001] d...   760.289193: sched_switch: prev_comm=mpc_ctrl prev_pid=2923 prev_prio=0 prev_state=S ==> next_comm=mpc_control2 next_pid=2909 next_prio=1
      mpc_server-2806  [000] d...   760.300817: sched_switch: prev_comm=mpc_server prev_pid=2806 prev_prio=0 prev_state=S ==> next_comm=swapper/0 next_pid=0 next_prio=120
          <idle>-0     [001] d...   760.300843: sched_switch: prev_comm=swapper/1 prev_pid=0 prev_prio=120 prev_state=R ==> next_comm=mpc_ctrl next_pid=2923 next_prio=0
        mpc_ctrl-2923  [001] d...   760.321323: sched_switch: prev_comm=mpc_ctrl prev_pid=2923 prev_prio=0 prev_state=S ==> next_comm=mpc_control2 next_pid=2909 next_prio=1
    mpc_control2-2909  [001] d...   760.321393: sched_switch: prev_comm=mpc_control2 prev_pid=2909 prev_prio=1 prev_state=R ==> next_comm=mpc_ctrl next_pid=2923 next_prio=0
          <idle>-0     [000] d...   760.321468: sched_switch: prev_comm=swapper/0 prev_pid=0 prev_prio=120 prev_state=R ==> next_comm=mpc_server next_pid=2806 next_prio=0
        mpc_ctrl-2923  [001] d...   760.321470: sched_switch: prev_comm=mpc_ctrl prev_pid=2923 prev_prio=0 prev_state=S ==> next_comm=mpc_control2 next_pid=2909 next_prio=1
          MATLAB-2942  [001] d...   760.333354: sched_switch: prev_comm=MATLAB prev_pid=2942 prev_prio=120 prev_state=R ==> next_comm=mpc_ctrl next_pid=2923 next_prio=0
      mpc_server-2806  [000] d...   760.333357: sched_switch: prev_comm=mpc_server prev_pid=2806 prev_prio=0 prev_state=S ==> next_comm=swapper/0 next_pid=0 next_prio=120
        mpc_ctrl-2923  [001] d...   760.355877: sched_switch: prev_comm=mpc_ctrl prev_pid=2923 prev_prio=0 prev_state=S ==> next_comm=mpc_control2 next_pid=2909 next_prio=1
    mpc_control2-2909  [001] d...   760.355975: sched_switch: prev_comm=mpc_control2 prev_pid=2909 prev_prio=1 prev_state=R ==> next_comm=mpc_ctrl next_pid=2923 next_prio=0
            Xorg-915   [000] d...   760.356127: sched_switch: prev_comm=Xorg prev_pid=915 prev_prio=120 prev_state=R ==> next_comm=mpc_server next_pid=2806 next_prio=0
        mpc_ctrl-2923  [001] d...   760.356128: sched_switch: prev_comm=mpc_ctrl prev_pid=2923 prev_prio=0 prev_state=S ==> next_comm=mpc_control2 next_pid=2909 next_prio=1
            Xorg-915   [001] d...   760.369102: sched_switch: prev_comm=Xorg prev_pid=915 prev_prio=120 prev_state=R ==> next_comm=mpc_ctrl next_pid=2923 next_prio=0
      mpc_server-2806  [000] d...   760.369106: sched_switch: prev_comm=mpc_server prev_pid=2806 prev_prio=0 prev_state=S ==> next_comm=MATLAB next_pid=2978 next_prio=120
        mpc_ctrl-2923  [001] d...   760.394385: sched_switch: prev_comm=mpc_ctrl prev_pid=2923 prev_prio=0 prev_state=S ==> next_comm=mpc_control2 next_pid=2909 next_prio=1
    mpc_control2-2909  [001] d...   760.394464: sched_switch: prev_comm=mpc_control2 prev_pid=2909 prev_prio=1 prev_state=R ==> next_comm=mpc_ctrl next_pid=2923 next_prio=0
          <idle>-0     [000] d...   760.394579: sched_switch: prev_comm=swapper/0 prev_pid=0 prev_prio=120 prev_state=R ==> next_comm=mpc_server next_pid=2806 next_prio=0
        mpc_ctrl-2923  [001] d...   760.394580: sched_switch: prev_comm=mpc_ctrl prev_pid=2923 prev_prio=0 prev_state=S ==> next_comm=mpc_control2 next_pid=2909 next_prio=1
          <idle>-0     [001] d...   760.407848: sched_switch: prev_comm=swapper/1 prev_pid=0 prev_prio=120 prev_state=R ==> next_comm=mpc_ctrl next_pid=2923 next_prio=0
      mpc_server-2806  [000] d...   760.407851: sched_switch: prev_comm=mpc_server prev_pid=2806 prev_prio=0 prev_state=S ==> next_comm=CrBrowserMain next_pid=2436 next_prio=120
        mpc_ctrl-2923  [001] d...   760.432719: sched_switch: prev_comm=mpc_ctrl prev_pid=2923 prev_prio=0 prev_state=S ==> next_comm=mpc_control2 next_pid=2909 next_prio=1
    mpc_control2-2909  [001] d...   760.432803: sched_switch: prev_comm=mpc_control2 prev_pid=2909 prev_prio=1 prev_state=R ==> next_comm=mpc_ctrl next_pid=2923 next_prio=0
        mpc_ctrl-2923  [001] d...   760.432894: sched_switch: prev_comm=mpc_ctrl prev_pid=2923 prev_prio=0 prev_state=S ==> next_comm=mpc_control2 next_pid=2909 next_prio=1
          <idle>-0     [000] d...   760.432915: sched_switch: prev_comm=swapper/0 prev_pid=0 prev_prio=120 prev_state=R ==> next_comm=mpc_server next_pid=2806 next_prio=0
          <idle>-0     [001] d...   760.444042: sched_switch: prev_comm=swapper/1 prev_pid=0 prev_prio=120 prev_state=R ==> next_comm=mpc_ctrl next_pid=2923 next_prio=0
      mpc_server-2806  [000] d...   760.444045: sched_switch: prev_comm=mpc_server prev_pid=2806 prev_prio=0 prev_state=S ==> next_comm=webrtc_audio_mo next_pid=2091 next_prio=120
        mpc_ctrl-2923  [001] d...   760.466690: sched_switch: prev_comm=mpc_ctrl prev_pid=2923 prev_prio=0 prev_state=S ==> next_comm=mpc_control2 next_pid=2929 next_prio=1
    mpc_control2-2909  [001] d...   760.466796: sched_switch: prev_comm=mpc_control2 prev_pid=2909 prev_prio=1 prev_state=R ==> next_comm=mpc_ctrl next_pid=2923 next_prio=0
          <idle>-0     [000] d...   760.466888: sched_switch: prev_comm=swapper/0 prev_pid=0 prev_prio=120 prev_state=R ==> next_comm=mpc_server next_pid=2806 next_prio=0
        mpc_ctrl-2923  [001] d...   760.466891: sched_switch: prev_comm=mpc_ctrl prev_pid=2923 prev_prio=0 prev_state=S ==> next_comm=mpc_control2 next_pid=2909 next_prio=1
          <idle>-0     [001] d...   760.477981: sched_switch: prev_comm=swapper/1 prev_pid=0 prev_prio=120 prev_state=R ==> next_comm=mpc_ctrl next_pid=2923 next_prio=0
      mpc_server-2806  [000] d...   760.477988: sched_switch: prev_comm=mpc_server prev_pid=2806 prev_prio=0 prev_state=S ==> next_comm=swapper/0 next_pid=0 next_prio=120
        mpc_ctrl-2923  [001] d...   760.498986: sched_switch: prev_comm=mpc_ctrl prev_pid=2923 prev_prio=0 prev_state=S ==> next_comm=mpc_control2 next_pid=2909 next_prio=1
    mpc_control2-2909  [001] d...   760.499054: sched_switch: prev_comm=mpc_control2 prev_pid=2909 prev_prio=1 prev_state=R ==> next_comm=mpc_ctrl next_pid=2923 next_prio=0
          <idle>-0     [000] d...   760.499131: sched_switch: prev_comm=swapper/0 prev_pid=0 prev_prio=120 prev_state=R ==> next_comm=mpc_server next_pid=2806 next_prio=0
        mpc_ctrl-2923  [001] d...   760.499133: sched_switch: prev_comm=mpc_ctrl prev_pid=2923 prev_prio=0 prev_state=S ==> next_comm=mpc_control2 next_pid=2909 next_prio=1
          MATLAB-2309  [001] d...   760.510267: sched_switch: prev_comm=MATLAB prev_pid=2309 prev_prio=120 prev_state=R ==> next_comm=mpc_ctrl next_pid=2923 next_prio=0
      mpc_server-2806  [000] d...   760.510269: sched_switch: prev_comm=mpc_server prev_pid=2806 prev_prio=0 prev_state=S ==> next_comm=swapper/0 next_pid=0 next_prio=120
        mpc_ctrl-2923  [001] d...   760.530698: sched_switch: prev_comm=mpc_ctrl prev_pid=2923 prev_prio=0 prev_state=S ==> next_comm=mpc_control2 next_pid=2909 next_prio=1
    mpc_control2-2909  [001] d...   760.530766: sched_switch: prev_comm=mpc_control2 prev_pid=2909 prev_prio=1 prev_state=R ==> next_comm=mpc_ctrl next_pid=2923 next_prio=0
          MATLAB-2309  [000] d...   760.530851: sched_switch: prev_comm=MATLAB prev_pid=2309 prev_prio=120 prev_state=R ==> next_comm=mpc_server next_pid=2806 next_prio=0
        mpc_ctrl-2923  [001] d...   760.530852: sched_switch: prev_comm=mpc_ctrl prev_pid=2923 prev_prio=0 prev_state=S ==> next_comm=mpc_control2 next_pid=2909 next_prio=1
 webrtc_audio_mo-2091  [001] d...   760.541474: sched_switch: prev_comm=webrtc_audio_mo prev_pid=2091 prev_prio=120 prev_state=R ==> next_comm=mpc_ctrl next_pid=2923 next_prio=0
      mpc_server-2806  [000] d...   760.541477: sched_switch: prev_comm=mpc_server prev_pid=2806 prev_prio=0 prev_state=S ==> next_comm=MATLAB next_pid=2309 next_prio=120
        mpc_ctrl-2923  [001] d...   760.562650: sched_switch: prev_comm=mpc_ctrl prev_pid=2923 prev_prio=0 prev_state=S ==> next_comm=mpc_control2 next_pid=2909 next_prio=1
    mpc_control2-2909  [001] d...   760.562728: sched_switch: prev_comm=mpc_control2 prev_pid=2909 prev_prio=1 prev_state=R ==> next_comm=mpc_ctrl next_pid=2923 next_prio=0
          <idle>-0     [000] d...   760.562864: sched_switch: prev_comm=swapper/0 prev_pid=0 prev_prio=120 prev_state=R ==> next_comm=mpc_server next_pid=2806 next_prio=0
        mpc_ctrl-2923  [001] d...   760.562867: sched_switch: prev_comm=mpc_ctrl prev_pid=2923 prev_prio=0 prev_state=S ==> next_comm=mpc_control2 next_pid=2909 next_prio=1
          MATLAB-2309  [001] d...   760.574260: sched_switch: prev_comm=MATLAB prev_pid=2309 prev_prio=120 prev_state=R ==> next_comm=mpc_ctrl next_pid=2923 next_prio=0
      mpc_server-2806  [000] d...   760.574262: sched_switch: prev_comm=mpc_server prev_pid=2806 prev_prio=0 prev_state=S ==> next_comm=capture thread next_pid=2187 next_prio=120
        mpc_ctrl-2923  [001] d...   760.600176: sched_switch: prev_comm=mpc_ctrl prev_pid=2923 prev_prio=0 prev_state=S ==> next_comm=mpc_control2 next_pid=2909 next_prio=1
    mpc_control2-2909  [001] d...   760.600259: sched_switch: prev_comm=mpc_control2 prev_pid=2909 prev_prio=1 prev_state=R ==> next_comm=mpc_ctrl next_pid=2923 next_prio=0
          <idle>-0     [000] d...   760.600356: sched_switch: prev_comm=swapper/0 prev_pid=0 prev_prio=120 prev_state=R ==> next_comm=mpc_server next_pid=2806 next_prio=0
        mpc_ctrl-2923  [001] d...   760.600359: sched_switch: prev_comm=mpc_ctrl prev_pid=2923 prev_prio=0 prev_state=S ==> next_comm=mpc_control2 next_pid=2909 next_prio=1
