            Xorg-915   [001] d...   760.611485: sched_switch: prev_comm=Xorg prev_pid=915 prev_prio=120 prev_state=R ==> next_comm=mpc_ctrl next_pid=2923 next_prio=0
      mpc_server-2806  [000] d...   760.611487: sched_switch: prev_comm=mpc_server prev_pid=2806 prev_prio=0 prev_state=S ==> next_comm=QThread next_pid=2095 next_prio=120
        mpc_ctrl-2923  [001] d...   760.634245: sched_switch: prev_comm=mpc_ctrl prev_pid=2923 prev_prio=0 prev_state=S ==> next_comm=mpc_control2 next_pid=2909 next_prio=1
    mpc_control2-2909  [001] d...   760.634326: sched_switch: prev_comm=mpc_control2 prev_pid=2909 prev_prio=1 prev_state=R ==> next_comm=mpc_ctrl next_pid=2923 next_prio=0
            Xorg-915   [000] d...   760.634437: sched_switch: prev_comm=Xorg prev_pid=915 prev_prio=120 prev_state=R ==> next_comm=mpc_server next_pid=2806 next_prio=0
        mpc_ctrl-2923  [001] d...   760.634441: sched_switch: prev_comm=mpc_ctrl prev_pid=2923 prev_prio=0 prev_state=S ==> next_comm=mpc_control2 next_pid=2909 next_prio=1
          <idle>-0     [001] d...   760.645605: sched_switch: prev_comm=swapper/1 prev_pid=0 prev_prio=120 prev_state=R ==> next_comm=mpc_ctrl next_pid=2923 next_prio=0
      mpc_server-2806  [000] d...   760.645608: sched_switch: prev_comm=mpc_server prev_pid=2806 prev_prio=0 prev_state=S ==> next_comm=Xorg next_pid=915 next_prio=120
        mpc_ctrl-2923  [001] d...   760.668418: sched_switch: prev_comm=mpc_ctrl prev_pid=2923 prev_prio=0 prev_state=S ==> next_comm=mpc_control2 next_pid=2928 next_prio=1
    mpc_control2-2909  [001] d...   760.668575: sched_switch: prev_comm=mpc_control2 prev_pid=2909 prev_prio=1 prev_state=R ==> next_comm=mpc_ctrl next_pid=2923 next_prio=0
           <...>-2092  [000] d...   760.668697: sched_switch: prev_comm=webrtc_audio_mo prev_pid=2092 prev_prio=120 prev_state=R ==> next_comm=mpc_server next_pid=2806 next_prio=0
        mpc_ctrl-2923  [001] d...   760.668701: sched_switch: prev_comm=mpc_ctrl prev_pid=2923 prev_prio=0 prev_state=S ==> next_comm=mpc_control2 next_pid=2909 next_prio=1
          <idle>-0     [001] d...   760.680675: sched_switch: prev_comm=swapper/1 prev_pid=0 prev_prio=120 prev_state=R ==> next_comm=mpc_ctrl next_pid=2923 next_prio=0
      mpc_server-2806  [000] d...   760.680680: sched_switch: prev_comm=mpc_server prev_pid=2806 prev_prio=0 prev_state=S ==> next_comm=kworker/0:2 next_pid=305 next_prio=120
        mpc_ctrl-2923  [001] d...   760.709868: sched_switch: prev_comm=mpc_ctrl prev_pid=2923 prev_prio=0 prev_state=S ==> next_comm=mpc_control2 next_pid=2909 next_prio=1
    mpc_control2-2909  [001] d...   760.709951: sched_switch: prev_comm=mpc_control2 prev_pid=2909 prev_prio=1 prev_state=R ==> next_comm=mpc_ctrl next_pid=2923 next_prio=0
          MATLAB-2332  [000] d...   760.710095: sched_switch: prev_comm=MATLAB prev_pid=2332 prev_prio=120 prev_state=R ==> next_comm=mpc_server next_pid=2806 next_prio=0
        mpc_ctrl-2923  [001] d...   760.710096: sched_switch: prev_comm=mpc_ctrl prev_pid=2923 prev_prio=0 prev_state=S ==> next_comm=mpc_control2 next_pid=2909 next_prio=1
            Xorg-915   [001] d...   760.734775: sched_switch: prev_comm=Xorg prev_pid=915 prev_prio=120 prev_state=R+ ==> next_comm=mpc_ctrl next_pid=2923 next_prio=0
      mpc_server-2806  [000] d...   760.734777: sched_switch: prev_comm=mpc_server prev_pid=2806 prev_prio=0 prev_state=S ==> next_comm=swapper/0 next_pid=0 next_prio=120
        mpc_ctrl-2923  [001] d...   760.760804: sched_switch: prev_comm=mpc_ctrl prev_pid=2923 prev_prio=0 prev_state=S ==> next_comm=mpc_control2 next_pid=2909 next_prio=1
    mpc_control2-2909  [001] d...   760.760907: sched_switch: prev_comm=mpc_control2 prev_pid=2909 prev_prio=1 prev_state=R ==> next_comm=mpc_ctrl next_pid=2923 next_prio=0
          MATLAB-2942  [000] d...   760.761088: sched_switch: prev_comm=MATLAB prev_pid=2942 prev_prio=120 prev_state=R ==> next_comm=mpc_server next_pid=2806 next_prio=0
        mpc_ctrl-2923  [001] d...   760.761090: sched_switch: prev_comm=mpc_ctrl prev_pid=2923 prev_prio=0 prev_state=S ==> next_comm=mpc_control2 next_pid=2909 next_prio=1
          <idle>-0     [001] d...   760.773323: sched_switch: prev_comm=swapper/1 prev_pid=0 prev_prio=120 prev_state=R ==> next_comm=mpc_ctrl next_pid=2923 next_prio=0
      mpc_server-2806  [000] d...   760.773325: sched_switch: prev_comm=mpc_server prev_pid=2806 prev_prio=0 prev_state=S ==> next_comm=zoom next_pid=2057 next_prio=120
        mpc_ctrl-2923  [001] d...   760.797943: sched_switch: prev_comm=mpc_ctrl prev_pid=2923 prev_prio=0 prev_state=S ==> next_comm=mpc_control2 next_pid=2928 next_prio=1
    mpc_control2-2909  [001] d...   760.798096: sched_switch: prev_comm=mpc_control2 prev_pid=2909 prev_prio=1 prev_state=R ==> next_comm=mpc_ctrl next_pid=2923 next_prio=0
          MATLAB-2323  [000] d...   760.798212: sched_switch: prev_comm=MATLAB prev_pid=2323 prev_prio=120 prev_state=R ==> next_comm=mpc_server next_pid=2806 next_prio=0
        mpc_ctrl-2923  [001] d...   760.798214: sched_switch: prev_comm=mpc_ctrl prev_pid=2923 prev_prio=0 prev_state=S ==> next_comm=mpc_control2 next_pid=2909 next_prio=1
          <idle>-0     [001] d...   760.811095: sched_switch: prev_comm=swapper/1 prev_pid=0 prev_prio=120 prev_state=R ==> next_comm=mpc_ctrl next_pid=2923 next_prio=0
      mpc_server-2806  [000] d...   760.811100: sched_switch: prev_comm=mpc_server prev_pid=2806 prev_prio=0 prev_state=S ==> next_comm=zoom.db next_pid=2058 next_prio=120
        mpc_ctrl-2923  [001] d...   760.834092: sched_switch: prev_comm=mpc_ctrl prev_pid=2923 prev_prio=0 prev_state=S ==> next_comm=mpc_control2 next_pid=2909 next_prio=1
    mpc_control2-2909  [001] d...   760.834162: sched_switch: prev_comm=mpc_control2 prev_pid=2909 prev_prio=1 prev_state=R ==> next_comm=mpc_ctrl next_pid=2923 next_prio=0
          MATLAB-2345  [000] d...   760.834230: sched_switch: prev_comm=MATLAB prev_pid=2345 prev_prio=120 prev_state=R ==> next_comm=mpc_server next_pid=2806 next_prio=0
        mpc_ctrl-2923  [001] d...   760.834232: sched_switch: prev_comm=mpc_ctrl prev_pid=2923 prev_prio=0 prev_state=S ==> next_comm=mpc_control2 next_pid=2909 next_prio=1
          MATLAB-2309  [001] d...   760.847427: sched_switch: prev_comm=MATLAB prev_pid=2309 prev_prio=120 prev_state=R ==> next_comm=mpc_ctrl next_pid=2923 next_prio=0
      mpc_server-2806  [000] d...   760.847430: sched_switch: prev_comm=mpc_server prev_pid=2806 prev_prio=0 prev_state=S ==> next_comm=rcu_sched next_pid=11 next_prio=120
        mpc_ctrl-2923  [001] d...   760.871368: sched_switch: prev_comm=mpc_ctrl prev_pid=2923 prev_prio=0 prev_state=S ==> next_comm=mpc_control2 next_pid=2929 next_prio=1
    mpc_control2-2909  [001] d...   760.871474: sched_switch: prev_comm=mpc_control2 prev_pid=2909 prev_prio=1 prev_state=R ==> next_comm=mpc_ctrl next_pid=2923 next_prio=0
            Xorg-915   [000] d...   760.871608: sched_switch: prev_comm=Xorg prev_pid=915 prev_prio=120 prev_state=R ==> next_comm=mpc_server next_pid=2806 next_prio=0
        mpc_ctrl-2923  [001] d...   760.871610: sched_switch: prev_comm=mpc_ctrl prev_pid=2923 prev_prio=0 prev_state=S ==> next_comm=mpc_control2 next_pid=2909 next_prio=1
          MATLAB-2309  [001] d...   760.884946: sched_switch: prev_comm=MATLAB prev_pid=2309 prev_prio=120 prev_state=R ==> next_comm=mpc_ctrl next_pid=2923 next_prio=0
      mpc_server-2806  [000] d...   760.884949: sched_switch: prev_comm=mpc_server prev_pid=2806 prev_prio=0 prev_state=S ==> next_comm=QThread next_pid=2095 next_prio=120
        mpc_ctrl-2923  [001] d...   760.908343: sched_switch: prev_comm=mpc_ctrl prev_pid=2923 prev_prio=0 prev_state=S ==> next_comm=mpc_control2 next_pid=2909 next_prio=1
    mpc_control2-2909  [001] d...   760.908425: sched_switch: prev_comm=mpc_control2 prev_pid=2909 prev_prio=1 prev_state=R ==> next_comm=mpc_ctrl next_pid=2923 next_prio=0
  capture thread-2187  [000] d...   760.908539: sched_switch: prev_comm=capture thread prev_pid=2187 prev_prio=120 prev_state=R ==> next_comm=mpc_server next_pid=2806 next_prio=0
        mpc_ctrl-2923  [001] d...   760.908541: sched_switch: prev_comm=mpc_ctrl prev_pid=2923 prev_prio=0 prev_state=S ==> next_comm=mpc_control2 next_pid=2909 next_prio=1
          <idle>-0     [001] d...   760.922047: sched_switch: prev_comm=swapper/1 prev_pid=0 prev_prio=120 prev_state=R ==> next_comm=mpc_ctrl next_pid=2923 next_prio=0
      mpc_server-2806  [000] d...   760.922051: sched_switch: prev_comm=mpc_server prev_pid=2806 prev_prio=0 prev_state=S ==> next_comm=rcu_sched next_pid=11 next_prio=120
        mpc_ctrl-2923  [001] d...   760.947387: sched_switch: prev_comm=mpc_ctrl prev_pid=2923 prev_prio=0 prev_state=S ==> next_comm=mpc_control2 next_pid=2928 next_prio=1
    mpc_control2-2909  [001] d...   760.947573: sched_switch: prev_comm=mpc_control2 prev_pid=2909 prev_prio=1 prev_state=R ==> next_comm=mpc_ctrl next_pid=2923 next_prio=0
            Xorg-915   [000] d...   760.947734: sched_switch: prev_comm=Xorg prev_pid=915 prev_prio=120 prev_state=R ==> next_comm=mpc_server next_pid=2806 next_prio=0
        mpc_ctrl-2923  [001] d...   760.947737: sched_switch: prev_comm=mpc_ctrl prev_pid=2923 prev_prio=0 prev_state=S ==> next_comm=mpc_control2 next_pid=2909 next_prio=1
            Xorg-915   [001] d...   760.961793: sched_switch: prev_comm=Xorg prev_pid=915 prev_prio=120 prev_state=R+ ==> next_comm=mpc_ctrl next_pid=2923 next_prio=0
      mpc_server-2806  [000] d...   760.961795: sched_switch: prev_comm=mpc_server prev_pid=2806 prev_prio=0 prev_state=S ==> next_comm=QThread next_pid=2103 next_prio=120
        mpc_ctrl-2923  [001] d...   760.986808: sched_switch: prev_comm=mpc_ctrl prev_pid=2923 prev_prio=0 prev_state=S ==> next_comm=mpc_control2 next_pid=2929 next_prio=1
    mpc_control2-2909  [001] d...   760.986915: sched_switch: prev_comm=mpc_control2 prev_pid=2909 prev_prio=1 prev_state=R ==> next_comm=mpc_ctrl next_pid=2923 next_prio=0
          MATLAB-2345  [000] d...   760.987037: sched_switch: prev_comm=MATLAB prev_pid=2345 prev_prio=120 prev_state=R ==> next_comm=mpc_server next_pid=2806 next_prio=0
        mpc_ctrl-2923  [001] d...   760.987039: sched_switch: prev_comm=mpc_ctrl prev_pid=2923 prev_prio=0 prev_state=S ==> next_comm=mpc_control2 next_pid=2909 next_prio=1
      mpc_server-2806  [000] d...   760.997714: sched_switch: prev_comm=mpc_server prev_pid=2806 prev_prio=0 prev_state=S ==> next_comm=MATLAB next_pid=2345 next_prio=120
          <idle>-0     [001] d...   760.997742: sched_switch: prev_comm=swapper/1 prev_pid=0 prev_prio=120 prev_state=R ==> next_comm=mpc_ctrl next_pid=2923 next_prio=0
        mpc_ctrl-2923  [001] d...   761.019657: sched_switch: prev_comm=mpc_ctrl prev_pid=2923 prev_prio=0 prev_state=S ==> next_comm=mpc_control2 next_pid=2909 next_prio=1
    mpc_control2-2909  [001] d...   761.019741: sched_switch: prev_comm=mpc_control2 prev_pid=2909 prev_prio=1 prev_state=R ==> next_comm=mpc_ctrl next_pid=2923 next_prio=0
          MATLAB-2942  [000] d...   761.019880: sched_switch: prev_comm=MATLAB prev_pid=2942 prev_prio=120 prev_state=R ==> next_comm=mpc_server next_pid=2806 next_prio=0
        mpc_ctrl-2923  [001] d...   761.019882: sched_switch: prev_comm=mpc_ctrl prev_pid=2923 prev_prio=0 prev_state=S ==> next_comm=mpc_control2 next_pid=2909 next_prio=1
          MATLAB-2334  [001] d...   761.032448: sched_switch: prev_comm=MATLAB prev_pid=2334 prev_prio=120 prev_state=R ==> next_comm=mpc_ctrl next_pid=2923 next_prio=0
      mpc_server-2806  [000] d...   761.032451: sched_switch: prev_comm=mpc_server prev_pid=2806 prev_prio=0 prev_state=S ==> next_comm=swapper/0 next_pid=0 next_prio=120
        mpc_ctrl-2923  [001] d...   761.055771: sched_switch: prev_comm=mpc_ctrl prev_pid=2923 prev_prio=0 prev_state=S ==> next_comm=mpc_control2 next_pid=2928 next_prio=1
    mpc_control2-2909  [001] d...   761.055908: sched_switch: prev_comm=mpc_control2 prev_pid=2909 prev_prio=1 prev_state=R ==> next_comm=mpc_ctrl next_pid=2923 next_prio=0
          <idle>-0     [000] d...   761.056018: sched_switch: prev_comm=swapper/0 prev_pid=0 prev_prio=120 prev_state=R ==> next_comm=mpc_server next_pid=2806 next_prio=0
        mpc_ctrl-2923  [001] d...   761.056021: sched_switch: prev_comm=mpc_ctrl prev_pid=2923 prev_prio=0 prev_state=S ==> next_comm=mpc_control2 next_pid=2909 next_prio=1
          <idle>-0     [001] d...   761.067169: sched_switch: prev_comm=swapper/1 prev_pid=0 prev_prio=120 prev_state=R ==> next_comm=mpc_ctrl next_pid=2923 next_prio=0
      mpc_server-2806  [000] d...   761.067171: sched_switch: prev_comm=mpc_server prev_pid=2806 prev_prio=0 prev_state=S ==> next_comm=swapper/0 next_pid=0 next_prio=120
        mpc_ctrl-2923  [001] d...   761.089630: sched_switch: prev_comm=mpc_ctrl prev_pid=2923 prev_prio=0 prev_state=S ==> next_comm=mpc_control2 next_pid=2929 next_prio=1
    mpc_control2-2909  [001] d...   761.089745: sched_switch: prev_comm=mpc_control2 prev_pid=2909 prev_prio=1 prev_state=R ==> next_comm=mpc_ctrl next_pid=2923 next_prio=0
          <idle>-0     [000] d...   761.089832: sched_switch: prev_comm=swapper/0 prev_pid=0 prev_prio=120 prev_state=R ==> next_comm=mpc_server next_pid=2806 next_prio=0
        mpc_ctrl-2923  [001] d...   761.089836: sched_switch: prev_comm=mpc_ctrl prev_pid=2923 prev_prio=0 prev_state=S ==> next_comm=mpc_control2 next_pid=2909 next_prio=1
 webrtc_audio_mo-2091  [001] d...   761.100514: sched_switch: prev_comm=webrtc_audio_mo prev_pid=2091 prev_prio=120 prev_state=R ==> next_comm=mpc_ctrl next_pid=2923 next_prio=0
      mpc_server-2806  [000] d...   761.100518: sched_switch: prev_comm=mpc_server prev_pid=2806 prev_prio=0 prev_state=S ==> next_comm=CrBrowserMain next_pid=2436 next_prio=120
        mpc_ctrl-2923  [001] d...   761.126169: sched_switch: prev_comm=mpc_ctrl prev_pid=2923 prev_prio=0 prev_state=S ==> next_comm=mpc_control2 next_pid=2909 next_prio=1
    mpc_control2-2909  [001] d...   761.126265: sched_switch: prev_comm=mpc_control2 prev_pid=2909 prev_prio=1 prev_state=R ==> next_comm=mpc_ctrl next_pid=2923 next_prio=0
          MATLAB-2345  [000] d...   761.126469: sched_switch: prev_comm=MATLAB prev_pid=2345 prev_prio=120 prev_state=R ==> next_comm=mpc_server next_pid=2806 next_prio=0
        mpc_ctrl-2923  [001] d...   761.126473: sched_switch: prev_comm=mpc_ctrl prev_pid=2923 prev_prio=0 prev_state=S ==> next_comm=mpc_control2 next_pid=2909 next_prio=1
 webrtc_audio_mo-2091  [001] d...   761.140330: sched_switch: prev_comm=webrtc_audio_mo prev_pid=2091 prev_prio=120 prev_state=R ==> next_comm=mpc_ctrl next_pid=2923 next_prio=0
      mpc_server-2806  [000] d...   761.140332: sched_switch: prev_comm=mpc_server prev_pid=2806 prev_prio=0 prev_state=S ==> next_comm=rcu_sched next_pid=11 next_prio=120
        mpc_ctrl-2923  [001] d...   761.163581: sched_switch: prev_comm=mpc_ctrl prev_pid=2923 prev_prio=0 prev_state=S ==> next_comm=mpc_control2 next_pid=2909 next_prio=1
    mpc_control2-2909  [001] d...   761.163651: sched_switch: prev_comm=mpc_control2 prev_pid=2909 prev_prio=1 prev_state=R ==> next_comm=mpc_ctrl next_pid=2923 next_prio=0
          <idle>-0     [000] d...   761.163743: sched_switch: prev_comm=swapper/0 prev_pid=0 prev_prio=120 prev_state=R ==> next_comm=mpc_server next_pid=2806 next_prio=0
        mpc_ctrl-2923  [001] d...   761.163745: sched_switch: prev_comm=mpc_ctrl prev_pid=2923 prev_prio=0 prev_state=S ==> next_comm=mpc_control2 next_pid=2909 next_prio=1
          <idle>-0     [001] d...   761.175386: sched_switch: prev_comm=swapper/1 prev_pid=0 prev_prio=120 prev_state=R ==> next_comm=mpc_ctrl next_pid=2923 next_prio=0
      mpc_server-2806  [000] d...   761.175388: sched_switch: prev_comm=mpc_server prev_pid=2806 prev_prio=0 prev_state=S ==> next_comm=swapper/0 next_pid=0 next_prio=120
        mpc_ctrl-2923  [001] d...   761.197419: sched_switch: prev_comm=mpc_ctrl prev_pid=2923 prev_prio=0 prev_state=S ==> next_comm=mpc_control2 next_pid=2929 next_prio=1
    mpc_control2-2909  [001] d...   761.197518: sched_switch: prev_comm=mpc_control2 prev_pid=2909 prev_prio=1 prev_state=R ==> next_comm=mpc_ctrl next_pid=2923 next_prio=0
        mpc_ctrl-2923  [001] d...   761.197604: sched_switch: prev_comm=mpc_ctrl prev_pid=2923 prev_prio=0 prev_state=S ==> next_comm=mpc_control2 next_pid=2909 next_prio=1
          <idle>-0     [000] d...   761.197632: sched_switch: prev_comm=swapper/0 prev_pid=0 prev_prio=120 prev_state=R ==> next_comm=mpc_server next_pid=2806 next_prio=0
          MATLAB-2351  [001] d...   761.209634: sched_switch: prev_comm=MATLAB prev_pid=2351 prev_prio=120 prev_state=S ==> next_comm=mpc_ctrl next_pid=2923 next_prio=0
      mpc_server-2806  [000] d...   761.209637: sched_switch: prev_comm=mpc_server prev_pid=2806 prev_prio=0 prev_state=S ==> next_comm=MATLAB next_pid=2960 next_prio=120
        mpc_ctrl-2923  [001] d...   761.232490: sched_switch: prev_comm=mpc_ctrl prev_pid=2923 prev_prio=0 prev_state=S ==> next_comm=mpc_control2 next_pid=2928 next_prio=1
    mpc_control2-2909  [001] d...   761.232624: sched_switch: prev_comm=mpc_control2 prev_pid=2909 prev_prio=1 prev_state=R ==> next_comm=mpc_ctrl next_pid=2923 next_prio=0
 webrtc_audio_mo-2091  [000] d...   761.232738: sched_switch: prev_comm=webrtc_audio_mo prev_pid=2091 prev_prio=120 prev_state=R ==> next_comm=mpc_server next_pid=2806 next_prio=0
        mpc_ctrl-2923  [001] d...   761.232740: sched_switch: prev_comm=mpc_ctrl prev_pid=2923 prev_prio=0 prev_state=S ==> next_comm=mpc_control2 next_pid=2909 next_prio=1
      mpc_server-2806  [000] d...   761.244039: sched_switch: prev_comm=mpc_server prev_pid=2806 prev_prio=0 prev_state=S ==> next_comm=swapper/0 next_pid=0 next_prio=120
          <idle>-0     [001] d...   761.244067: sched_switch: prev_comm=swapper/1 prev_pid=0 prev_prio=120 prev_state=R ==> next_comm=mpc_ctrl next_pid=2923 next_prio=0
        mpc_ctrl-2923  [001] d...   761.268244: sched_switch: prev_comm=mpc_ctrl prev_pid=2923 prev_prio=0 prev_state=S ==> next_comm=mpc_control2 next_pid=2909 next_prio=1
    mpc_control2-2909  [001] d...   761.268347: sched_switch: prev_comm=mpc_control2 prev_pid=2909 prev_prio=1 prev_state=R ==> next_comm=mpc_ctrl next_pid=2923 next_prio=0
            Xorg-915   [000] d...   761.268447: sched_switch: prev_comm=Xorg prev_pid=915 prev_prio=120 prev_state=R ==> next_comm=mpc_server next_pid=2806 next_prio=0
        mpc_ctrl-2923  [001] d...   761.268450: sched_switch: prev_comm=mpc_ctrl prev_pid=2923 prev_prio=0 prev_state=S ==> next_comm=mpc_control2 next_pid=2909 next_prio=1
          MATLAB-2345  [001] d...   761.282666: sched_switch: prev_comm=MATLAB prev_pid=2345 prev_prio=120 prev_state=R ==> next_comm=mpc_ctrl next_pid=2923 next_prio=0
      mpc_server-2806  [000] d...   761.282670: sched_switch: prev_comm=mpc_server prev_pid=2806 prev_prio=0 prev_state=S ==> next_comm=zoom.dns next_pid=2130 next_prio=120
        mpc_ctrl-2923  [001] d...   761.311408: sched_switch: prev_comm=mpc_ctrl prev_pid=2923 prev_prio=0 prev_state=S ==> next_comm=mpc_control2 next_pid=2929 next_prio=1
    mpc_control2-2909  [001] d...   761.311563: sched_switch: prev_comm=mpc_control2 prev_pid=2909 prev_prio=1 prev_state=R ==> next_comm=mpc_ctrl next_pid=2923 next_prio=0
          <idle>-0     [000] d...   761.311698: sched_switch: prev_comm=swapper/0 prev_pid=0 prev_prio=120 prev_state=R ==> next_comm=mpc_server next_pid=2806 next_prio=0
        mpc_ctrl-2923  [001] d...   761.311702: sched_switch: prev_comm=mpc_ctrl prev_pid=2923 prev_prio=0 prev_state=S ==> next_comm=mpc_control2 next_pid=2909 next_prio=1
          <idle>-0     [001] d...   761.323598: sched_switch: prev_comm=swapper/1 prev_pid=0 prev_prio=120 prev_state=R ==> next_comm=mpc_ctrl next_pid=2923 next_prio=0
      mpc_server-2806  [000] d...   761.323600: sched_switch: prev_comm=mpc_server prev_pid=2806 prev_prio=0 prev_state=S ==> next_comm=swapper/0 next_pid=0 next_prio=120
        mpc_ctrl-2923  [001] d...   761.346756: sched_switch: prev_comm=mpc_ctrl prev_pid=2923 prev_prio=0 prev_state=S ==> next_comm=mpc_control2 next_pid=2909 next_prio=1
    mpc_control2-2909  [001] d...   761.346852: sched_switch: prev_comm=mpc_control2 prev_pid=2909 prev_prio=1 prev_state=R ==> next_comm=mpc_ctrl next_pid=2923 next_prio=0
          <idle>-0     [000] d...   761.346977: sched_switch: prev_comm=swapper/0 prev_pid=0 prev_prio=120 prev_state=R ==> next_comm=mpc_server next_pid=2806 next_prio=0
        mpc_ctrl-2923  [001] d...   761.346980: sched_switch: prev_comm=mpc_ctrl prev_pid=2923 prev_prio=0 prev_state=S ==> next_comm=mpc_control2 next_pid=2909 next_prio=1
          MATLAB-2942  [001] d...   761.359009: sched_switch: prev_comm=MATLAB prev_pid=2942 prev_prio=120 prev_state=R ==> next_comm=mpc_ctrl next_pid=2923 next_prio=0
      mpc_server-2806  [000] d...   761.359011: sched_switch: prev_comm=mpc_server prev_pid=2806 prev_prio=0 prev_state=S ==> next_comm=swapper/0 next_pid=0 next_prio=120
        mpc_ctrl-2923  [001] d...   761.382694: sched_switch: prev_comm=mpc_ctrl prev_pid=2923 prev_prio=0 prev_state=S ==> next_comm=mpc_control2 next_pid=2928 next_prio=1
    mpc_control2-2909  [001] d...   761.382828: sched_switch: prev_comm=mpc_control2 prev_pid=2909 prev_prio=1 prev_state=R ==> next_comm=mpc_ctrl next_pid=2923 next_prio=0
          <idle>-0     [000] d...   761.382916: sched_switch: prev_comm=swapper/0 prev_pid=0 prev_prio=120 prev_state=R ==> next_comm=mpc_server next_pid=2806 next_prio=0
        mpc_ctrl-2923  [001] d...   761.382918: sched_switch: prev_comm=mpc_ctrl prev_pid=2923 prev_prio=0 prev_state=S ==> next_comm=mpc_control2 next_pid=2909 next_prio=1
          <idle>-0     [001] d...   761.395677: sched_switch: prev_comm=swapper/1 prev_pid=0 prev_prio=120 prev_state=R ==> next_comm=mpc_ctrl next_pid=2923 next_prio=0
      mpc_server-2806  [000] d...   761.395682: sched_switch: prev_comm=mpc_server prev_pid=2806 prev_prio=0 prev_state=S ==> next_comm=zlt.tid2200 next_pid=2200 next_prio=120
        mpc_ctrl-2923  [001] d...   761.419852: sched_switch: prev_comm=mpc_ctrl prev_pid=2923 prev_prio=0 prev_state=S ==> next_comm=mpc_control2 next_pid=2929 next_prio=1
    mpc_control2-2909  [001] d...   761.419977: sched_switch: prev_comm=mpc_control2 prev_pid=2909 prev_prio=1 prev_state=R ==> next_comm=mpc_ctrl next_pid=2923 next_prio=0
          MATLAB-2309  [000] d...   761.420128: sched_switch: prev_comm=MATLAB prev_pid=2309 prev_prio=120 prev_state=R ==> next_comm=mpc_server next_pid=2806 next_prio=0
        mpc_ctrl-2923  [001] d...   761.420131: sched_switch: prev_comm=mpc_ctrl prev_pid=2923 prev_prio=0 prev_state=S ==> next_comm=mpc_control2 next_pid=2909 next_prio=1
          MATLAB-2345  [001] d...   761.432280: sched_switch: prev_comm=MATLAB prev_pid=2345 prev_prio=120 prev_state=R ==> next_comm=mpc_ctrl next_pid=2923 next_prio=0
      mpc_server-2806  [000] d...   761.432284: sched_switch: prev_comm=mpc_server prev_pid=2806 prev_prio=0 prev_state=S ==> next_comm=QThread next_pid=2103 next_prio=120
        mpc_ctrl-2923  [001] d...   761.457432: sched_switch: prev_comm=mpc_ctrl prev_pid=2923 prev_prio=0 prev_state=S ==> next_comm=mpc_control2 next_pid=2909 next_prio=1
    mpc_control2-2909  [001] d...   761.457505: sched_switch: prev_comm=mpc_control2 prev_pid=2909 prev_prio=1 prev_state=R ==> next_comm=mpc_ctrl next_pid=2923 next_prio=0
            Xorg-915   [000] d...   761.457587: sched_switch: prev_comm=Xorg prev_pid=915 prev_prio=120 prev_state=R ==> next_comm=mpc_server next_pid=2806 next_prio=0
        mpc_ctrl-2923  [001] d...   761.457588: sched_switch: prev_comm=mpc_ctrl prev_pid=2923 prev_prio=0 prev_state=S ==> next_comm=mpc_control2 next_pid=2909 next_prio=1
          <idle>-0     [001] d...   761.472108: sched_switch: prev_comm=swapper/1 prev_pid=0 prev_prio=120 prev_state=R ==> next_comm=mpc_ctrl next_pid=2923 next_prio=0
      mpc_server-2806  [000] d...   761.472113: sched_switch: prev_comm=mpc_server prev_pid=2806 prev_prio=0 prev_state=S ==> next_comm=swapper/0 next_pid=0 next_prio=120
        mpc_ctrl-2923  [001] d...   761.496344: sched_switch: prev_comm=mpc_ctrl prev_pid=2923 prev_prio=0 prev_state=S ==> next_comm=mpc_control2 next_pid=2909 next_prio=1
    mpc_control2-2909  [001] d...   761.496446: sched_switch: prev_comm=mpc_control2 prev_pid=2909 prev_prio=1 prev_state=R ==> next_comm=mpc_ctrl next_pid=2923 next_prio=0
          MATLAB-2328  [000] d...   761.496504: sched_switch: prev_comm=MATLAB prev_pid=2328 prev_prio=120 prev_state=R ==> next_comm=mpc_server next_pid=2806 next_prio=0
        mpc_ctrl-2923  [001] d...   761.496506: sched_switch: prev_comm=mpc_ctrl prev_pid=2923 prev_prio=0 prev_state=S ==> next_comm=mpc_control2 next_pid=2909 next_prio=1
          MATLAB-2309  [001] d...   761.508120: sched_switch: prev_comm=MATLAB prev_pid=2309 prev_prio=120 prev_state=R ==> next_comm=mpc_ctrl next_pid=2923 next_prio=0
      mpc_server-2806  [000] d...   761.508123: sched_switch: prev_comm=mpc_server prev_pid=2806 prev_prio=0 prev_state=S ==> next_comm=swapper/0 next_pid=0 next_prio=120
        mpc_ctrl-2923  [001] d...   761.531180: sched_switch: prev_comm=mpc_ctrl prev_pid=2923 prev_prio=0 prev_state=S ==> next_comm=mpc_control2 next_pid=2929 next_prio=1
    mpc_control2-2909  [001] d...   761.531340: sched_switch: prev_comm=mpc_control2 prev_pid=2909 prev_prio=1 prev_state=R ==> next_comm=mpc_ctrl next_pid=2923 next_prio=0
          <idle>-0     [000] d...   761.531480: sched_switch: prev_comm=swapper/0 prev_pid=0 prev_prio=120 prev_state=R ==> next_comm=mpc_server next_pid=2806 next_prio=0
        mpc_ctrl-2923  [001] d...   761.531483: sched_switch: prev_comm=mpc_ctrl prev_pid=2923 prev_prio=0 prev_state=S ==> next_comm=mpc_control2 next_pid=2909 next_prio=1
          MATLAB-2345  [001] d...   761.543455: sched_switch: prev_comm=MATLAB prev_pid=2345 prev_prio=120 prev_state=R ==> next_comm=mpc_ctrl next_pid=2923 next_prio=0
      mpc_server-2806  [000] d...   761.543457: sched_switch: prev_comm=mpc_server prev_pid=2806 prev_prio=0 prev_state=S ==> next_comm=swapper/0 next_pid=0 next_prio=120
        mpc_ctrl-2923  [001] d...   761.567301: sched_switch: prev_comm=mpc_ctrl prev_pid=2923 prev_prio=0 prev_state=S ==> next_comm=mpc_control2 next_pid=2909 next_prio=1
    mpc_control2-2909  [001] d...   761.567379: sched_switch: prev_comm=mpc_control2 prev_pid=2909 prev_prio=1 prev_state=R ==> next_comm=mpc_ctrl next_pid=2923 next_prio=0
          <idle>-0     [000] d...   761.567459: sched_switch: prev_comm=swapper/0 prev_pid=0 prev_prio=120 prev_state=R ==> next_comm=mpc_server next_pid=2806 next_prio=0
        mpc_ctrl-2923  [001] d...   761.567460: sched_switch: prev_comm=mpc_ctrl prev_pid=2923 prev_prio=0 prev_state=S ==> next_comm=mpc_control2 next_pid=2909 next_prio=1
          MATLAB-2942  [001] d...   761.579715: sched_switch: prev_comm=MATLAB prev_pid=2942 prev_prio=120 prev_state=R ==> next_comm=mpc_ctrl next_pid=2923 next_prio=0
      mpc_server-2806  [000] d...   761.579719: sched_switch: prev_comm=mpc_server prev_pid=2806 prev_prio=0 prev_state=S ==> next_comm=kworker/0:2 next_pid=305 next_prio=120
        mpc_ctrl-2923  [001] d...   761.603114: sched_switch: prev_comm=mpc_ctrl prev_pid=2923 prev_prio=0 prev_state=S ==> next_comm=mpc_control2 next_pid=2928 next_prio=1
    mpc_control2-2909  [001] d...   761.603270: sched_switch: prev_comm=mpc_control2 prev_pid=2909 prev_prio=1 prev_state=R ==> next_comm=mpc_ctrl next_pid=2923 next_prio=0
            Xorg-915   [000] d...   761.603490: sched_switch: prev_comm=Xorg prev_pid=915 prev_prio=120 prev_state=R+ ==> next_comm=mpc_server next_pid=2806 next_prio=0
        mpc_ctrl-2923  [001] d...   761.603491: sched_switch: prev_comm=mpc_ctrl prev_pid=2923 prev_prio=0 prev_state=S ==> next_comm=mpc_control2 next_pid=2909 next_prio=1
          MATLAB-2334  [001] d...   761.618642: sched_switch: prev_comm=MATLAB prev_pid=2334 prev_prio=120 prev_state=R ==> next_comm=mpc_ctrl next_pid=2923 next_prio=0
      mpc_server-2806  [000] d...   761.618644: sched_switch: prev_comm=mpc_server prev_pid=2806 prev_prio=0 prev_state=S ==> next_comm=kworker/u8:0 next_pid=8 next_prio=120
        mpc_ctrl-2923  [001] d...   761.644938: sched_switch: prev_comm=mpc_ctrl prev_pid=2923 prev_prio=0 prev_state=S ==> next_comm=mpc_control2 next_pid=2929 next_prio=1
    mpc_control2-2909  [001] d...   761.645029: sched_switch: prev_comm=mpc_control2 prev_pid=2909 prev_prio=1 prev_state=R ==> next_comm=mpc_ctrl next_pid=2923 next_prio=0
            Xorg-915   [000] d...   761.645120: sched_switch: prev_comm=Xorg prev_pid=915 prev_prio=120 prev_state=R ==> next_comm=mpc_server next_pid=2806 next_prio=0
        mpc_ctrl-2923  [001] d...   761.645121: sched_switch: prev_comm=mpc_ctrl prev_pid=2923 prev_prio=0 prev_state=S ==> next_comm=mpc_control2 next_pid=2909 next_prio=1
          MATLAB-2309  [001] d...   761.658079: sched_switch: prev_comm=MATLAB prev_pid=2309 prev_prio=120 prev_state=R ==> next_comm=mpc_ctrl next_pid=2923 next_prio=0
      mpc_server-2806  [000] d...   761.658083: sched_switch: prev_comm=mpc_server prev_pid=2806 prev_prio=0 prev_state=S ==> next_comm=Xorg next_pid=915 next_prio=120
        mpc_ctrl-2923  [001] d...   761.682944: sched_switch: prev_comm=mpc_ctrl prev_pid=2923 prev_prio=0 prev_state=S ==> next_comm=mpc_control2 next_pid=2928 next_prio=1
    mpc_control2-2909  [001] d...   761.683097: sched_switch: prev_comm=mpc_control2 prev_pid=2909 prev_prio=1 prev_state=R ==> next_comm=mpc_ctrl next_pid=2923 next_prio=0
          <idle>-0     [000] d...   761.683199: sched_switch: prev_comm=swapper/0 prev_pid=0 prev_prio=120 prev_state=R ==> next_comm=mpc_server next_pid=2806 next_prio=0
        mpc_ctrl-2923  [001] d...   761.683207: sched_switch: prev_comm=mpc_ctrl prev_pid=2923 prev_prio=0 prev_state=S ==> next_comm=mpc_control2 next_pid=2909 next_prio=1
 Chrome_ChildIOT-2545  [001] d...   761.696486: sched_switch: prev_comm=Chrome_ChildIOT prev_pid=2545 prev_prio=120 prev_state=R ==> next_comm=mpc_ctrl next_pid=2923 next_prio=0
      mpc_server-2806  [000] d...   761.696489: sched_switch: prev_comm=mpc_server prev_pid=2806 prev_prio=0 prev_state=S ==> next_comm=kworker/0:2 next_pid=305 next_prio=120
        mpc_ctrl-2923  [001] d...   761.720212: sched_switch: prev_comm=mpc_ctrl prev_pid=2923 prev_prio=0 prev_state=S ==> next_comm=mpc_control2 next_pid=2909 next_prio=1
    mpc_control2-2909  [001] d...   761.720297: sched_switch: prev_comm=mpc_control2 prev_pid=2909 prev_prio=1 prev_state=R ==> next_comm=mpc_ctrl next_pid=2923 next_prio=0
          MATLAB-2309  [000] d...   761.720442: sched_switch: prev_comm=MATLAB prev_pid=2309 prev_prio=120 prev_state=R ==> next_comm=mpc_server next_pid=2806 next_prio=0
        mpc_ctrl-2923  [001] d...   761.720444: sched_switch: prev_comm=mpc_ctrl prev_pid=2923 prev_prio=0 prev_state=S ==> next_comm=mpc_control2 next_pid=2909 next_prio=1
      mpc_server-2806  [000] d...   761.733794: sched_switch: prev_comm=mpc_server prev_pid=2806 prev_prio=0 prev_state=S ==> next_comm=swapper/0 next_pid=0 next_prio=120
          <idle>-0     [001] d...   761.733810: sched_switch: prev_comm=swapper/1 prev_pid=0 prev_prio=120 prev_state=R ==> next_comm=mpc_ctrl next_pid=2923 next_prio=0
        mpc_ctrl-2923  [001] d...   761.757569: sched_switch: prev_comm=mpc_ctrl prev_pid=2923 prev_prio=0 prev_state=S ==> next_comm=mpc_control2 next_pid=2929 next_prio=1
    mpc_control2-2909  [001] d...   761.757706: sched_switch: prev_comm=mpc_control2 prev_pid=2909 prev_prio=1 prev_state=R ==> next_comm=mpc_ctrl next_pid=2923 next_prio=0
   wesnothd-1.12-854   [000] d...   761.757835: sched_switch: prev_comm=wesnothd-1.12 prev_pid=854 prev_prio=120 prev_state=R ==> next_comm=mpc_server next_pid=2806 next_prio=0
        mpc_ctrl-2923  [001] d...   761.757839: sched_switch: prev_comm=mpc_ctrl prev_pid=2923 prev_prio=0 prev_state=S ==> next_comm=mpc_control2 next_pid=2909 next_prio=1
          <idle>-0     [001] d...   761.769641: sched_switch: prev_comm=swapper/1 prev_pid=0 prev_prio=120 prev_state=R ==> next_comm=mpc_ctrl next_pid=2923 next_prio=0
      mpc_server-2806  [000] d...   761.769643: sched_switch: prev_comm=mpc_server prev_pid=2806 prev_prio=0 prev_state=S ==> next_comm=MATLAB next_pid=2347 next_prio=120
        mpc_ctrl-2923  [001] d...   761.791044: sched_switch: prev_comm=mpc_ctrl prev_pid=2923 prev_prio=0 prev_state=S ==> next_comm=mpc_control2 next_pid=2909 next_prio=1
    mpc_control2-2909  [001] d...   761.791122: sched_switch: prev_comm=mpc_control2 prev_pid=2909 prev_prio=1 prev_state=R ==> next_comm=mpc_ctrl next_pid=2923 next_prio=0
          <idle>-0     [000] d...   761.791244: sched_switch: prev_comm=swapper/0 prev_pid=0 prev_prio=120 prev_state=R ==> next_comm=mpc_server next_pid=2806 next_prio=0
        mpc_ctrl-2923  [001] d...   761.791249: sched_switch: prev_comm=mpc_ctrl prev_pid=2923 prev_prio=0 prev_state=S ==> next_comm=mpc_control2 next_pid=2909 next_prio=1
      pulseaudio-1479  [001] d...   761.804912: sched_switch: prev_comm=pulseaudio prev_pid=1479 prev_prio=109 prev_state=R ==> next_comm=mpc_ctrl next_pid=2923 next_prio=0
      mpc_server-2806  [000] d...   761.804916: sched_switch: prev_comm=mpc_server prev_pid=2806 prev_prio=0 prev_state=S ==> next_comm=QThread next_pid=2095 next_prio=120
        mpc_ctrl-2923  [001] d...   761.830937: sched_switch: prev_comm=mpc_ctrl prev_pid=2923 prev_prio=0 prev_state=S ==> next_comm=mpc_control2 next_pid=2909 next_prio=1
    mpc_control2-2909  [001] d...   761.831026: sched_switch: prev_comm=mpc_control2 prev_pid=2909 prev_prio=1 prev_state=R ==> next_comm=mpc_ctrl next_pid=2923 next_prio=0
        mpc_ctrl-2923  [001] d...   761.831114: sched_switch: prev_comm=mpc_ctrl prev_pid=2923 prev_prio=0 prev_state=S ==> next_comm=mpc_control2 next_pid=2909 next_prio=1
          <idle>-0     [000] d...   761.831137: sched_switch: prev_comm=swapper/0 prev_pid=0 prev_prio=120 prev_state=R ==> next_comm=mpc_server next_pid=2806 next_prio=0
          <idle>-0     [001] d...   761.842238: sched_switch: prev_comm=swapper/1 prev_pid=0 prev_prio=120 prev_state=R ==> next_comm=mpc_ctrl next_pid=2923 next_prio=0
      mpc_server-2806  [000] d...   761.842240: sched_switch: prev_comm=mpc_server prev_pid=2806 prev_prio=0 prev_state=S ==> next_comm=jcef_helper next_pid=2459 next_prio=120
        mpc_ctrl-2923  [001] d...   761.864826: sched_switch: prev_comm=mpc_ctrl prev_pid=2923 prev_prio=0 prev_state=S ==> next_comm=mpc_control2 next_pid=2929 next_prio=1
    mpc_control2-2909  [001] d...   761.864929: sched_switch: prev_comm=mpc_control2 prev_pid=2909 prev_prio=1 prev_state=R ==> next_comm=mpc_ctrl next_pid=2923 next_prio=0
          <idle>-0     [000] d...   761.865013: sched_switch: prev_comm=swapper/0 prev_pid=0 prev_prio=120 prev_state=R ==> next_comm=mpc_server next_pid=2806 next_prio=0
        mpc_ctrl-2923  [001] d...   761.865016: sched_switch: prev_comm=mpc_ctrl prev_pid=2923 prev_prio=0 prev_state=S ==> next_comm=mpc_control2 next_pid=2909 next_prio=1
          MATLAB-2309  [001] d...   761.876220: sched_switch: prev_comm=MATLAB prev_pid=2309 prev_prio=120 prev_state=R ==> next_comm=mpc_ctrl next_pid=2923 next_prio=0
      mpc_server-2806  [000] d...   761.876224: sched_switch: prev_comm=mpc_server prev_pid=2806 prev_prio=0 prev_state=S ==> next_comm=zoom.network next_pid=2129 next_prio=120
        mpc_ctrl-2923  [001] d...   761.898308: sched_switch: prev_comm=mpc_ctrl prev_pid=2923 prev_prio=0 prev_state=S ==> next_comm=mpc_control2 next_pid=2909 next_prio=1
    mpc_control2-2909  [001] d...   761.898388: sched_switch: prev_comm=mpc_control2 prev_pid=2909 prev_prio=1 prev_state=R ==> next_comm=mpc_ctrl next_pid=2923 next_prio=0
        mpc_ctrl-2923  [001] d...   761.898475: sched_switch: prev_comm=mpc_ctrl prev_pid=2923 prev_prio=0 prev_state=S ==> next_comm=mpc_control2 next_pid=2909 next_prio=1
          <idle>-0     [000] d...   761.898497: sched_switch: prev_comm=swapper/0 prev_pid=0 prev_prio=120 prev_state=R ==> next_comm=mpc_server next_pid=2806 next_prio=0
          <idle>-0     [001] d...   761.909578: sched_switch: prev_comm=swapper/1 prev_pid=0 prev_prio=120 prev_state=R ==> next_comm=mpc_ctrl next_pid=2923 next_prio=0
      mpc_server-2806  [000] d...   761.909581: sched_switch: prev_comm=mpc_server prev_pid=2806 prev_prio=0 prev_state=S ==> next_comm=CrBrowserMain next_pid=2436 next_prio=120
        mpc_ctrl-2923  [001] d...   761.932089: sched_switch: prev_comm=mpc_ctrl prev_pid=2923 prev_prio=0 prev_state=S ==> next_comm=mpc_control2 next_pid=2909 next_prio=1
    mpc_control2-2909  [001] d...   761.932170: sched_switch: prev_comm=mpc_control2 prev_pid=2909 prev_prio=1 prev_state=R ==> next_comm=mpc_ctrl next_pid=2923 next_prio=0
        mpc_ctrl-2923  [001] d...   761.932261: sched_switch: prev_comm=mpc_ctrl prev_pid=2923 prev_prio=0 prev_state=S ==> next_comm=mpc_control2 next_pid=2909 next_prio=1
          <idle>-0     [000] d...   761.932286: sched_switch: prev_comm=swapper/0 prev_pid=0 prev_prio=120 prev_state=R ==> next_comm=mpc_server next_pid=2806 next_prio=0
          <idle>-0     [001] d...   761.944925: sched_switch: prev_comm=swapper/1 prev_pid=0 prev_prio=120 prev_state=R ==> next_comm=mpc_ctrl next_pid=2923 next_prio=0
      mpc_server-2806  [000] d...   761.944929: sched_switch: prev_comm=mpc_server prev_pid=2806 prev_prio=0 prev_state=S ==> next_comm=QThread next_pid=2095 next_prio=120
        mpc_ctrl-2923  [001] d...   761.968985: sched_switch: prev_comm=mpc_ctrl prev_pid=2923 prev_prio=0 prev_state=S ==> next_comm=mpc_control2 next_pid=2929 next_prio=1
    mpc_control2-2909  [001] d...   761.969104: sched_switch: prev_comm=mpc_control2 prev_pid=2909 prev_prio=1 prev_state=R ==> next_comm=mpc_ctrl next_pid=2923 next_prio=0
            Xorg-915   [000] d...   761.969215: sched_switch: prev_comm=Xorg prev_pid=915 prev_prio=120 prev_state=R ==> next_comm=mpc_server next_pid=2806 next_prio=0
        mpc_ctrl-2923  [001] d...   761.969218: sched_switch: prev_comm=mpc_ctrl prev_pid=2923 prev_prio=0 prev_state=S ==> next_comm=mpc_control2 next_pid=2909 next_prio=1
          <idle>-0     [001] d...   761.981575: sched_switch: prev_comm=swapper/1 prev_pid=0 prev_prio=120 prev_state=R ==> next_comm=mpc_ctrl next_pid=2923 next_prio=0
      mpc_server-2806  [000] d...   761.981579: sched_switch: prev_comm=mpc_server prev_pid=2806 prev_prio=0 prev_state=S ==> next_comm=Xorg next_pid=915 next_prio=120
        mpc_ctrl-2923  [001] d...   762.007694: sched_switch: prev_comm=mpc_ctrl prev_pid=2923 prev_prio=0 prev_state=S ==> next_comm=mpc_control2 next_pid=2929 next_prio=1
    mpc_control2-2909  [001] d...   762.007838: sched_switch: prev_comm=mpc_control2 prev_pid=2909 prev_prio=1 prev_state=R ==> next_comm=mpc_ctrl next_pid=2923 next_prio=0
          <idle>-0     [000] d...   762.007933: sched_switch: prev_comm=swapper/0 prev_pid=0 prev_prio=120 prev_state=R ==> next_comm=mpc_server next_pid=2806 next_prio=0
        mpc_ctrl-2923  [001] d...   762.007936: sched_switch: prev_comm=mpc_ctrl prev_pid=2923 prev_prio=0 prev_state=S ==> next_comm=mpc_control2 next_pid=2909 next_prio=1
   CrBrowserMain-2436  [001] d...   762.019072: sched_switch: prev_comm=CrBrowserMain prev_pid=2436 prev_prio=120 prev_state=R ==> next_comm=mpc_ctrl next_pid=2923 next_prio=0
      mpc_server-2806  [000] d...   762.019074: sched_switch: prev_comm=mpc_server prev_pid=2806 prev_prio=0 prev_state=S ==> next_comm=zoom.network next_pid=2129 next_prio=120
        mpc_ctrl-2923  [001] d...   762.041928: sched_switch: prev_comm=mpc_ctrl prev_pid=2923 prev_prio=0 prev_state=S ==> next_comm=mpc_control2 next_pid=2909 next_prio=1
    mpc_control2-2909  [001] d...   762.042012: sched_switch: prev_comm=mpc_control2 prev_pid=2909 prev_prio=1 prev_state=R ==> next_comm=mpc_ctrl next_pid=2923 next_prio=0
 webrtc_audio_mo-2091  [000] d...   762.042129: sched_switch: prev_comm=webrtc_audio_mo prev_pid=2091 prev_prio=120 prev_state=R ==> next_comm=mpc_server next_pid=2806 next_prio=0
        mpc_ctrl-2923  [001] d...   762.042132: sched_switch: prev_comm=mpc_ctrl prev_pid=2923 prev_prio=0 prev_state=S ==> next_comm=mpc_control2 next_pid=2909 next_prio=1
 webrtc_audio_mo-2091  [001] d...   762.053246: sched_switch: prev_comm=webrtc_audio_mo prev_pid=2091 prev_prio=120 prev_state=R ==> next_comm=mpc_ctrl next_pid=2923 next_prio=0
      mpc_server-2806  [000] d...   762.053248: sched_switch: prev_comm=mpc_server prev_pid=2806 prev_prio=0 prev_state=S ==> next_comm=swapper/0 next_pid=0 next_prio=120
        mpc_ctrl-2923  [001] d...   762.075849: sched_switch: prev_comm=mpc_ctrl prev_pid=2923 prev_prio=0 prev_state=S ==> next_comm=mpc_control2 next_pid=2931 next_prio=1
    mpc_control2-2909  [001] d...   762.075941: sched_switch: prev_comm=mpc_control2 prev_pid=2909 prev_prio=1 prev_state=R ==> next_comm=mpc_ctrl next_pid=2923 next_prio=0
          <idle>-0     [000] d...   762.076031: sched_switch: prev_comm=swapper/0 prev_pid=0 prev_prio=120 prev_state=R ==> next_comm=mpc_server next_pid=2806 next_prio=0
        mpc_ctrl-2923  [001] d...   762.076035: sched_switch: prev_comm=mpc_ctrl prev_pid=2923 prev_prio=0 prev_state=S ==> next_comm=mpc_control2 next_pid=2909 next_prio=1
          <idle>-0     [001] d...   762.086675: sched_switch: prev_comm=swapper/1 prev_pid=0 prev_prio=120 prev_state=R ==> next_comm=mpc_ctrl next_pid=2923 next_prio=0
      mpc_server-2806  [000] d...   762.086678: sched_switch: prev_comm=mpc_server prev_pid=2806 prev_prio=0 prev_state=S ==> next_comm=swapper/0 next_pid=0 next_prio=120
        mpc_ctrl-2923  [001] d...   762.112310: sched_switch: prev_comm=mpc_ctrl prev_pid=2923 prev_prio=0 prev_state=S ==> next_comm=mpc_control2 next_pid=2929 next_prio=1
    mpc_control2-2909  [001] d...   762.112408: sched_switch: prev_comm=mpc_control2 prev_pid=2909 prev_prio=1 prev_state=R ==> next_comm=mpc_ctrl next_pid=2923 next_prio=0
        mpc_ctrl-2923  [001] d...   762.112514: sched_switch: prev_comm=mpc_ctrl prev_pid=2923 prev_prio=0 prev_state=S ==> next_comm=mpc_control2 next_pid=2909 next_prio=1
          <idle>-0     [000] d...   762.112542: sched_switch: prev_comm=swapper/0 prev_pid=0 prev_prio=120 prev_state=R ==> next_comm=mpc_server next_pid=2806 next_prio=0
          <idle>-0     [001] d...   762.124144: sched_switch: prev_comm=swapper/1 prev_pid=0 prev_prio=120 prev_state=R ==> next_comm=mpc_ctrl next_pid=2923 next_prio=0
      mpc_server-2806  [000] d...   762.124163: sched_switch: prev_comm=mpc_server prev_pid=2806 prev_prio=0 prev_state=S ==> next_comm=Chrome_IOThread next_pid=2456 next_prio=120
        mpc_ctrl-2923  [001] d...   762.151359: sched_switch: prev_comm=mpc_ctrl prev_pid=2923 prev_prio=0 prev_state=S ==> next_comm=mpc_control2 next_pid=2909 next_prio=1
    mpc_control2-2909  [001] d...   762.151450: sched_switch: prev_comm=mpc_control2 prev_pid=2909 prev_prio=1 prev_state=R ==> next_comm=mpc_ctrl next_pid=2923 next_prio=0
          <idle>-0     [000] d...   762.151655: sched_switch: prev_comm=swapper/0 prev_pid=0 prev_prio=120 prev_state=R ==> next_comm=mpc_server next_pid=2806 next_prio=0
        mpc_ctrl-2923  [001] d...   762.151661: sched_switch: prev_comm=mpc_ctrl prev_pid=2923 prev_prio=0 prev_state=S ==> next_comm=mpc_control2 next_pid=2909 next_prio=1
          <idle>-0     [001] d...   762.166546: sched_switch: prev_comm=swapper/1 prev_pid=0 prev_prio=120 prev_state=R ==> next_comm=mpc_ctrl next_pid=2923 next_prio=0
      mpc_server-2806  [000] d...   762.166549: sched_switch: prev_comm=mpc_server prev_pid=2806 prev_prio=0 prev_state=S ==> next_comm=MATLAB next_pid=2960 next_prio=120
        mpc_ctrl-2923  [001] d...   762.189887: sched_switch: prev_comm=mpc_ctrl prev_pid=2923 prev_prio=0 prev_state=S ==> next_comm=mpc_control2 next_pid=2931 next_prio=1
    mpc_control2-2909  [001] d...   762.189980: sched_switch: prev_comm=mpc_control2 prev_pid=2909 prev_prio=1 prev_state=R ==> next_comm=mpc_ctrl next_pid=2923 next_prio=0
          <idle>-0     [000] d...   762.190106: sched_switch: prev_comm=swapper/0 prev_pid=0 prev_prio=120 prev_state=R ==> next_comm=mpc_server next_pid=2806 next_prio=0
        mpc_ctrl-2923  [001] d...   762.190110: sched_switch: prev_comm=mpc_ctrl prev_pid=2923 prev_prio=0 prev_state=S ==> next_comm=mpc_control2 next_pid=2909 next_prio=1
          MATLAB-2942  [001] d...   762.201374: sched_switch: prev_comm=MATLAB prev_pid=2942 prev_prio=120 prev_state=R ==> next_comm=mpc_ctrl next_pid=2923 next_prio=0
      mpc_server-2806  [000] d...   762.201375: sched_switch: prev_comm=mpc_server prev_pid=2806 prev_prio=0 prev_state=S ==> next_comm=swapper/0 next_pid=0 next_prio=120
        mpc_ctrl-2923  [001] d...   762.225218: sched_switch: prev_comm=mpc_ctrl prev_pid=2923 prev_prio=0 prev_state=S ==> next_comm=mpc_control2 next_pid=2929 next_prio=1
    mpc_control2-2909  [001] d...   762.225377: sched_switch: prev_comm=mpc_control2 prev_pid=2909 prev_prio=1 prev_state=R ==> next_comm=mpc_ctrl next_pid=2923 next_prio=0
          <idle>-0     [000] d...   762.225473: sched_switch: prev_comm=swapper/0 prev_pid=0 prev_prio=120 prev_state=R ==> next_comm=mpc_server next_pid=2806 next_prio=0
        mpc_ctrl-2923  [001] d...   762.225476: sched_switch: prev_comm=mpc_ctrl prev_pid=2923 prev_prio=0 prev_state=S ==> next_comm=mpc_control2 next_pid=2909 next_prio=1
          <idle>-0     [001] d...   762.236499: sched_switch: prev_comm=swapper/1 prev_pid=0 prev_prio=120 prev_state=R ==> next_comm=mpc_ctrl next_pid=2923 next_prio=0
      mpc_server-2806  [000] d...   762.236501: sched_switch: prev_comm=mpc_server prev_pid=2806 prev_prio=0 prev_state=S ==> next_comm=swapper/0 next_pid=0 next_prio=120
        mpc_ctrl-2923  [001] d...   762.258607: sched_switch: prev_comm=mpc_ctrl prev_pid=2923 prev_prio=0 prev_state=S ==> next_comm=mpc_control2 next_pid=2909 next_prio=1
    mpc_control2-2909  [001] d...   762.258691: sched_switch: prev_comm=mpc_control2 prev_pid=2909 prev_prio=1 prev_state=R ==> next_comm=mpc_ctrl next_pid=2923 next_prio=0
        mpc_ctrl-2923  [001] d...   762.258778: sched_switch: prev_comm=mpc_ctrl prev_pid=2923 prev_prio=0 prev_state=S ==> next_comm=mpc_control2 next_pid=2909 next_prio=1
          <idle>-0     [000] d...   762.258806: sched_switch: prev_comm=swapper/0 prev_pid=0 prev_prio=120 prev_state=R ==> next_comm=mpc_server next_pid=2806 next_prio=0
          MATLAB-2345  [001] d...   762.270323: sched_switch: prev_comm=MATLAB prev_pid=2345 prev_prio=120 prev_state=R ==> next_comm=mpc_ctrl next_pid=2923 next_prio=0
      mpc_server-2806  [000] d...   762.270325: sched_switch: prev_comm=mpc_server prev_pid=2806 prev_prio=0 prev_state=S ==> next_comm=QThread next_pid=2095 next_prio=120
        mpc_ctrl-2923  [001] d...   762.294238: sched_switch: prev_comm=mpc_ctrl prev_pid=2923 prev_prio=0 prev_state=S ==> next_comm=mpc_control2 next_pid=2931 next_prio=1
    mpc_control2-2909  [001] d...   762.294334: sched_switch: prev_comm=mpc_control2 prev_pid=2909 prev_prio=1 prev_state=R ==> next_comm=mpc_ctrl next_pid=2923 next_prio=0
            Xorg-915   [000] d...   762.294431: sched_switch: prev_comm=Xorg prev_pid=915 prev_prio=120 prev_state=R ==> next_comm=mpc_server next_pid=2806 next_prio=0
        mpc_ctrl-2923  [001] d...   762.294434: sched_switch: prev_comm=mpc_ctrl prev_pid=2923 prev_prio=0 prev_state=S ==> next_comm=mpc_control2 next_pid=2909 next_prio=1
          <idle>-0     [001] d...   762.305335: sched_switch: prev_comm=swapper/1 prev_pid=0 prev_prio=120 prev_state=R ==> next_comm=mpc_ctrl next_pid=2923 next_prio=0
      mpc_server-2806  [000] d...   762.305337: sched_switch: prev_comm=mpc_server prev_pid=2806 prev_prio=0 prev_state=S ==> next_comm=Xorg next_pid=915 next_prio=120
        mpc_ctrl-2923  [001] d...   762.331514: sched_switch: prev_comm=mpc_ctrl prev_pid=2923 prev_prio=0 prev_state=S ==> next_comm=mpc_control2 next_pid=2929 next_prio=1
    mpc_control2-2909  [001] d...   762.331668: sched_switch: prev_comm=mpc_control2 prev_pid=2909 prev_prio=1 prev_state=R ==> next_comm=mpc_ctrl next_pid=2923 next_prio=0
            Xorg-915   [000] d...   762.331821: sched_switch: prev_comm=Xorg prev_pid=915 prev_prio=120 prev_state=R ==> next_comm=mpc_server next_pid=2806 next_prio=0
        mpc_ctrl-2923  [001] d...   762.331824: sched_switch: prev_comm=mpc_ctrl prev_pid=2923 prev_prio=0 prev_state=S ==> next_comm=mpc_control2 next_pid=2909 next_prio=1
          <idle>-0     [001] d...   762.345581: sched_switch: prev_comm=swapper/1 prev_pid=0 prev_prio=120 prev_state=R ==> next_comm=mpc_ctrl next_pid=2923 next_prio=0
      mpc_server-2806  [000] d...   762.345583: sched_switch: prev_comm=mpc_server prev_pid=2806 prev_prio=0 prev_state=S ==> next_comm=swapper/0 next_pid=0 next_prio=120
        mpc_ctrl-2923  [001] d...   762.370215: sched_switch: prev_comm=mpc_ctrl prev_pid=2923 prev_prio=0 prev_state=S ==> next_comm=mpc_control2 next_pid=2909 next_prio=1
    mpc_control2-2909  [001] d...   762.370303: sched_switch: prev_comm=mpc_control2 prev_pid=2909 prev_prio=1 prev_state=R ==> next_comm=mpc_ctrl next_pid=2923 next_prio=0
          <idle>-0     [000] d...   762.370388: sched_switch: prev_comm=swapper/0 prev_pid=0 prev_prio=120 prev_state=R ==> next_comm=mpc_server next_pid=2806 next_prio=0
        mpc_ctrl-2923  [001] d...   762.370390: sched_switch: prev_comm=mpc_ctrl prev_pid=2923 prev_prio=0 prev_state=S ==> next_comm=mpc_control2 next_pid=2909 next_prio=1
          MATLAB-2309  [001] d...   762.382335: sched_switch: prev_comm=MATLAB prev_pid=2309 prev_prio=120 prev_state=R ==> next_comm=mpc_ctrl next_pid=2923 next_prio=0
      mpc_server-2806  [000] d...   762.382336: sched_switch: prev_comm=mpc_server prev_pid=2806 prev_prio=0 prev_state=S ==> next_comm=Chrome_ChildIOT next_pid=2545 next_prio=120
