        mpc_ctrl-2923  [001] d...   753.936922: sched_switch: prev_comm=mpc_ctrl prev_pid=2923 prev_prio=0 prev_state=S ==> next_comm=mpc_control2 next_pid=2909 next_prio=1
    mpc_control2-2909  [001] d...   753.936977: sched_switch: prev_comm=mpc_control2 prev_pid=2909 prev_prio=1 prev_state=R ==> next_comm=mpc_ctrl next_pid=2923 next_prio=0
          <idle>-0     [000] d...   753.937046: sched_switch: prev_comm=swapper/0 prev_pid=0 prev_prio=120 prev_state=R ==> next_comm=mpc_server next_pid=2806 next_prio=0
        mpc_ctrl-2923  [001] d...   753.937047: sched_switch: prev_comm=mpc_ctrl prev_pid=2923 prev_prio=0 prev_state=S ==> next_comm=mpc_control2 next_pid=2909 next_prio=1
          <idle>-0     [001] d...   753.949790: sched_switch: prev_comm=swapper/1 prev_pid=0 prev_prio=120 prev_state=R ==> next_comm=mpc_ctrl next_pid=2923 next_prio=0
      mpc_server-2806  [000] d...   753.949803: sched_switch: prev_comm=mpc_server prev_pid=2806 prev_prio=0 prev_state=S ==> next_comm=swapper/0 next_pid=0 next_prio=120
        mpc_ctrl-2923  [001] d...   753.969954: sched_switch: prev_comm=mpc_ctrl prev_pid=2923 prev_prio=0 prev_state=S ==> next_comm=mpc_control2 next_pid=2928 next_prio=1
    mpc_control2-2909  [001] d...   753.970038: sched_switch: prev_comm=mpc_control2 prev_pid=2909 prev_prio=1 prev_state=R ==> next_comm=mpc_ctrl next_pid=2923 next_prio=0
          <idle>-0     [000] d...   753.970112: sched_switch: prev_comm=swapper/0 prev_pid=0 prev_prio=120 prev_state=R ==> next_comm=mpc_server next_pid=2806 next_prio=0
        mpc_ctrl-2923  [001] d...   753.970113: sched_switch: prev_comm=mpc_ctrl prev_pid=2923 prev_prio=0 prev_state=S ==> next_comm=mpc_control2 next_pid=2909 next_prio=1
          <idle>-0     [001] d...   753.982829: sched_switch: prev_comm=swapper/1 prev_pid=0 prev_prio=120 prev_state=R ==> next_comm=mpc_ctrl next_pid=2923 next_prio=0
      mpc_server-2806  [000] d...   753.982842: sched_switch: prev_comm=mpc_server prev_pid=2806 prev_prio=0 prev_state=S ==> next_comm=swapper/0 next_pid=0 next_prio=120
        mpc_ctrl-2923  [001] d...   754.006832: sched_switch: prev_comm=mpc_ctrl prev_pid=2923 prev_prio=0 prev_state=S ==> next_comm=mpc_control2 next_pid=2909 next_prio=1
    mpc_control2-2909  [001] d...   754.006907: sched_switch: prev_comm=mpc_control2 prev_pid=2909 prev_prio=1 prev_state=R ==> next_comm=mpc_ctrl next_pid=2923 next_prio=0
            Xorg-915   [000] d...   754.007051: sched_switch: prev_comm=Xorg prev_pid=915 prev_prio=120 prev_state=R ==> next_comm=mpc_server next_pid=2806 next_prio=0
        mpc_ctrl-2923  [001] d...   754.007052: sched_switch: prev_comm=mpc_ctrl prev_pid=2923 prev_prio=0 prev_state=S ==> next_comm=mpc_control2 next_pid=2909 next_prio=1
          MATLAB-2332  [001] d...   754.022795: sched_switch: prev_comm=MATLAB prev_pid=2332 prev_prio=120 prev_state=R ==> next_comm=mpc_ctrl next_pid=2923 next_prio=0
      mpc_server-2806  [000] d...   754.022800: sched_switch: prev_comm=mpc_server prev_pid=2806 prev_prio=0 prev_state=S ==> next_comm=Xorg next_pid=915 next_prio=120
        mpc_ctrl-2923  [001] d...   754.049144: sched_switch: prev_comm=mpc_ctrl prev_pid=2923 prev_prio=0 prev_state=S ==> next_comm=mpc_control2 next_pid=2909 next_prio=1
    mpc_control2-2909  [001] d...   754.049226: sched_switch: prev_comm=mpc_control2 prev_pid=2909 prev_prio=1 prev_state=R ==> next_comm=mpc_ctrl next_pid=2923 next_prio=0
            Xorg-915   [000] d...   754.049387: sched_switch: prev_comm=Xorg prev_pid=915 prev_prio=120 prev_state=R ==> next_comm=mpc_server next_pid=2806 next_prio=0
        mpc_ctrl-2923  [001] d...   754.049388: sched_switch: prev_comm=mpc_ctrl prev_pid=2923 prev_prio=0 prev_state=S ==> next_comm=mpc_control2 next_pid=2909 next_prio=1
            Xorg-915   [001] d...   754.064568: sched_switch: prev_comm=Xorg prev_pid=915 prev_prio=120 prev_state=R ==> next_comm=mpc_ctrl next_pid=2923 next_prio=0
      mpc_server-2806  [000] d...   754.064573: sched_switch: prev_comm=mpc_server prev_pid=2806 prev_prio=0 prev_state=S ==> next_comm=Chrome_IOThread next_pid=2456 next_prio=120
        mpc_ctrl-2923  [001] d...   754.091142: sched_switch: prev_comm=mpc_ctrl prev_pid=2923 prev_prio=0 prev_state=S ==> next_comm=mpc_control2 next_pid=2928 next_prio=1
    mpc_control2-2909  [001] d...   754.091240: sched_switch: prev_comm=mpc_control2 prev_pid=2909 prev_prio=1 prev_state=R ==> next_comm=mpc_ctrl next_pid=2923 next_prio=0
          <idle>-0     [000] d...   754.091317: sched_switch: prev_comm=swapper/0 prev_pid=0 prev_prio=120 prev_state=R ==> next_comm=mpc_server next_pid=2806 next_prio=0
        mpc_ctrl-2923  [001] d...   754.091318: sched_switch: prev_comm=mpc_ctrl prev_pid=2923 prev_prio=0 prev_state=S ==> next_comm=mpc_control2 next_pid=2909 next_prio=1
      mpc_server-2806  [000] d...   754.105011: sched_switch: prev_comm=mpc_server prev_pid=2806 prev_prio=0 prev_state=S ==> next_comm=swapper/0 next_pid=0 next_prio=120
          <idle>-0     [001] d...   754.105030: sched_switch: prev_comm=swapper/1 prev_pid=0 prev_prio=120 prev_state=R ==> next_comm=mpc_ctrl next_pid=2923 next_prio=0
        mpc_ctrl-2923  [001] d...   754.124831: sched_switch: prev_comm=mpc_ctrl prev_pid=2923 prev_prio=0 prev_state=S ==> next_comm=mpc_control2 next_pid=2909 next_prio=1
    mpc_control2-2909  [001] d...   754.124885: sched_switch: prev_comm=mpc_control2 prev_pid=2909 prev_prio=1 prev_state=R ==> next_comm=mpc_ctrl next_pid=2923 next_prio=0
          <idle>-0     [000] d...   754.124947: sched_switch: prev_comm=swapper/0 prev_pid=0 prev_prio=120 prev_state=R ==> next_comm=mpc_server next_pid=2806 next_prio=0
        mpc_ctrl-2923  [001] d...   754.124948: sched_switch: prev_comm=mpc_ctrl prev_pid=2923 prev_prio=0 prev_state=S ==> next_comm=mpc_control2 next_pid=2909 next_prio=1
           <...>-2199  [001] d...   754.135976: sched_switch: prev_comm=zlt.tid2199 prev_pid=2199 prev_prio=120 prev_state=R ==> next_comm=mpc_ctrl next_pid=2923 next_prio=0
      mpc_server-2806  [000] d...   754.135980: sched_switch: prev_comm=mpc_server prev_pid=2806 prev_prio=0 prev_state=S ==> next_comm=zlt.tid2200 next_pid=2200 next_prio=120
        mpc_ctrl-2923  [001] d...   754.154798: sched_switch: prev_comm=mpc_ctrl prev_pid=2923 prev_prio=0 prev_state=S ==> next_comm=mpc_control2 next_pid=2909 next_prio=1
    mpc_control2-2909  [001] d...   754.154852: sched_switch: prev_comm=mpc_control2 prev_pid=2909 prev_prio=1 prev_state=R ==> next_comm=mpc_ctrl next_pid=2923 next_prio=0
          <idle>-0     [000] d...   754.154906: sched_switch: prev_comm=swapper/0 prev_pid=0 prev_prio=120 prev_state=R ==> next_comm=mpc_server next_pid=2806 next_prio=0
        mpc_ctrl-2923  [001] d...   754.154907: sched_switch: prev_comm=mpc_ctrl prev_pid=2923 prev_prio=0 prev_state=S ==> next_comm=mpc_control2 next_pid=2909 next_prio=1
      mpc_server-2806  [000] d...   754.164561: sched_switch: prev_comm=mpc_server prev_pid=2806 prev_prio=0 prev_state=S ==> next_comm=MATLAB next_pid=2309 next_prio=120
          <idle>-0     [001] d...   754.164596: sched_switch: prev_comm=swapper/1 prev_pid=0 prev_prio=120 prev_state=R ==> next_comm=mpc_ctrl next_pid=2923 next_prio=0
        mpc_ctrl-2923  [001] d...   754.184437: sched_switch: prev_comm=mpc_ctrl prev_pid=2923 prev_prio=0 prev_state=S ==> next_comm=mpc_control2 next_pid=2909 next_prio=1
    mpc_control2-2909  [001] d...   754.184491: sched_switch: prev_comm=mpc_control2 prev_pid=2909 prev_prio=1 prev_state=R ==> next_comm=mpc_ctrl next_pid=2923 next_prio=0
        mpc_ctrl-2923  [001] d...   754.184561: sched_switch: prev_comm=mpc_ctrl prev_pid=2923 prev_prio=0 prev_state=S ==> next_comm=mpc_control2 next_pid=2909 next_prio=1
          <idle>-0     [000] d...   754.184592: sched_switch: prev_comm=swapper/0 prev_pid=0 prev_prio=120 prev_state=R ==> next_comm=mpc_server next_pid=2806 next_prio=0
          <idle>-0     [001] d...   754.195995: sched_switch: prev_comm=swapper/1 prev_pid=0 prev_prio=120 prev_state=R ==> next_comm=mpc_ctrl next_pid=2923 next_prio=0
      mpc_server-2806  [000] d...   754.195999: sched_switch: prev_comm=mpc_server prev_pid=2806 prev_prio=0 prev_state=S ==> next_comm=MATLAB next_pid=2309 next_prio=120
        mpc_ctrl-2923  [001] d...   754.221181: sched_switch: prev_comm=mpc_ctrl prev_pid=2923 prev_prio=0 prev_state=S ==> next_comm=mpc_control2 next_pid=2909 next_prio=1
    mpc_control2-2909  [001] d...   754.221257: sched_switch: prev_comm=mpc_control2 prev_pid=2909 prev_prio=1 prev_state=R ==> next_comm=mpc_ctrl next_pid=2923 next_prio=0
  capture thread-2187  [000] d...   754.221404: sched_switch: prev_comm=capture thread prev_pid=2187 prev_prio=120 prev_state=R+ ==> next_comm=mpc_server next_pid=2806 next_prio=0
        mpc_ctrl-2923  [001] d...   754.221405: sched_switch: prev_comm=mpc_ctrl prev_pid=2923 prev_prio=0 prev_state=S ==> next_comm=mpc_control2 next_pid=2909 next_prio=1
 webrtc_audio_mo-2091  [001] d...   754.232386: sched_switch: prev_comm=webrtc_audio_mo prev_pid=2091 prev_prio=120 prev_state=R ==> next_comm=mpc_ctrl next_pid=2923 next_prio=0
      mpc_server-2806  [000] d...   754.232387: sched_switch: prev_comm=mpc_server prev_pid=2806 prev_prio=0 prev_state=S ==> next_comm=capture thread next_pid=2187 next_prio=120
        mpc_ctrl-2923  [001] d...   754.257541: sched_switch: prev_comm=mpc_ctrl prev_pid=2923 prev_prio=0 prev_state=S ==> next_comm=mpc_control2 next_pid=2909 next_prio=1
    mpc_control2-2909  [001] d...   754.257617: sched_switch: prev_comm=mpc_control2 prev_pid=2909 prev_prio=1 prev_state=R ==> next_comm=mpc_ctrl next_pid=2923 next_prio=0
          MATLAB-2309  [000] d...   754.257719: sched_switch: prev_comm=MATLAB prev_pid=2309 prev_prio=120 prev_state=R ==> next_comm=mpc_server next_pid=2806 next_prio=0
        mpc_ctrl-2923  [001] d...   754.257720: sched_switch: prev_comm=mpc_ctrl prev_pid=2923 prev_prio=0 prev_state=S ==> next_comm=mpc_control2 next_pid=2909 next_prio=1
          MATLAB-2309  [001] d...   754.268613: sched_switch: prev_comm=MATLAB prev_pid=2309 prev_prio=120 prev_state=R ==> next_comm=mpc_ctrl next_pid=2923 next_prio=0
      mpc_server-2806  [000] d...   754.268614: sched_switch: prev_comm=mpc_server prev_pid=2806 prev_prio=0 prev_state=S ==> next_comm=swapper/0 next_pid=0 next_prio=120
        mpc_ctrl-2923  [001] d...   754.291104: sched_switch: prev_comm=mpc_ctrl prev_pid=2923 prev_prio=0 prev_state=S ==> next_comm=mpc_control2 next_pid=2909 next_prio=1
    mpc_control2-2909  [001] d...   754.291179: sched_switch: prev_comm=mpc_control2 prev_pid=2909 prev_prio=1 prev_state=R ==> next_comm=mpc_ctrl next_pid=2923 next_prio=0
          MATLAB-2309  [000] d...   754.291307: sched_switch: prev_comm=MATLAB prev_pid=2309 prev_prio=120 prev_state=R ==> next_comm=mpc_server next_pid=2806 next_prio=0
        mpc_ctrl-2923  [001] d...   754.291309: sched_switch: prev_comm=mpc_ctrl prev_pid=2923 prev_prio=0 prev_state=S ==> next_comm=mpc_control2 next_pid=2909 next_prio=1
          <idle>-0     [001] d...   754.301778: sched_switch: prev_comm=swapper/1 prev_pid=0 prev_prio=120 prev_state=R ==> next_comm=mpc_ctrl next_pid=2923 next_prio=0
      mpc_server-2806  [000] d...   754.301790: sched_switch: prev_comm=mpc_server prev_pid=2806 prev_prio=0 prev_state=S ==> next_comm=threaded-ml next_pid=2089 next_prio=120
        mpc_ctrl-2923  [001] d...   754.324847: sched_switch: prev_comm=mpc_ctrl prev_pid=2923 prev_prio=0 prev_state=S ==> next_comm=mpc_control2 next_pid=2909 next_prio=1
    mpc_control2-2909  [001] d...   754.324917: sched_switch: prev_comm=mpc_control2 prev_pid=2909 prev_prio=1 prev_state=R ==> next_comm=mpc_ctrl next_pid=2923 next_prio=0
          <idle>-0     [000] d...   754.325021: sched_switch: prev_comm=swapper/0 prev_pid=0 prev_prio=120 prev_state=R ==> next_comm=mpc_server next_pid=2806 next_prio=0
        mpc_ctrl-2923  [001] d...   754.325023: sched_switch: prev_comm=mpc_ctrl prev_pid=2923 prev_prio=0 prev_state=S ==> next_comm=mpc_control2 next_pid=2909 next_prio=1
          MATLAB-2334  [001] d...   754.337326: sched_switch: prev_comm=MATLAB prev_pid=2334 prev_prio=120 prev_state=R ==> next_comm=mpc_ctrl next_pid=2923 next_prio=0
      mpc_server-2806  [000] d...   754.337329: sched_switch: prev_comm=mpc_server prev_pid=2806 prev_prio=0 prev_state=S ==> next_comm=Chrome_ChildIOT next_pid=2477 next_prio=120
        mpc_ctrl-2923  [001] d...   754.361186: sched_switch: prev_comm=mpc_ctrl prev_pid=2923 prev_prio=0 prev_state=S ==> next_comm=mpc_control2 next_pid=2909 next_prio=1
    mpc_control2-2909  [001] d...   754.361258: sched_switch: prev_comm=mpc_control2 prev_pid=2909 prev_prio=1 prev_state=R ==> next_comm=mpc_ctrl next_pid=2923 next_prio=0
 webrtc_audio_mo-2091  [000] d...   754.361375: sched_switch: prev_comm=webrtc_audio_mo prev_pid=2091 prev_prio=120 prev_state=R ==> next_comm=mpc_server next_pid=2806 next_prio=0
        mpc_ctrl-2923  [001] d...   754.361377: sched_switch: prev_comm=mpc_ctrl prev_pid=2923 prev_prio=0 prev_state=S ==> next_comm=mpc_control2 next_pid=2909 next_prio=1
          <idle>-0     [001] d...   754.373584: sched_switch: prev_comm=swapper/1 prev_pid=0 prev_prio=120 prev_state=R ==> next_comm=mpc_ctrl next_pid=2923 next_prio=0
      mpc_server-2806  [000] d...   754.373587: sched_switch: prev_comm=mpc_server prev_pid=2806 prev_prio=0 prev_state=S ==> next_comm=rcu_sched next_pid=11 next_prio=120
        mpc_ctrl-2923  [001] d...   754.399000: sched_switch: prev_comm=mpc_ctrl prev_pid=2923 prev_prio=0 prev_state=S ==> next_comm=mpc_control2 next_pid=2928 next_prio=1
    mpc_control2-2909  [001] d...   754.399106: sched_switch: prev_comm=mpc_control2 prev_pid=2909 prev_prio=1 prev_state=R ==> next_comm=mpc_ctrl next_pid=2923 next_prio=0
            Xorg-915   [000] d...   754.399274: sched_switch: prev_comm=Xorg prev_pid=915 prev_prio=120 prev_state=R+ ==> next_comm=mpc_server next_pid=2806 next_prio=0
        mpc_ctrl-2923  [001] d...   754.399275: sched_switch: prev_comm=mpc_ctrl prev_pid=2923 prev_prio=0 prev_state=S ==> next_comm=mpc_control2 next_pid=2909 next_prio=1
  capture thread-2187  [001] d...   754.412866: sched_switch: prev_comm=capture thread prev_pid=2187 prev_prio=120 prev_state=R+ ==> next_comm=mpc_ctrl next_pid=2923 next_prio=0
      mpc_server-2806  [000] d...   754.412869: sched_switch: prev_comm=mpc_server prev_pid=2806 prev_prio=0 prev_state=S ==> next_comm=zoom.dns next_pid=2130 next_prio=120
        mpc_ctrl-2923  [001] d...   754.438152: sched_switch: prev_comm=mpc_ctrl prev_pid=2923 prev_prio=0 prev_state=S ==> next_comm=mpc_control2 next_pid=2909 next_prio=1
    mpc_control2-2909  [001] d...   754.438224: sched_switch: prev_comm=mpc_control2 prev_pid=2909 prev_prio=1 prev_state=R ==> next_comm=mpc_ctrl next_pid=2923 next_prio=0
          <idle>-0     [000] d...   754.438321: sched_switch: prev_comm=swapper/0 prev_pid=0 prev_prio=120 prev_state=R ==> next_comm=mpc_server next_pid=2806 next_prio=0
        mpc_ctrl-2923  [001] d...   754.438324: sched_switch: prev_comm=mpc_ctrl prev_pid=2923 prev_prio=0 prev_state=S ==> next_comm=mpc_control2 next_pid=2909 next_prio=1
          <idle>-0     [001] d...   754.451212: sched_switch: prev_comm=swapper/1 prev_pid=0 prev_prio=120 prev_state=R ==> next_comm=mpc_ctrl next_pid=2923 next_prio=0
      mpc_server-2806  [000] d...   754.451215: sched_switch: prev_comm=mpc_server prev_pid=2806 prev_prio=0 prev_state=S ==> next_comm=CrBrowserMain next_pid=2436 next_prio=120
        mpc_ctrl-2923  [001] d...   754.474125: sched_switch: prev_comm=mpc_ctrl prev_pid=2923 prev_prio=0 prev_state=S ==> next_comm=mpc_control2 next_pid=2909 next_prio=1
    mpc_control2-2909  [001] d...   754.474197: sched_switch: prev_comm=mpc_control2 prev_pid=2909 prev_prio=1 prev_state=R ==> next_comm=mpc_ctrl next_pid=2923 next_prio=0
           <...>-2315  [000] d...   754.474285: sched_switch: prev_comm=MATLAB prev_pid=2315 prev_prio=120 prev_state=R ==> next_comm=mpc_server next_pid=2806 next_prio=0
        mpc_ctrl-2923  [001] d...   754.474287: sched_switch: prev_comm=mpc_ctrl prev_pid=2923 prev_prio=0 prev_state=S ==> next_comm=mpc_control2 next_pid=2909 next_prio=1
          <idle>-0     [001] d...   754.486470: sched_switch: prev_comm=swapper/1 prev_pid=0 prev_prio=120 prev_state=R ==> next_comm=mpc_ctrl next_pid=2923 next_prio=0
      mpc_server-2806  [000] d...   754.486472: sched_switch: prev_comm=mpc_server prev_pid=2806 prev_prio=0 prev_state=S ==> next_comm=zoom.user next_pid=2128 next_prio=120
        mpc_ctrl-2923  [001] d...   754.508805: sched_switch: prev_comm=mpc_ctrl prev_pid=2923 prev_prio=0 prev_state=S ==> next_comm=mpc_control2 next_pid=2928 next_prio=1
    mpc_control2-2909  [001] d...   754.508906: sched_switch: prev_comm=mpc_control2 prev_pid=2909 prev_prio=1 prev_state=R ==> next_comm=mpc_ctrl next_pid=2923 next_prio=0
          <idle>-0     [000] d...   754.508999: sched_switch: prev_comm=swapper/0 prev_pid=0 prev_prio=120 prev_state=R ==> next_comm=mpc_server next_pid=2806 next_prio=0
        mpc_ctrl-2923  [001] d...   754.509002: sched_switch: prev_comm=mpc_ctrl prev_pid=2923 prev_prio=0 prev_state=S ==> next_comm=mpc_control2 next_pid=2909 next_prio=1
      mpc_server-2806  [000] d...   754.520318: sched_switch: prev_comm=mpc_server prev_pid=2806 prev_prio=0 prev_state=S ==> next_comm=swapper/0 next_pid=0 next_prio=120
          <idle>-0     [001] d...   754.520348: sched_switch: prev_comm=swapper/1 prev_pid=0 prev_prio=120 prev_state=R ==> next_comm=mpc_ctrl next_pid=2923 next_prio=0
        mpc_ctrl-2923  [001] d...   754.538957: sched_switch: prev_comm=mpc_ctrl prev_pid=2923 prev_prio=0 prev_state=S ==> next_comm=mpc_control2 next_pid=2909 next_prio=1
    mpc_control2-2909  [001] d...   754.539010: sched_switch: prev_comm=mpc_control2 prev_pid=2909 prev_prio=1 prev_state=R ==> next_comm=mpc_ctrl next_pid=2923 next_prio=0
          <idle>-0     [000] d...   754.539069: sched_switch: prev_comm=swapper/0 prev_pid=0 prev_prio=120 prev_state=R ==> next_comm=mpc_server next_pid=2806 next_prio=0
        mpc_ctrl-2923  [001] d...   754.539071: sched_switch: prev_comm=mpc_ctrl prev_pid=2923 prev_prio=0 prev_state=S ==> next_comm=mpc_control2 next_pid=2909 next_prio=1
          <idle>-0     [001] d...   754.548571: sched_switch: prev_comm=swapper/1 prev_pid=0 prev_prio=120 prev_state=R ==> next_comm=mpc_ctrl next_pid=2923 next_prio=0
      mpc_server-2806  [000] d...   754.548576: sched_switch: prev_comm=mpc_server prev_pid=2806 prev_prio=0 prev_state=S ==> next_comm=swapper/0 next_pid=0 next_prio=120
        mpc_ctrl-2923  [001] d...   754.570820: sched_switch: prev_comm=mpc_ctrl prev_pid=2923 prev_prio=0 prev_state=S ==> next_comm=mpc_control2 next_pid=2909 next_prio=1
    mpc_control2-2909  [001] d...   754.570902: sched_switch: prev_comm=mpc_control2 prev_pid=2909 prev_prio=1 prev_state=R ==> next_comm=mpc_ctrl next_pid=2923 next_prio=0
          <idle>-0     [000] d...   754.571082: sched_switch: prev_comm=swapper/0 prev_pid=0 prev_prio=120 prev_state=R ==> next_comm=mpc_server next_pid=2806 next_prio=0
        mpc_ctrl-2923  [001] d...   754.571087: sched_switch: prev_comm=mpc_ctrl prev_pid=2923 prev_prio=0 prev_state=S ==> next_comm=mpc_control2 next_pid=2909 next_prio=1
      pulseaudio-1479  [001] d...   754.582891: sched_switch: prev_comm=pulseaudio prev_pid=1479 prev_prio=109 prev_state=R ==> next_comm=mpc_ctrl next_pid=2923 next_prio=0
      mpc_server-2806  [000] d...   754.582893: sched_switch: prev_comm=mpc_server prev_pid=2806 prev_prio=0 prev_state=S ==> next_comm=swapper/0 next_pid=0 next_prio=120
        mpc_ctrl-2923  [001] d...   754.604344: sched_switch: prev_comm=mpc_ctrl prev_pid=2923 prev_prio=0 prev_state=S ==> next_comm=mpc_control2 next_pid=2909 next_prio=1
    mpc_control2-2909  [001] d...   754.604405: sched_switch: prev_comm=mpc_control2 prev_pid=2909 prev_prio=1 prev_state=R ==> next_comm=mpc_ctrl next_pid=2923 next_prio=0
          <idle>-0     [000] d...   754.604481: sched_switch: prev_comm=swapper/0 prev_pid=0 prev_prio=120 prev_state=R ==> next_comm=mpc_server next_pid=2806 next_prio=0
        mpc_ctrl-2923  [001] d...   754.604484: sched_switch: prev_comm=mpc_ctrl prev_pid=2923 prev_prio=0 prev_state=S ==> next_comm=mpc_control2 next_pid=2909 next_prio=1
          <idle>-0     [001] d...   754.615390: sched_switch: prev_comm=swapper/1 prev_pid=0 prev_prio=120 prev_state=R ==> next_comm=mpc_ctrl next_pid=2923 next_prio=0
      mpc_server-2806  [000] d...   754.615393: sched_switch: prev_comm=mpc_server prev_pid=2806 prev_prio=0 prev_state=S ==> next_comm=swapper/0 next_pid=0 next_prio=120
        mpc_ctrl-2923  [001] d...   754.635861: sched_switch: prev_comm=mpc_ctrl prev_pid=2923 prev_prio=0 prev_state=S ==> next_comm=mpc_control2 next_pid=2909 next_prio=1
    mpc_control2-2909  [001] d...   754.635915: sched_switch: prev_comm=mpc_control2 prev_pid=2909 prev_prio=1 prev_state=R ==> next_comm=mpc_ctrl next_pid=2923 next_prio=0
          <idle>-0     [000] d...   754.635979: sched_switch: prev_comm=swapper/0 prev_pid=0 prev_prio=120 prev_state=R ==> next_comm=mpc_server next_pid=2806 next_prio=0
        mpc_ctrl-2923  [001] d...   754.635981: sched_switch: prev_comm=mpc_ctrl prev_pid=2923 prev_prio=0 prev_state=S ==> next_comm=mpc_control2 next_pid=2909 next_prio=1
          <idle>-0     [001] d...   754.646879: sched_switch: prev_comm=swapper/1 prev_pid=0 prev_prio=120 prev_state=R ==> next_comm=mpc_ctrl next_pid=2923 next_prio=0
      mpc_server-2806  [000] d...   754.646889: sched_switch: prev_comm=mpc_server prev_pid=2806 prev_prio=0 prev_state=S ==> next_comm=swapper/0 next_pid=0 next_prio=120
        mpc_ctrl-2923  [001] d...   754.667076: sched_switch: prev_comm=mpc_ctrl prev_pid=2923 prev_prio=0 prev_state=S ==> next_comm=mpc_control2 next_pid=2909 next_prio=1
    mpc_control2-2909  [001] d...   754.667142: sched_switch: prev_comm=mpc_control2 prev_pid=2909 prev_prio=1 prev_state=R ==> next_comm=mpc_ctrl next_pid=2923 next_prio=0
          <idle>-0     [000] d...   754.667229: sched_switch: prev_comm=swapper/0 prev_pid=0 prev_prio=120 prev_state=R ==> next_comm=mpc_server next_pid=2806 next_prio=0
        mpc_ctrl-2923  [001] d...   754.667231: sched_switch: prev_comm=mpc_ctrl prev_pid=2923 prev_prio=0 prev_state=S ==> next_comm=mpc_control2 next_pid=2909 next_prio=1
      mpc_server-2806  [000] d...   754.677368: sched_switch: prev_comm=mpc_server prev_pid=2806 prev_prio=0 prev_state=S ==> next_comm=swapper/0 next_pid=0 next_prio=120
          <idle>-0     [001] d...   754.677397: sched_switch: prev_comm=swapper/1 prev_pid=0 prev_prio=120 prev_state=R ==> next_comm=mpc_ctrl next_pid=2923 next_prio=0
        mpc_ctrl-2923  [001] d...   754.697991: sched_switch: prev_comm=mpc_ctrl prev_pid=2923 prev_prio=0 prev_state=S ==> next_comm=mpc_control2 next_pid=2909 next_prio=1
    mpc_control2-2909  [001] d...   754.698044: sched_switch: prev_comm=mpc_control2 prev_pid=2909 prev_prio=1 prev_state=R ==> next_comm=mpc_ctrl next_pid=2923 next_prio=0
        mpc_ctrl-2923  [001] d...   754.698116: sched_switch: prev_comm=mpc_ctrl prev_pid=2923 prev_prio=0 prev_state=S ==> next_comm=mpc_control2 next_pid=2909 next_prio=1
          <idle>-0     [000] d...   754.698141: sched_switch: prev_comm=swapper/0 prev_pid=0 prev_prio=120 prev_state=R ==> next_comm=mpc_server next_pid=2806 next_prio=0
      mpc_server-2806  [000] d...   754.708861: sched_switch: prev_comm=mpc_server prev_pid=2806 prev_prio=0 prev_state=S ==> next_comm=swapper/0 next_pid=0 next_prio=120
          <idle>-0     [001] d...   754.708881: sched_switch: prev_comm=swapper/1 prev_pid=0 prev_prio=120 prev_state=R ==> next_comm=mpc_ctrl next_pid=2923 next_prio=0
        mpc_ctrl-2923  [001] d...   754.734803: sched_switch: prev_comm=mpc_ctrl prev_pid=2923 prev_prio=0 prev_state=S ==> next_comm=mpc_control2 next_pid=2928 next_prio=1
    mpc_control2-2909  [001] d...   754.734901: sched_switch: prev_comm=mpc_control2 prev_pid=2909 prev_prio=1 prev_state=R ==> next_comm=mpc_ctrl next_pid=2923 next_prio=0
        mpc_ctrl-2923  [001] d...   754.734997: sched_switch: prev_comm=mpc_ctrl prev_pid=2923 prev_prio=0 prev_state=S ==> next_comm=mpc_control2 next_pid=2909 next_prio=1
  capture thread-2187  [000] d...   754.734999: sched_switch: prev_comm=capture thread prev_pid=2187 prev_prio=120 prev_state=R+ ==> next_comm=mpc_server next_pid=2806 next_prio=0
      mpc_server-2806  [000] d...   754.749682: sched_switch: prev_comm=mpc_server prev_pid=2806 prev_prio=0 prev_state=S ==> next_comm=swapper/0 next_pid=0 next_prio=120
          <idle>-0     [001] d...   754.749711: sched_switch: prev_comm=swapper/1 prev_pid=0 prev_prio=120 prev_state=R ==> next_comm=mpc_ctrl next_pid=2923 next_prio=0
        mpc_ctrl-2923  [001] d...   754.770756: sched_switch: prev_comm=mpc_ctrl prev_pid=2923 prev_prio=0 prev_state=S ==> next_comm=mpc_control2 next_pid=2909 next_prio=1
    mpc_control2-2909  [001] d...   754.770841: sched_switch: prev_comm=mpc_control2 prev_pid=2909 prev_prio=1 prev_state=R ==> next_comm=mpc_ctrl next_pid=2923 next_prio=0
          <idle>-0     [000] d...   754.770905: sched_switch: prev_comm=swapper/0 prev_pid=0 prev_prio=120 prev_state=R ==> next_comm=mpc_server next_pid=2806 next_prio=0
        mpc_ctrl-2923  [001] d...   754.770908: sched_switch: prev_comm=mpc_ctrl prev_pid=2923 prev_prio=0 prev_state=S ==> next_comm=mpc_control2 next_pid=2909 next_prio=1
      mpc_server-2806  [000] d...   754.781113: sched_switch: prev_comm=mpc_server prev_pid=2806 prev_prio=0 prev_state=S ==> next_comm=swapper/0 next_pid=0 next_prio=120
          <idle>-0     [001] d...   754.781142: sched_switch: prev_comm=swapper/1 prev_pid=0 prev_prio=120 prev_state=R ==> next_comm=mpc_ctrl next_pid=2923 next_prio=0
        mpc_ctrl-2923  [001] d...   754.801852: sched_switch: prev_comm=mpc_ctrl prev_pid=2923 prev_prio=0 prev_state=S ==> next_comm=mpc_control2 next_pid=2909 next_prio=1
    mpc_control2-2909  [001] d...   754.801912: sched_switch: prev_comm=mpc_control2 prev_pid=2909 prev_prio=1 prev_state=R ==> next_comm=mpc_ctrl next_pid=2923 next_prio=0
          <idle>-0     [000] d...   754.801986: sched_switch: prev_comm=swapper/0 prev_pid=0 prev_prio=120 prev_state=R ==> next_comm=mpc_server next_pid=2806 next_prio=0
        mpc_ctrl-2923  [001] d...   754.801988: sched_switch: prev_comm=mpc_ctrl prev_pid=2923 prev_prio=0 prev_state=S ==> next_comm=mpc_control2 next_pid=2909 next_prio=1
 webrtc_audio_mo-2091  [001] d...   754.812612: sched_switch: prev_comm=webrtc_audio_mo prev_pid=2091 prev_prio=120 prev_state=R ==> next_comm=mpc_ctrl next_pid=2923 next_prio=0
      mpc_server-2806  [000] d...   754.812614: sched_switch: prev_comm=mpc_server prev_pid=2806 prev_prio=0 prev_state=S ==> next_comm=swapper/0 next_pid=0 next_prio=120
        mpc_ctrl-2923  [001] d...   754.833364: sched_switch: prev_comm=mpc_ctrl prev_pid=2923 prev_prio=0 prev_state=S ==> next_comm=mpc_control2 next_pid=2909 next_prio=1
    mpc_control2-2909  [001] d...   754.833418: sched_switch: prev_comm=mpc_control2 prev_pid=2909 prev_prio=1 prev_state=R ==> next_comm=mpc_ctrl next_pid=2923 next_prio=0
        mpc_ctrl-2923  [001] d...   754.833483: sched_switch: prev_comm=mpc_ctrl prev_pid=2923 prev_prio=0 prev_state=S ==> next_comm=mpc_control2 next_pid=2909 next_prio=1
          <idle>-0     [000] d...   754.833512: sched_switch: prev_comm=swapper/0 prev_pid=0 prev_prio=120 prev_state=R ==> next_comm=mpc_server next_pid=2806 next_prio=0
     jcef_helper-2459  [001] d...   754.843705: sched_switch: prev_comm=jcef_helper prev_pid=2459 prev_prio=120 prev_state=R ==> next_comm=mpc_ctrl next_pid=2923 next_prio=0
      mpc_server-2806  [000] d...   754.843708: sched_switch: prev_comm=mpc_server prev_pid=2806 prev_prio=0 prev_state=S ==> next_comm=swapper/0 next_pid=0 next_prio=120
        mpc_ctrl-2923  [001] d...   754.864583: sched_switch: prev_comm=mpc_ctrl prev_pid=2923 prev_prio=0 prev_state=S ==> next_comm=mpc_control2 next_pid=2909 next_prio=1
    mpc_control2-2909  [001] d...   754.864652: sched_switch: prev_comm=mpc_control2 prev_pid=2909 prev_prio=1 prev_state=R ==> next_comm=mpc_ctrl next_pid=2923 next_prio=0
          <idle>-0     [000] d...   754.864755: sched_switch: prev_comm=swapper/0 prev_pid=0 prev_prio=120 prev_state=R ==> next_comm=mpc_server next_pid=2806 next_prio=0
        mpc_ctrl-2923  [001] d...   754.864760: sched_switch: prev_comm=mpc_ctrl prev_pid=2923 prev_prio=0 prev_state=S ==> next_comm=mpc_control2 next_pid=2909 next_prio=1
          <idle>-0     [001] d...   754.875358: sched_switch: prev_comm=swapper/1 prev_pid=0 prev_prio=120 prev_state=R ==> next_comm=mpc_ctrl next_pid=2923 next_prio=0
      mpc_server-2806  [000] d...   754.875366: sched_switch: prev_comm=mpc_server prev_pid=2806 prev_prio=0 prev_state=S ==> next_comm=swapper/0 next_pid=0 next_prio=120
        mpc_ctrl-2923  [001] d...   754.900606: sched_switch: prev_comm=mpc_ctrl prev_pid=2923 prev_prio=0 prev_state=S ==> next_comm=mpc_control2 next_pid=2909 next_prio=1
    mpc_control2-2909  [001] d...   754.900687: sched_switch: prev_comm=mpc_control2 prev_pid=2909 prev_prio=1 prev_state=R ==> next_comm=mpc_ctrl next_pid=2923 next_prio=0
  capture thread-2187  [000] d...   754.900823: sched_switch: prev_comm=capture thread prev_pid=2187 prev_prio=120 prev_state=R ==> next_comm=mpc_server next_pid=2806 next_prio=0
        mpc_ctrl-2923  [001] d...   754.900824: sched_switch: prev_comm=mpc_ctrl prev_pid=2923 prev_prio=0 prev_state=S ==> next_comm=mpc_control2 next_pid=2909 next_prio=1
 webrtc_audio_mo-2091  [001] d...   754.912492: sched_switch: prev_comm=webrtc_audio_mo prev_pid=2091 prev_prio=120 prev_state=R ==> next_comm=mpc_ctrl next_pid=2923 next_prio=0
      mpc_server-2806  [000] d...   754.912494: sched_switch: prev_comm=mpc_server prev_pid=2806 prev_prio=0 prev_state=S ==> next_comm=swapper/0 next_pid=0 next_prio=120
        mpc_ctrl-2923  [001] d...   754.933058: sched_switch: prev_comm=mpc_ctrl prev_pid=2923 prev_prio=0 prev_state=S ==> next_comm=mpc_control2 next_pid=2909 next_prio=1
    mpc_control2-2909  [001] d...   754.933130: sched_switch: prev_comm=mpc_control2 prev_pid=2909 prev_prio=1 prev_state=R ==> next_comm=mpc_ctrl next_pid=2923 next_prio=0
        mpc_ctrl-2923  [001] d...   754.933217: sched_switch: prev_comm=mpc_ctrl prev_pid=2923 prev_prio=0 prev_state=S ==> next_comm=mpc_control2 next_pid=2909 next_prio=1
          <idle>-0     [000] d...   754.933241: sched_switch: prev_comm=swapper/0 prev_pid=0 prev_prio=120 prev_state=R ==> next_comm=mpc_server next_pid=2806 next_prio=0
          <idle>-0     [001] d...   754.943380: sched_switch: prev_comm=swapper/1 prev_pid=0 prev_prio=120 prev_state=R ==> next_comm=mpc_ctrl next_pid=2923 next_prio=0
      mpc_server-2806  [000] d...   754.943383: sched_switch: prev_comm=mpc_server prev_pid=2806 prev_prio=0 prev_state=S ==> next_comm=swapper/0 next_pid=0 next_prio=120
        mpc_ctrl-2923  [001] d...   754.963557: sched_switch: prev_comm=mpc_ctrl prev_pid=2923 prev_prio=0 prev_state=S ==> next_comm=mpc_control2 next_pid=2909 next_prio=1
    mpc_control2-2909  [001] d...   754.963610: sched_switch: prev_comm=mpc_control2 prev_pid=2909 prev_prio=1 prev_state=R ==> next_comm=mpc_ctrl next_pid=2923 next_prio=0
        mpc_ctrl-2923  [001] d...   754.963677: sched_switch: prev_comm=mpc_ctrl prev_pid=2923 prev_prio=0 prev_state=S ==> next_comm=mpc_control2 next_pid=2909 next_prio=1
          <idle>-0     [000] d...   754.963707: sched_switch: prev_comm=swapper/0 prev_pid=0 prev_prio=120 prev_state=R ==> next_comm=mpc_server next_pid=2806 next_prio=0
          <idle>-0     [001] d...   754.973970: sched_switch: prev_comm=swapper/1 prev_pid=0 prev_prio=120 prev_state=R ==> next_comm=mpc_ctrl next_pid=2923 next_prio=0
      mpc_server-2806  [000] d...   754.973973: sched_switch: prev_comm=mpc_server prev_pid=2806 prev_prio=0 prev_state=S ==> next_comm=swapper/0 next_pid=0 next_prio=120
        mpc_ctrl-2923  [001] d...   754.994482: sched_switch: prev_comm=mpc_ctrl prev_pid=2923 prev_prio=0 prev_state=S ==> next_comm=mpc_control2 next_pid=2909 next_prio=1
    mpc_control2-2909  [001] d...   754.994538: sched_switch: prev_comm=mpc_control2 prev_pid=2909 prev_prio=1 prev_state=R ==> next_comm=mpc_ctrl next_pid=2923 next_prio=0
 webrtc_audio_mo-2091  [000] d...   754.994610: sched_switch: prev_comm=webrtc_audio_mo prev_pid=2091 prev_prio=120 prev_state=R ==> next_comm=mpc_server next_pid=2806 next_prio=0
        mpc_ctrl-2923  [001] d...   754.994611: sched_switch: prev_comm=mpc_ctrl prev_pid=2923 prev_prio=0 prev_state=S ==> next_comm=mpc_control2 next_pid=2909 next_prio=1
          <idle>-0     [001] d...   755.005309: sched_switch: prev_comm=swapper/1 prev_pid=0 prev_prio=120 prev_state=R ==> next_comm=mpc_ctrl next_pid=2923 next_prio=0
      mpc_server-2806  [000] d...   755.005313: sched_switch: prev_comm=mpc_server prev_pid=2806 prev_prio=0 prev_state=S ==> next_comm=swapper/0 next_pid=0 next_prio=120
        mpc_ctrl-2923  [001] d...   755.026076: sched_switch: prev_comm=mpc_ctrl prev_pid=2923 prev_prio=0 prev_state=S ==> next_comm=mpc_control2 next_pid=2909 next_prio=1
    mpc_control2-2909  [001] d...   755.026130: sched_switch: prev_comm=mpc_control2 prev_pid=2909 prev_prio=1 prev_state=R ==> next_comm=mpc_ctrl next_pid=2923 next_prio=0
        mpc_ctrl-2923  [001] d...   755.026198: sched_switch: prev_comm=mpc_ctrl prev_pid=2923 prev_prio=0 prev_state=S ==> next_comm=mpc_control2 next_pid=2909 next_prio=1
          <idle>-0     [000] d...   755.026228: sched_switch: prev_comm=swapper/0 prev_pid=0 prev_prio=120 prev_state=R ==> next_comm=mpc_server next_pid=2806 next_prio=0
            Xorg-915   [001] d...   755.037349: sched_switch: prev_comm=Xorg prev_pid=915 prev_prio=120 prev_state=R ==> next_comm=mpc_ctrl next_pid=2923 next_prio=0
      mpc_server-2806  [000] d...   755.037360: sched_switch: prev_comm=mpc_server prev_pid=2806 prev_prio=0 prev_state=S ==> next_comm=swapper/0 next_pid=0 next_prio=120
        mpc_ctrl-2923  [001] d...   755.061382: sched_switch: prev_comm=mpc_ctrl prev_pid=2923 prev_prio=0 prev_state=S ==> next_comm=mpc_control2 next_pid=2909 next_prio=1
    mpc_control2-2909  [001] d...   755.061456: sched_switch: prev_comm=mpc_control2 prev_pid=2909 prev_prio=1 prev_state=R ==> next_comm=mpc_ctrl next_pid=2923 next_prio=0
           <...>-2936  [000] d...   755.061579: sched_switch: prev_comm=MATLAB prev_pid=2936 prev_prio=120 prev_state=R ==> next_comm=mpc_server next_pid=2806 next_prio=0
        mpc_ctrl-2923  [001] d...   755.061581: sched_switch: prev_comm=mpc_ctrl prev_pid=2923 prev_prio=0 prev_state=S ==> next_comm=mpc_control2 next_pid=2909 next_prio=1
           <...>-2936  [001] d...   755.073763: sched_switch: prev_comm=MATLAB prev_pid=2936 prev_prio=120 prev_state=R ==> next_comm=mpc_ctrl next_pid=2923 next_prio=0
      mpc_server-2806  [000] d...   755.073766: sched_switch: prev_comm=mpc_server prev_pid=2806 prev_prio=0 prev_state=S ==> next_comm=swapper/0 next_pid=0 next_prio=120
        mpc_ctrl-2923  [001] d...   755.099843: sched_switch: prev_comm=mpc_ctrl prev_pid=2923 prev_prio=0 prev_state=S ==> next_comm=mpc_control2 next_pid=2909 next_prio=1
    mpc_control2-2909  [001] d...   755.099919: sched_switch: prev_comm=mpc_control2 prev_pid=2909 prev_prio=1 prev_state=R ==> next_comm=mpc_ctrl next_pid=2923 next_prio=0
   CrBrowserMain-2436  [000] d...   755.100046: sched_switch: prev_comm=CrBrowserMain prev_pid=2436 prev_prio=120 prev_state=R ==> next_comm=mpc_server next_pid=2806 next_prio=0
        mpc_ctrl-2923  [001] d...   755.100048: sched_switch: prev_comm=mpc_ctrl prev_pid=2923 prev_prio=0 prev_state=S ==> next_comm=mpc_control2 next_pid=2909 next_prio=1
          MATLAB-2332  [001] d...   755.113181: sched_switch: prev_comm=MATLAB prev_pid=2332 prev_prio=120 prev_state=R ==> next_comm=mpc_ctrl next_pid=2923 next_prio=0
      mpc_server-2806  [000] d...   755.113183: sched_switch: prev_comm=mpc_server prev_pid=2806 prev_prio=0 prev_state=S ==> next_comm=rcu_sched next_pid=11 next_prio=120
        mpc_ctrl-2923  [001] d...   755.136729: sched_switch: prev_comm=mpc_ctrl prev_pid=2923 prev_prio=0 prev_state=S ==> next_comm=mpc_control2 next_pid=2928 next_prio=1
    mpc_control2-2909  [001] d...   755.136850: sched_switch: prev_comm=mpc_control2 prev_pid=2909 prev_prio=1 prev_state=R ==> next_comm=mpc_ctrl next_pid=2923 next_prio=0
          <idle>-0     [000] d...   755.136986: sched_switch: prev_comm=swapper/0 prev_pid=0 prev_prio=120 prev_state=R ==> next_comm=mpc_server next_pid=2806 next_prio=0
        mpc_ctrl-2923  [001] d...   755.136989: sched_switch: prev_comm=mpc_ctrl prev_pid=2923 prev_prio=0 prev_state=S ==> next_comm=mpc_control2 next_pid=2909 next_prio=1
          MATLAB-2309  [001] d...   755.149047: sched_switch: prev_comm=MATLAB prev_pid=2309 prev_prio=120 prev_state=R ==> next_comm=mpc_ctrl next_pid=2923 next_prio=0
      mpc_server-2806  [000] d...   755.149050: sched_switch: prev_comm=mpc_server prev_pid=2806 prev_prio=0 prev_state=S ==> next_comm=kworker/u8:0 next_pid=8 next_prio=120
        mpc_ctrl-2923  [001] d...   755.170211: sched_switch: prev_comm=mpc_ctrl prev_pid=2923 prev_prio=0 prev_state=S ==> next_comm=mpc_control2 next_pid=2909 next_prio=1
    mpc_control2-2909  [001] d...   755.170277: sched_switch: prev_comm=mpc_control2 prev_pid=2909 prev_prio=1 prev_state=R ==> next_comm=mpc_ctrl next_pid=2923 next_prio=0
        mpc_ctrl-2923  [001] d...   755.170358: sched_switch: prev_comm=mpc_ctrl prev_pid=2923 prev_prio=0 prev_state=S ==> next_comm=mpc_control2 next_pid=2909 next_prio=1
          <idle>-0     [000] d...   755.170386: sched_switch: prev_comm=swapper/0 prev_pid=0 prev_prio=120 prev_state=R ==> next_comm=mpc_server next_pid=2806 next_prio=0
          <idle>-0     [001] d...   755.180163: sched_switch: prev_comm=swapper/1 prev_pid=0 prev_prio=120 prev_state=R ==> next_comm=mpc_ctrl next_pid=2923 next_prio=0
      mpc_server-2806  [000] d...   755.180165: sched_switch: prev_comm=mpc_server prev_pid=2806 prev_prio=0 prev_state=S ==> next_comm=swapper/0 next_pid=0 next_prio=120
        mpc_ctrl-2923  [001] d...   755.200405: sched_switch: prev_comm=mpc_ctrl prev_pid=2923 prev_prio=0 prev_state=S ==> next_comm=mpc_control2 next_pid=2909 next_prio=1
    mpc_control2-2909  [001] d...   755.200472: sched_switch: prev_comm=mpc_control2 prev_pid=2909 prev_prio=1 prev_state=R ==> next_comm=mpc_ctrl next_pid=2923 next_prio=0
 webrtc_audio_mo-2091  [000] d...   755.200576: sched_switch: prev_comm=webrtc_audio_mo prev_pid=2091 prev_prio=120 prev_state=R ==> next_comm=mpc_server next_pid=2806 next_prio=0
        mpc_ctrl-2923  [001] d...   755.200577: sched_switch: prev_comm=mpc_ctrl prev_pid=2923 prev_prio=0 prev_state=S ==> next_comm=mpc_control2 next_pid=2909 next_prio=1
 webrtc_audio_mo-2091  [001] d...   755.210332: sched_switch: prev_comm=webrtc_audio_mo prev_pid=2091 prev_prio=120 prev_state=R ==> next_comm=mpc_ctrl next_pid=2923 next_prio=0
      mpc_server-2806  [000] d...   755.210333: sched_switch: prev_comm=mpc_server prev_pid=2806 prev_prio=0 prev_state=S ==> next_comm=swapper/0 next_pid=0 next_prio=120
        mpc_ctrl-2923  [001] d...   755.232528: sched_switch: prev_comm=mpc_ctrl prev_pid=2923 prev_prio=0 prev_state=S ==> next_comm=mpc_control2 next_pid=2909 next_prio=1
    mpc_control2-2909  [001] d...   755.232599: sched_switch: prev_comm=mpc_control2 prev_pid=2909 prev_prio=1 prev_state=R ==> next_comm=mpc_ctrl next_pid=2923 next_prio=0
          MATLAB-2317  [000] d...   755.232747: sched_switch: prev_comm=MATLAB prev_pid=2317 prev_prio=120 prev_state=R ==> next_comm=mpc_server next_pid=2806 next_prio=0
        mpc_ctrl-2923  [001] d...   755.232750: sched_switch: prev_comm=mpc_ctrl prev_pid=2923 prev_prio=0 prev_state=S ==> next_comm=mpc_control2 next_pid=2909 next_prio=1
          MATLAB-2309  [001] d...   755.245176: sched_switch: prev_comm=MATLAB prev_pid=2309 prev_prio=120 prev_state=R ==> next_comm=mpc_ctrl next_pid=2923 next_prio=0
      mpc_server-2806  [000] d...   755.245177: sched_switch: prev_comm=mpc_server prev_pid=2806 prev_prio=0 prev_state=S ==> next_comm=swapper/0 next_pid=0 next_prio=120
        mpc_ctrl-2923  [001] d...   755.269072: sched_switch: prev_comm=mpc_ctrl prev_pid=2923 prev_prio=0 prev_state=S ==> next_comm=mpc_control2 next_pid=2909 next_prio=1
    mpc_control2-2909  [001] d...   755.269142: sched_switch: prev_comm=mpc_control2 prev_pid=2909 prev_prio=1 prev_state=R ==> next_comm=mpc_ctrl next_pid=2923 next_prio=0
          MATLAB-2334  [000] d...   755.269260: sched_switch: prev_comm=MATLAB prev_pid=2334 prev_prio=120 prev_state=R ==> next_comm=mpc_server next_pid=2806 next_prio=0
        mpc_ctrl-2923  [001] d...   755.269263: sched_switch: prev_comm=mpc_ctrl prev_pid=2923 prev_prio=0 prev_state=S ==> next_comm=mpc_control2 next_pid=2909 next_prio=1
          MATLAB-2333  [001] d...   755.281928: sched_switch: prev_comm=MATLAB prev_pid=2333 prev_prio=120 prev_state=R ==> next_comm=mpc_ctrl next_pid=2923 next_prio=0
      mpc_server-2806  [000] d...   755.281931: sched_switch: prev_comm=mpc_server prev_pid=2806 prev_prio=0 prev_state=S ==> next_comm=CrBrowserMain next_pid=2436 next_prio=120
        mpc_ctrl-2923  [001] d...   755.305860: sched_switch: prev_comm=mpc_ctrl prev_pid=2923 prev_prio=0 prev_state=S ==> next_comm=mpc_control2 next_pid=2909 next_prio=1
    mpc_control2-2909  [001] d...   755.305936: sched_switch: prev_comm=mpc_control2 prev_pid=2909 prev_prio=1 prev_state=R ==> next_comm=mpc_ctrl next_pid=2923 next_prio=0
           <...>-2092  [000] d...   755.306061: sched_switch: prev_comm=webrtc_audio_mo prev_pid=2092 prev_prio=120 prev_state=R ==> next_comm=mpc_server next_pid=2806 next_prio=0
        mpc_ctrl-2923  [001] d...   755.306063: sched_switch: prev_comm=mpc_ctrl prev_pid=2923 prev_prio=0 prev_state=S ==> next_comm=mpc_control2 next_pid=2909 next_prio=1
          MATLAB-2309  [001] d...   755.318349: sched_switch: prev_comm=MATLAB prev_pid=2309 prev_prio=120 prev_state=R ==> next_comm=mpc_ctrl next_pid=2923 next_prio=0
      mpc_server-2806  [000] d...   755.318352: sched_switch: prev_comm=mpc_server prev_pid=2806 prev_prio=0 prev_state=S ==> next_comm=QThread next_pid=2098 next_prio=120
        mpc_ctrl-2923  [001] d...   755.340455: sched_switch: prev_comm=mpc_ctrl prev_pid=2923 prev_prio=0 prev_state=S ==> next_comm=mpc_control2 next_pid=2928 next_prio=1
    mpc_control2-2909  [001] d...   755.340563: sched_switch: prev_comm=mpc_control2 prev_pid=2909 prev_prio=1 prev_state=R ==> next_comm=mpc_ctrl next_pid=2923 next_prio=0
          <idle>-0     [000] d...   755.340668: sched_switch: prev_comm=swapper/0 prev_pid=0 prev_prio=120 prev_state=R ==> next_comm=mpc_server next_pid=2806 next_prio=0
        mpc_ctrl-2923  [001] d...   755.340671: sched_switch: prev_comm=mpc_ctrl prev_pid=2923 prev_prio=0 prev_state=S ==> next_comm=mpc_control2 next_pid=2909 next_prio=1
          <idle>-0     [001] d...   755.351580: sched_switch: prev_comm=swapper/1 prev_pid=0 prev_prio=120 prev_state=R ==> next_comm=mpc_ctrl next_pid=2923 next_prio=0
      mpc_server-2806  [000] d...   755.351582: sched_switch: prev_comm=mpc_server prev_pid=2806 prev_prio=0 prev_state=S ==> next_comm=QThread next_pid=2098 next_prio=120
        mpc_ctrl-2923  [001] d...   755.372774: sched_switch: prev_comm=mpc_ctrl prev_pid=2923 prev_prio=0 prev_state=S ==> next_comm=mpc_control2 next_pid=2909 next_prio=1
    mpc_control2-2909  [001] d...   755.372830: sched_switch: prev_comm=mpc_control2 prev_pid=2909 prev_prio=1 prev_state=R ==> next_comm=mpc_ctrl next_pid=2923 next_prio=0
        mpc_ctrl-2923  [001] d...   755.372894: sched_switch: prev_comm=mpc_ctrl prev_pid=2923 prev_prio=0 prev_state=S ==> next_comm=mpc_control2 next_pid=2909 next_prio=1
          <idle>-0     [000] d...   755.372931: sched_switch: prev_comm=swapper/0 prev_pid=0 prev_prio=120 prev_state=R ==> next_comm=mpc_server next_pid=2806 next_prio=0
          <idle>-0     [001] d...   755.386542: sched_switch: prev_comm=swapper/1 prev_pid=0 prev_prio=120 prev_state=R ==> next_comm=mpc_ctrl next_pid=2923 next_prio=0
      mpc_server-2806  [000] d...   755.386545: sched_switch: prev_comm=mpc_server prev_pid=2806 prev_prio=0 prev_state=S ==> next_comm=MATLAB next_pid=2434 next_prio=120
        mpc_ctrl-2923  [001] d...   755.416885: sched_switch: prev_comm=mpc_ctrl prev_pid=2923 prev_prio=0 prev_state=S ==> next_comm=mpc_control2 next_pid=2909 next_prio=1
    mpc_control2-2909  [001] d...   755.416960: sched_switch: prev_comm=mpc_control2 prev_pid=2909 prev_prio=1 prev_state=R ==> next_comm=mpc_ctrl next_pid=2923 next_prio=0
          <idle>-0     [000] d...   755.417075: sched_switch: prev_comm=swapper/0 prev_pid=0 prev_prio=120 prev_state=R ==> next_comm=mpc_server next_pid=2806 next_prio=0
        mpc_ctrl-2923  [001] d...   755.417079: sched_switch: prev_comm=mpc_ctrl prev_pid=2923 prev_prio=0 prev_state=S ==> next_comm=mpc_control2 next_pid=2909 next_prio=1
          <idle>-0     [001] d...   755.428035: sched_switch: prev_comm=swapper/1 prev_pid=0 prev_prio=120 prev_state=R ==> next_comm=mpc_ctrl next_pid=2923 next_prio=0
      mpc_server-2806  [000] d...   755.428038: sched_switch: prev_comm=mpc_server prev_pid=2806 prev_prio=0 prev_state=S ==> next_comm=Chrome_ChildIOT next_pid=2545 next_prio=120
        mpc_ctrl-2923  [001] d...   755.453354: sched_switch: prev_comm=mpc_ctrl prev_pid=2923 prev_prio=0 prev_state=S ==> next_comm=mpc_control2 next_pid=2928 next_prio=1
    mpc_control2-2909  [001] d...   755.453456: sched_switch: prev_comm=mpc_control2 prev_pid=2909 prev_prio=1 prev_state=R ==> next_comm=mpc_ctrl next_pid=2923 next_prio=0
          <idle>-0     [000] d...   755.453557: sched_switch: prev_comm=swapper/0 prev_pid=0 prev_prio=120 prev_state=R ==> next_comm=mpc_server next_pid=2806 next_prio=0
        mpc_ctrl-2923  [001] d...   755.453560: sched_switch: prev_comm=mpc_ctrl prev_pid=2923 prev_prio=0 prev_state=S ==> next_comm=mpc_control2 next_pid=2909 next_prio=1
          <idle>-0     [001] d...   755.463933: sched_switch: prev_comm=swapper/1 prev_pid=0 prev_prio=120 prev_state=R ==> next_comm=mpc_ctrl next_pid=2923 next_prio=0
      mpc_server-2806  [000] d...   755.463935: sched_switch: prev_comm=mpc_server prev_pid=2806 prev_prio=0 prev_state=S ==> next_comm=swapper/0 next_pid=0 next_prio=120
        mpc_ctrl-2923  [001] d...   755.488878: sched_switch: prev_comm=mpc_ctrl prev_pid=2923 prev_prio=0 prev_state=S ==> next_comm=mpc_control2 next_pid=2909 next_prio=1
    mpc_control2-2909  [001] d...   755.488944: sched_switch: prev_comm=mpc_control2 prev_pid=2909 prev_prio=1 prev_state=R ==> next_comm=mpc_ctrl next_pid=2923 next_prio=0
        mpc_ctrl-2923  [001] d...   755.489052: sched_switch: prev_comm=mpc_ctrl prev_pid=2923 prev_prio=0 prev_state=S ==> next_comm=mpc_control2 next_pid=2909 next_prio=1
          <idle>-0     [000] d...   755.489072: sched_switch: prev_comm=swapper/0 prev_pid=0 prev_prio=120 prev_state=R ==> next_comm=mpc_server next_pid=2806 next_prio=0
          <idle>-0     [001] d...   755.499533: sched_switch: prev_comm=swapper/1 prev_pid=0 prev_prio=120 prev_state=R ==> next_comm=mpc_ctrl next_pid=2923 next_prio=0
      mpc_server-2806  [000] d...   755.499535: sched_switch: prev_comm=mpc_server prev_pid=2806 prev_prio=0 prev_state=S ==> next_comm=swapper/0 next_pid=0 next_prio=120
        mpc_ctrl-2923  [001] d...   755.524003: sched_switch: prev_comm=mpc_ctrl prev_pid=2923 prev_prio=0 prev_state=S ==> next_comm=mpc_control2 next_pid=2909 next_prio=1
    mpc_control2-2909  [001] d...   755.524067: sched_switch: prev_comm=mpc_control2 prev_pid=2909 prev_prio=1 prev_state=R ==> next_comm=mpc_ctrl next_pid=2923 next_prio=0
        mpc_ctrl-2923  [001] d...   755.524185: sched_switch: prev_comm=mpc_ctrl prev_pid=2923 prev_prio=0 prev_state=S ==> next_comm=mpc_control2 next_pid=2909 next_prio=1
          <idle>-0     [000] d...   755.524216: sched_switch: prev_comm=swapper/0 prev_pid=0 prev_prio=120 prev_state=R ==> next_comm=mpc_server next_pid=2806 next_prio=0
          <idle>-0     [001] d...   755.534399: sched_switch: prev_comm=swapper/1 prev_pid=0 prev_prio=120 prev_state=R ==> next_comm=mpc_ctrl next_pid=2923 next_prio=0
      mpc_server-2806  [000] d...   755.534401: sched_switch: prev_comm=mpc_server prev_pid=2806 prev_prio=0 prev_state=S ==> next_comm=swapper/0 next_pid=0 next_prio=120
        mpc_ctrl-2923  [001] d...   755.561766: sched_switch: prev_comm=mpc_ctrl prev_pid=2923 prev_prio=0 prev_state=S ==> next_comm=mpc_control2 next_pid=2928 next_prio=1
    mpc_control2-2909  [001] d...   755.561885: sched_switch: prev_comm=mpc_control2 prev_pid=2909 prev_prio=1 prev_state=R ==> next_comm=mpc_ctrl next_pid=2923 next_prio=0
        mpc_ctrl-2923  [001] d...   755.562049: sched_switch: prev_comm=mpc_ctrl prev_pid=2923 prev_prio=0 prev_state=S ==> next_comm=mpc_control2 next_pid=2909 next_prio=1
            Xorg-915   [000] d...   755.562052: sched_switch: prev_comm=Xorg prev_pid=915 prev_prio=120 prev_state=R+ ==> next_comm=mpc_server next_pid=2806 next_prio=0
          <idle>-0     [001] d...   755.573971: sched_switch: prev_comm=swapper/1 prev_pid=0 prev_prio=120 prev_state=R ==> next_comm=mpc_ctrl next_pid=2923 next_prio=0
      mpc_server-2806  [000] d...   755.573977: sched_switch: prev_comm=mpc_server prev_pid=2806 prev_prio=0 prev_state=S ==> next_comm=gmain next_pid=2204 next_prio=120
        mpc_ctrl-2923  [001] d...   755.600702: sched_switch: prev_comm=mpc_ctrl prev_pid=2923 prev_prio=0 prev_state=S ==> next_comm=mpc_control2 next_pid=2909 next_prio=1
    mpc_control2-2909  [001] d...   755.600776: sched_switch: prev_comm=mpc_control2 prev_pid=2909 prev_prio=1 prev_state=R ==> next_comm=mpc_ctrl next_pid=2923 next_prio=0
