# tracer: nop
#
# entries-in-buffer/entries-written: 1724/1724   #P:4
#
#                              _-----=> irqs-off
#                             / _----=> need-resched
#                            | / _---=> hardirq/softirq
#                            || / _--=> preempt-depth
#                            ||| /     delay
#           TASK-PID   CPU#  ||||    TIMESTAMP  FUNCTION
#              | |       |   ||||       |         |
           <...>-5683  [001] d...  5528.652746: sched_switch: prev_comm=sh prev_pid=5683 prev_prio=0 prev_state=Z ==> next_comm=trace_proc next_pid=5678 next_prio=0
      mpc_server-5678  [001] d...  5529.090797: sched_switch: prev_comm=mpc_server prev_pid=5678 prev_prio=0 prev_state=R+ ==> next_comm=migration/1 next_pid=17 next_prio=0
          <idle>-0     [000] d...  5529.090834: sched_switch: prev_comm=swapper/0 prev_pid=0 prev_prio=120 prev_state=R ==> next_comm=mpc_server next_pid=5678 next_prio=0
      mpc_server-5678  [000] d...  5529.090844: sched_switch: prev_comm=mpc_server prev_pid=5678 prev_prio=0 prev_state=S ==> next_comm=swapper/0 next_pid=0 next_prio=120
           <...>-5691  [001] d...  5534.959455: sched_switch: prev_comm=sh prev_pid=5691 prev_prio=0 prev_state=Z ==> next_comm=trace_proc next_pid=5687 next_prio=0
    mpc_shm_ctrl-5687  [001] d...  5534.959545: sched_switch: prev_comm=trace_proc prev_pid=5687 prev_prio=0 prev_state=S ==> next_comm=trace_proc next_pid=5692 next_prio=0
              sh-5692  [001] d...  5534.960201: sched_switch: prev_comm=sh prev_pid=5692 prev_prio=0 prev_state=Z ==> next_comm=trace_proc next_pid=5687 next_prio=0
    mpc_shm_ctrl-5687  [001] d...  5535.401537: sched_switch: prev_comm=mpc_shm_ctrl prev_pid=5687 prev_prio=0 prev_state=S ==> next_comm=ksoftirqd/1 next_pid=18 next_prio=120
          <idle>-0     [001] d...  5561.223887: sched_switch: prev_comm=swapper/1 prev_pid=0 prev_prio=120 prev_state=R ==> next_comm=mpc_shm_ctrl next_pid=5687 next_prio=0
          <idle>-0     [000] d...  5561.224018: sched_switch: prev_comm=swapper/0 prev_pid=0 prev_prio=120 prev_state=R ==> next_comm=mpc_server next_pid=5678 next_prio=0
    mpc_shm_ctrl-5687  [001] d...  5561.224021: sched_switch: prev_comm=mpc_shm_ctrl prev_pid=5687 prev_prio=0 prev_state=S ==> next_comm=swapper/1 next_pid=0 next_prio=120
      mpc_server-5678  [000] d...  5561.232781: sched_switch: prev_comm=mpc_server prev_pid=5678 prev_prio=0 prev_state=S ==> next_comm=swapper/0 next_pid=0 next_prio=120
          <idle>-0     [001] d...  5561.232811: sched_switch: prev_comm=swapper/1 prev_pid=0 prev_prio=120 prev_state=R ==> next_comm=mpc_shm_ctrl next_pid=5687 next_prio=0
    mpc_shm_ctrl-5687  [001] d...  5561.251631: sched_switch: prev_comm=mpc_shm_ctrl prev_pid=5687 prev_prio=0 prev_state=S ==> next_comm=kworker/1:1 next_pid=5715 next_prio=120
          <idle>-0     [001] d...  5561.395351: sched_switch: prev_comm=swapper/1 prev_pid=0 prev_prio=120 prev_state=R ==> next_comm=mpc_shm_ctrl next_pid=5687 next_prio=0
    mpc_shm_ctrl-5687  [001] d...  5561.395482: sched_switch: prev_comm=mpc_shm_ctrl prev_pid=5687 prev_prio=0 prev_state=S ==> next_comm=swapper/1 next_pid=0 next_prio=120
          <idle>-0     [000] d...  5561.395511: sched_switch: prev_comm=swapper/0 prev_pid=0 prev_prio=120 prev_state=R ==> next_comm=mpc_server next_pid=5678 next_prio=0
      mpc_server-5678  [000] d...  5561.405433: sched_switch: prev_comm=mpc_server prev_pid=5678 prev_prio=0 prev_state=S ==> next_comm=swapper/0 next_pid=0 next_prio=120
          <idle>-0     [001] d...  5561.405459: sched_switch: prev_comm=swapper/1 prev_pid=0 prev_prio=120 prev_state=R ==> next_comm=mpc_shm_ctrl next_pid=5687 next_prio=0
    mpc_shm_ctrl-5687  [001] d...  5561.427659: sched_switch: prev_comm=mpc_shm_ctrl prev_pid=5687 prev_prio=0 prev_state=S ==> next_comm=swapper/1 next_pid=0 next_prio=120
          MATLAB-2929  [001] d...  5561.474956: sched_switch: prev_comm=MATLAB prev_pid=2929 prev_prio=120 prev_state=R ==> next_comm=mpc_shm_ctrl next_pid=5687 next_prio=0
          MATLAB-5723  [000] d...  5561.475084: sched_switch: prev_comm=MATLAB prev_pid=5723 prev_prio=120 prev_state=R ==> next_comm=mpc_server next_pid=5678 next_prio=0
    mpc_shm_ctrl-5687  [001] d...  5561.475087: sched_switch: prev_comm=mpc_shm_ctrl prev_pid=5687 prev_prio=0 prev_state=S ==> next_comm=MATLAB next_pid=2929 next_prio=120
      mpc_server-5678  [000] d...  5561.493890: sched_switch: prev_comm=mpc_server prev_pid=5678 prev_prio=0 prev_state=S ==> next_comm=swapper/0 next_pid=0 next_prio=120
          <idle>-0     [001] d...  5561.493914: sched_switch: prev_comm=swapper/1 prev_pid=0 prev_prio=120 prev_state=R ==> next_comm=mpc_shm_ctrl next_pid=5687 next_prio=0
    mpc_shm_ctrl-5687  [001] d...  5561.512816: sched_switch: prev_comm=mpc_shm_ctrl prev_pid=5687 prev_prio=0 prev_state=S ==> next_comm=kworker/1:1 next_pid=5715 next_prio=120
          MATLAB-5723  [001] d...  5561.576537: sched_switch: prev_comm=MATLAB prev_pid=5723 prev_prio=120 prev_state=R ==> next_comm=mpc_shm_ctrl next_pid=5687 next_prio=0
    mpc_shm_ctrl-5687  [001] d...  5561.576697: sched_switch: prev_comm=mpc_shm_ctrl prev_pid=5687 prev_prio=0 prev_state=S ==> next_comm=MATLAB next_pid=5723 next_prio=120
          <idle>-0     [000] d...  5561.576725: sched_switch: prev_comm=swapper/0 prev_pid=0 prev_prio=120 prev_state=R ==> next_comm=mpc_server next_pid=5678 next_prio=0
      mpc_server-5678  [000] d...  5561.586422: sched_switch: prev_comm=mpc_server prev_pid=5678 prev_prio=0 prev_state=S ==> next_comm=swapper/0 next_pid=0 next_prio=120
          <idle>-0     [001] d...  5561.586447: sched_switch: prev_comm=swapper/1 prev_pid=0 prev_prio=120 prev_state=R ==> next_comm=mpc_shm_ctrl next_pid=5687 next_prio=0
    mpc_shm_ctrl-5687  [001] d...  5561.605364: sched_switch: prev_comm=mpc_shm_ctrl prev_pid=5687 prev_prio=0 prev_state=S ==> next_comm=kworker/1:1 next_pid=5715 next_prio=120
          <idle>-0     [001] d...  5561.652360: sched_switch: prev_comm=swapper/1 prev_pid=0 prev_prio=120 prev_state=R ==> next_comm=mpc_shm_ctrl next_pid=5687 next_prio=0
    mpc_shm_ctrl-5687  [001] d...  5561.652485: sched_switch: prev_comm=mpc_shm_ctrl prev_pid=5687 prev_prio=0 prev_state=S ==> next_comm=swapper/1 next_pid=0 next_prio=120
          <idle>-0     [000] d...  5561.652514: sched_switch: prev_comm=swapper/0 prev_pid=0 prev_prio=120 prev_state=R ==> next_comm=mpc_server next_pid=5678 next_prio=0
          <idle>-0     [001] d...  5561.662027: sched_switch: prev_comm=swapper/1 prev_pid=0 prev_prio=120 prev_state=R ==> next_comm=mpc_shm_ctrl next_pid=5687 next_prio=0
      mpc_server-5678  [000] d...  5561.662028: sched_switch: prev_comm=mpc_server prev_pid=5678 prev_prio=0 prev_state=S ==> next_comm=swapper/0 next_pid=0 next_prio=120
    mpc_shm_ctrl-5687  [001] d...  5561.680611: sched_switch: prev_comm=mpc_shm_ctrl prev_pid=5687 prev_prio=0 prev_state=S ==> next_comm=kworker/1:1 next_pid=5715 next_prio=120
          <idle>-0     [001] d...  5561.741645: sched_switch: prev_comm=swapper/1 prev_pid=0 prev_prio=120 prev_state=R ==> next_comm=mpc_shm_ctrl next_pid=5687 next_prio=0
          <idle>-0     [000] d...  5561.741770: sched_switch: prev_comm=swapper/0 prev_pid=0 prev_prio=120 prev_state=R ==> next_comm=mpc_server next_pid=5678 next_prio=0
    mpc_shm_ctrl-5687  [001] d...  5561.741773: sched_switch: prev_comm=mpc_shm_ctrl prev_pid=5687 prev_prio=0 prev_state=S ==> next_comm=swapper/1 next_pid=0 next_prio=120
      mpc_server-5678  [000] d...  5561.751357: sched_switch: prev_comm=mpc_server prev_pid=5678 prev_prio=0 prev_state=S ==> next_comm=swapper/0 next_pid=0 next_prio=120
          <idle>-0     [001] d...  5561.751386: sched_switch: prev_comm=swapper/1 prev_pid=0 prev_prio=120 prev_state=R ==> next_comm=mpc_shm_ctrl next_pid=5687 next_prio=0
    mpc_shm_ctrl-5687  [001] d...  5561.769840: sched_switch: prev_comm=mpc_shm_ctrl prev_pid=5687 prev_prio=0 prev_state=S ==> next_comm=kworker/1:1 next_pid=5715 next_prio=120
          <idle>-0     [001] d...  5561.802719: sched_switch: prev_comm=swapper/1 prev_pid=0 prev_prio=120 prev_state=R ==> next_comm=mpc_shm_ctrl next_pid=5687 next_prio=0
    mpc_shm_ctrl-5687  [001] d...  5561.802842: sched_switch: prev_comm=mpc_shm_ctrl prev_pid=5687 prev_prio=0 prev_state=S ==> next_comm=swapper/1 next_pid=0 next_prio=120
          <idle>-0     [000] d...  5561.802870: sched_switch: prev_comm=swapper/0 prev_pid=0 prev_prio=120 prev_state=R ==> next_comm=mpc_server next_pid=5678 next_prio=0
      mpc_server-5678  [000] d...  5561.812820: sched_switch: prev_comm=mpc_server prev_pid=5678 prev_prio=0 prev_state=S ==> next_comm=swapper/0 next_pid=0 next_prio=120
          <idle>-0     [001] d...  5561.812846: sched_switch: prev_comm=swapper/1 prev_pid=0 prev_prio=120 prev_state=R ==> next_comm=mpc_shm_ctrl next_pid=5687 next_prio=0
    mpc_shm_ctrl-5687  [001] d...  5561.832534: sched_switch: prev_comm=mpc_shm_ctrl prev_pid=5687 prev_prio=0 prev_state=S ==> next_comm=kworker/1:1 next_pid=5715 next_prio=120
          <idle>-0     [001] d...  5561.860894: sched_switch: prev_comm=swapper/1 prev_pid=0 prev_prio=120 prev_state=R ==> next_comm=mpc_shm_ctrl next_pid=5687 next_prio=0
          <idle>-0     [000] d...  5561.861026: sched_switch: prev_comm=swapper/0 prev_pid=0 prev_prio=120 prev_state=R ==> next_comm=mpc_server next_pid=5678 next_prio=0
    mpc_shm_ctrl-5687  [001] d...  5561.861029: sched_switch: prev_comm=mpc_shm_ctrl prev_pid=5687 prev_prio=0 prev_state=S ==> next_comm=swapper/1 next_pid=0 next_prio=120
      mpc_server-5678  [000] d...  5561.871489: sched_switch: prev_comm=mpc_server prev_pid=5678 prev_prio=0 prev_state=S ==> next_comm=swapper/0 next_pid=0 next_prio=120
          <idle>-0     [001] d...  5561.871517: sched_switch: prev_comm=swapper/1 prev_pid=0 prev_prio=120 prev_state=R ==> next_comm=mpc_shm_ctrl next_pid=5687 next_prio=0
    mpc_shm_ctrl-5687  [001] d...  5561.889537: sched_switch: prev_comm=mpc_shm_ctrl prev_pid=5687 prev_prio=0 prev_state=S ==> next_comm=kworker/1:1 next_pid=5715 next_prio=120
          MATLAB-2929  [001] d...  5561.995432: sched_switch: prev_comm=MATLAB prev_pid=2929 prev_prio=120 prev_state=R ==> next_comm=mpc_shm_ctrl next_pid=5687 next_prio=0
          MATLAB-5723  [000] d...  5561.996170: sched_switch: prev_comm=MATLAB prev_pid=5723 prev_prio=120 prev_state=R ==> next_comm=mpc_server next_pid=5678 next_prio=0
    mpc_shm_ctrl-5687  [001] d...  5561.996203: sched_switch: prev_comm=mpc_shm_ctrl prev_pid=5687 prev_prio=0 prev_state=S ==> next_comm=MATLAB next_pid=2929 next_prio=120
          <idle>-0     [001] d...  5562.046878: sched_switch: prev_comm=swapper/1 prev_pid=0 prev_prio=120 prev_state=R ==> next_comm=mpc_shm_ctrl next_pid=5687 next_prio=0
      mpc_server-5678  [000] d...  5562.046883: sched_switch: prev_comm=mpc_server prev_pid=5678 prev_prio=0 prev_state=S ==> next_comm=kworker/0:0 next_pid=5 next_prio=120
    mpc_shm_ctrl-5687  [001] d...  5562.077543: sched_switch: prev_comm=mpc_shm_ctrl prev_pid=5687 prev_prio=0 prev_state=S ==> next_comm=kworker/1:1 next_pid=5715 next_prio=120
          MATLAB-5723  [001] d...  5562.125020: sched_switch: prev_comm=MATLAB prev_pid=5723 prev_prio=120 prev_state=R ==> next_comm=mpc_shm_ctrl next_pid=5687 next_prio=0
          <idle>-0     [000] d...  5562.125205: sched_switch: prev_comm=swapper/0 prev_pid=0 prev_prio=120 prev_state=R ==> next_comm=mpc_server next_pid=5678 next_prio=0
    mpc_shm_ctrl-5687  [001] d...  5562.125210: sched_switch: prev_comm=mpc_shm_ctrl prev_pid=5687 prev_prio=0 prev_state=S ==> next_comm=MATLAB next_pid=5723 next_prio=120
          <idle>-0     [001] d...  5562.138917: sched_switch: prev_comm=swapper/1 prev_pid=0 prev_prio=120 prev_state=R ==> next_comm=mpc_shm_ctrl next_pid=5687 next_prio=0
      mpc_server-5678  [000] d...  5562.138920: sched_switch: prev_comm=mpc_server prev_pid=5678 prev_prio=0 prev_state=S ==> next_comm=wesnothd-1.12 next_pid=843 next_prio=120
    mpc_shm_ctrl-5687  [001] d...  5562.160039: sched_switch: prev_comm=mpc_shm_ctrl prev_pid=5687 prev_prio=0 prev_state=S ==> next_comm=kworker/1:1 next_pid=5715 next_prio=120
          MATLAB-5723  [001] d...  5562.369870: sched_switch: prev_comm=MATLAB prev_pid=5723 prev_prio=120 prev_state=R ==> next_comm=mpc_shm_ctrl next_pid=5687 next_prio=0
           <...>-2942  [000] d...  5562.370050: sched_switch: prev_comm=MATLAB prev_pid=2942 prev_prio=120 prev_state=R ==> next_comm=mpc_server next_pid=5678 next_prio=0
    mpc_shm_ctrl-5687  [001] d...  5562.370053: sched_switch: prev_comm=mpc_shm_ctrl prev_pid=5687 prev_prio=0 prev_state=S ==> next_comm=MATLAB next_pid=5723 next_prio=120
           <...>-2942  [001] d...  5562.380856: sched_switch: prev_comm=MATLAB prev_pid=2942 prev_prio=120 prev_state=R ==> next_comm=mpc_shm_ctrl next_pid=5687 next_prio=0
      mpc_server-5678  [000] d...  5562.380861: sched_switch: prev_comm=mpc_server prev_pid=5678 prev_prio=0 prev_state=S ==> next_comm=swapper/0 next_pid=0 next_prio=120
    mpc_shm_ctrl-5687  [001] d...  5562.405169: sched_switch: prev_comm=mpc_shm_ctrl prev_pid=5687 prev_prio=0 prev_state=S ==> next_comm=kworker/1:1 next_pid=5715 next_prio=120
          <idle>-0     [001] d...  5562.441574: sched_switch: prev_comm=swapper/1 prev_pid=0 prev_prio=120 prev_state=R ==> next_comm=mpc_shm_ctrl next_pid=5687 next_prio=0
 Chrome_ChildIOT-3165  [000] d...  5562.441773: sched_switch: prev_comm=Chrome_ChildIOT prev_pid=3165 prev_prio=120 prev_state=R ==> next_comm=mpc_server next_pid=5678 next_prio=0
    mpc_shm_ctrl-5687  [001] d...  5562.441782: sched_switch: prev_comm=mpc_shm_ctrl prev_pid=5687 prev_prio=0 prev_state=S ==> next_comm=swapper/1 next_pid=0 next_prio=120
          <idle>-0     [001] d...  5562.452179: sched_switch: prev_comm=swapper/1 prev_pid=0 prev_prio=120 prev_state=R ==> next_comm=mpc_shm_ctrl next_pid=5687 next_prio=0
      mpc_server-5678  [000] d...  5562.452180: sched_switch: prev_comm=mpc_server prev_pid=5678 prev_prio=0 prev_state=S ==> next_comm=swapper/0 next_pid=0 next_prio=120
    mpc_shm_ctrl-5687  [001] d...  5562.472804: sched_switch: prev_comm=mpc_shm_ctrl prev_pid=5687 prev_prio=0 prev_state=S ==> next_comm=kworker/1:1 next_pid=5715 next_prio=120
          <idle>-0     [001] d...  5562.500982: sched_switch: prev_comm=swapper/1 prev_pid=0 prev_prio=120 prev_state=R ==> next_comm=mpc_shm_ctrl next_pid=5687 next_prio=0
    mpc_shm_ctrl-5687  [001] d...  5562.501111: sched_switch: prev_comm=mpc_shm_ctrl prev_pid=5687 prev_prio=0 prev_state=S ==> next_comm=swapper/1 next_pid=0 next_prio=120
          <idle>-0     [000] d...  5562.501139: sched_switch: prev_comm=swapper/0 prev_pid=0 prev_prio=120 prev_state=R ==> next_comm=mpc_server next_pid=5678 next_prio=0
          <idle>-0     [001] d...  5562.511225: sched_switch: prev_comm=swapper/1 prev_pid=0 prev_prio=120 prev_state=R ==> next_comm=mpc_shm_ctrl next_pid=5687 next_prio=0
      mpc_server-5678  [000] d...  5562.511227: sched_switch: prev_comm=mpc_server prev_pid=5678 prev_prio=0 prev_state=S ==> next_comm=swapper/0 next_pid=0 next_prio=120
    mpc_shm_ctrl-5687  [001] d...  5562.529370: sched_switch: prev_comm=mpc_shm_ctrl prev_pid=5687 prev_prio=0 prev_state=S ==> next_comm=swapper/1 next_pid=0 next_prio=120
          MATLAB-5723  [001] d...  5562.558017: sched_switch: prev_comm=MATLAB prev_pid=5723 prev_prio=120 prev_state=R ==> next_comm=mpc_shm_ctrl next_pid=5687 next_prio=0
    mpc_shm_ctrl-5687  [001] d...  5562.558145: sched_switch: prev_comm=mpc_shm_ctrl prev_pid=5687 prev_prio=0 prev_state=S ==> next_comm=MATLAB next_pid=5723 next_prio=120
          <idle>-0     [000] d...  5562.558173: sched_switch: prev_comm=swapper/0 prev_pid=0 prev_prio=120 prev_state=R ==> next_comm=mpc_server next_pid=5678 next_prio=0
      mpc_server-5678  [000] d...  5562.567589: sched_switch: prev_comm=mpc_server prev_pid=5678 prev_prio=0 prev_state=S ==> next_comm=swapper/0 next_pid=0 next_prio=120
          <idle>-0     [001] d...  5562.567616: sched_switch: prev_comm=swapper/1 prev_pid=0 prev_prio=120 prev_state=R ==> next_comm=mpc_shm_ctrl next_pid=5687 next_prio=0
    mpc_shm_ctrl-5687  [001] d...  5562.586102: sched_switch: prev_comm=mpc_shm_ctrl prev_pid=5687 prev_prio=0 prev_state=S ==> next_comm=swapper/1 next_pid=0 next_prio=120
          <idle>-0     [001] d...  5562.615429: sched_switch: prev_comm=swapper/1 prev_pid=0 prev_prio=120 prev_state=R ==> next_comm=mpc_shm_ctrl next_pid=5687 next_prio=0
    mpc_shm_ctrl-5687  [001] d...  5562.615622: sched_switch: prev_comm=mpc_shm_ctrl prev_pid=5687 prev_prio=0 prev_state=S ==> next_comm=swapper/1 next_pid=0 next_prio=120
          <idle>-0     [000] d...  5562.615649: sched_switch: prev_comm=swapper/0 prev_pid=0 prev_prio=120 prev_state=R ==> next_comm=mpc_server next_pid=5678 next_prio=0
      mpc_server-5678  [000] d...  5562.625685: sched_switch: prev_comm=mpc_server prev_pid=5678 prev_prio=0 prev_state=S ==> next_comm=swapper/0 next_pid=0 next_prio=120
          <idle>-0     [001] d...  5562.625708: sched_switch: prev_comm=swapper/1 prev_pid=0 prev_prio=120 prev_state=R ==> next_comm=mpc_shm_ctrl next_pid=5687 next_prio=0
    mpc_shm_ctrl-5687  [001] d...  5562.644411: sched_switch: prev_comm=mpc_shm_ctrl prev_pid=5687 prev_prio=0 prev_state=S ==> next_comm=kworker/1:1 next_pid=5715 next_prio=120
          <idle>-0     [001] d...  5562.672809: sched_switch: prev_comm=swapper/1 prev_pid=0 prev_prio=120 prev_state=R ==> next_comm=mpc_shm_ctrl next_pid=5687 next_prio=0
          <idle>-0     [000] d...  5562.672936: sched_switch: prev_comm=swapper/0 prev_pid=0 prev_prio=120 prev_state=R ==> next_comm=mpc_server next_pid=5678 next_prio=0
    mpc_shm_ctrl-5687  [001] d...  5562.672939: sched_switch: prev_comm=mpc_shm_ctrl prev_pid=5687 prev_prio=0 prev_state=S ==> next_comm=swapper/1 next_pid=0 next_prio=120
      mpc_server-5678  [000] d...  5562.683238: sched_switch: prev_comm=mpc_server prev_pid=5678 prev_prio=0 prev_state=S ==> next_comm=swapper/0 next_pid=0 next_prio=120
          <idle>-0     [001] d...  5562.683265: sched_switch: prev_comm=swapper/1 prev_pid=0 prev_prio=120 prev_state=R ==> next_comm=mpc_shm_ctrl next_pid=5687 next_prio=0
    mpc_shm_ctrl-5687  [001] d...  5562.701297: sched_switch: prev_comm=mpc_shm_ctrl prev_pid=5687 prev_prio=0 prev_state=S ==> next_comm=kworker/1:1 next_pid=5715 next_prio=120
          <idle>-0     [001] d...  5562.730942: sched_switch: prev_comm=swapper/1 prev_pid=0 prev_prio=120 prev_state=R ==> next_comm=mpc_shm_ctrl next_pid=5687 next_prio=0
          <idle>-0     [000] d...  5562.731075: sched_switch: prev_comm=swapper/0 prev_pid=0 prev_prio=120 prev_state=R ==> next_comm=mpc_server next_pid=5678 next_prio=0
    mpc_shm_ctrl-5687  [001] d...  5562.731078: sched_switch: prev_comm=mpc_shm_ctrl prev_pid=5687 prev_prio=0 prev_state=S ==> next_comm=swapper/1 next_pid=0 next_prio=120
      mpc_server-5678  [000] d...  5562.740721: sched_switch: prev_comm=mpc_server prev_pid=5678 prev_prio=0 prev_state=S ==> next_comm=swapper/0 next_pid=0 next_prio=120
          <idle>-0     [001] d...  5562.740752: sched_switch: prev_comm=swapper/1 prev_pid=0 prev_prio=120 prev_state=R ==> next_comm=mpc_shm_ctrl next_pid=5687 next_prio=0
    mpc_shm_ctrl-5687  [001] d...  5562.758968: sched_switch: prev_comm=mpc_shm_ctrl prev_pid=5687 prev_prio=0 prev_state=S ==> next_comm=kworker/1:1 next_pid=5715 next_prio=120
          MATLAB-2929  [001] d...  5562.799255: sched_switch: prev_comm=MATLAB prev_pid=2929 prev_prio=120 prev_state=R ==> next_comm=mpc_shm_ctrl next_pid=5687 next_prio=0
          <idle>-0     [000] d...  5562.799519: sched_switch: prev_comm=swapper/0 prev_pid=0 prev_prio=120 prev_state=R ==> next_comm=mpc_server next_pid=5678 next_prio=0
    mpc_shm_ctrl-5687  [001] d...  5562.799522: sched_switch: prev_comm=mpc_shm_ctrl prev_pid=5687 prev_prio=0 prev_state=S ==> next_comm=MATLAB next_pid=2929 next_prio=120
          <idle>-0     [001] d...  5562.812114: sched_switch: prev_comm=swapper/1 prev_pid=0 prev_prio=120 prev_state=R ==> next_comm=mpc_shm_ctrl next_pid=5687 next_prio=0
      mpc_server-5678  [000] d...  5562.812117: sched_switch: prev_comm=mpc_server prev_pid=5678 prev_prio=0 prev_state=S ==> next_comm=rcu_sched next_pid=11 next_prio=120
    mpc_shm_ctrl-5687  [001] d...  5562.830933: sched_switch: prev_comm=mpc_shm_ctrl prev_pid=5687 prev_prio=0 prev_state=S ==> next_comm=kworker/1:1 next_pid=5715 next_prio=120
          <idle>-0     [001] d...  5562.859827: sched_switch: prev_comm=swapper/1 prev_pid=0 prev_prio=120 prev_state=R ==> next_comm=mpc_shm_ctrl next_pid=5687 next_prio=0
          <idle>-0     [000] d...  5562.859956: sched_switch: prev_comm=swapper/0 prev_pid=0 prev_prio=120 prev_state=R ==> next_comm=mpc_server next_pid=5678 next_prio=0
    mpc_shm_ctrl-5687  [001] d...  5562.859960: sched_switch: prev_comm=mpc_shm_ctrl prev_pid=5687 prev_prio=0 prev_state=S ==> next_comm=swapper/1 next_pid=0 next_prio=120
      mpc_server-5678  [000] d...  5562.869930: sched_switch: prev_comm=mpc_server prev_pid=5678 prev_prio=0 prev_state=S ==> next_comm=swapper/0 next_pid=0 next_prio=120
          <idle>-0     [001] d...  5562.869959: sched_switch: prev_comm=swapper/1 prev_pid=0 prev_prio=120 prev_state=R ==> next_comm=mpc_shm_ctrl next_pid=5687 next_prio=0
    mpc_shm_ctrl-5687  [001] d...  5562.887961: sched_switch: prev_comm=mpc_shm_ctrl prev_pid=5687 prev_prio=0 prev_state=S ==> next_comm=kworker/1:1 next_pid=5715 next_prio=120
          <idle>-0     [001] d...  5562.917801: sched_switch: prev_comm=swapper/1 prev_pid=0 prev_prio=120 prev_state=R ==> next_comm=mpc_shm_ctrl next_pid=5687 next_prio=0
          MATLAB-5723  [000] d...  5562.917931: sched_switch: prev_comm=MATLAB prev_pid=5723 prev_prio=120 prev_state=R ==> next_comm=mpc_server next_pid=5678 next_prio=0
    mpc_shm_ctrl-5687  [001] d...  5562.917938: sched_switch: prev_comm=mpc_shm_ctrl prev_pid=5687 prev_prio=0 prev_state=S ==> next_comm=swapper/1 next_pid=0 next_prio=120
          <idle>-0     [001] d...  5562.932096: sched_switch: prev_comm=swapper/1 prev_pid=0 prev_prio=120 prev_state=R ==> next_comm=mpc_shm_ctrl next_pid=5687 next_prio=0
      mpc_server-5678  [000] d...  5562.932099: sched_switch: prev_comm=mpc_server prev_pid=5678 prev_prio=0 prev_state=S ==> next_comm=kworker/0:0 next_pid=5 next_prio=120
    mpc_shm_ctrl-5687  [001] d...  5562.950303: sched_switch: prev_comm=mpc_shm_ctrl prev_pid=5687 prev_prio=0 prev_state=S ==> next_comm=swapper/1 next_pid=0 next_prio=120
          MATLAB-5723  [001] d...  5562.978023: sched_switch: prev_comm=MATLAB prev_pid=5723 prev_prio=120 prev_state=R ==> next_comm=mpc_shm_ctrl next_pid=5687 next_prio=0
    mpc_shm_ctrl-5687  [001] d...  5562.978153: sched_switch: prev_comm=mpc_shm_ctrl prev_pid=5687 prev_prio=0 prev_state=S ==> next_comm=MATLAB next_pid=5723 next_prio=120
          <idle>-0     [000] d...  5562.978174: sched_switch: prev_comm=swapper/0 prev_pid=0 prev_prio=120 prev_state=R ==> next_comm=mpc_server next_pid=5678 next_prio=0
      mpc_server-5678  [000] d...  5562.987410: sched_switch: prev_comm=mpc_server prev_pid=5678 prev_prio=0 prev_state=S ==> next_comm=swapper/0 next_pid=0 next_prio=120
          <idle>-0     [001] d...  5562.987433: sched_switch: prev_comm=swapper/1 prev_pid=0 prev_prio=120 prev_state=R ==> next_comm=mpc_shm_ctrl next_pid=5687 next_prio=0
    mpc_shm_ctrl-5687  [001] d...  5563.005607: sched_switch: prev_comm=mpc_shm_ctrl prev_pid=5687 prev_prio=0 prev_state=S ==> next_comm=kworker/1:0 next_pid=5589 next_prio=120
          MATLAB-5723  [001] d...  5563.033902: sched_switch: prev_comm=MATLAB prev_pid=5723 prev_prio=120 prev_state=R ==> next_comm=mpc_shm_ctrl next_pid=5687 next_prio=0
    mpc_shm_ctrl-5687  [001] d...  5563.034031: sched_switch: prev_comm=mpc_shm_ctrl prev_pid=5687 prev_prio=0 prev_state=S ==> next_comm=MATLAB next_pid=5723 next_prio=120
          <idle>-0     [000] d...  5563.034059: sched_switch: prev_comm=swapper/0 prev_pid=0 prev_prio=120 prev_state=R ==> next_comm=mpc_server next_pid=5678 next_prio=0
      mpc_server-5678  [000] d...  5563.044659: sched_switch: prev_comm=mpc_server prev_pid=5678 prev_prio=0 prev_state=S ==> next_comm=kworker/0:0 next_pid=5 next_prio=120
          <idle>-0     [001] d...  5563.044681: sched_switch: prev_comm=swapper/1 prev_pid=0 prev_prio=120 prev_state=R ==> next_comm=mpc_shm_ctrl next_pid=5687 next_prio=0
    mpc_shm_ctrl-5687  [001] d...  5563.063242: sched_switch: prev_comm=mpc_shm_ctrl prev_pid=5687 prev_prio=0 prev_state=S ==> next_comm=kworker/1:0 next_pid=5589 next_prio=120
          MATLAB-5723  [001] d...  5563.091924: sched_switch: prev_comm=MATLAB prev_pid=5723 prev_prio=120 prev_state=R ==> next_comm=mpc_shm_ctrl next_pid=5687 next_prio=0
    mpc_shm_ctrl-5687  [001] d...  5563.092051: sched_switch: prev_comm=mpc_shm_ctrl prev_pid=5687 prev_prio=0 prev_state=S ==> next_comm=MATLAB next_pid=5723 next_prio=120
          <idle>-0     [000] d...  5563.092079: sched_switch: prev_comm=swapper/0 prev_pid=0 prev_prio=120 prev_state=R ==> next_comm=mpc_server next_pid=5678 next_prio=0
          <idle>-0     [001] d...  5563.101597: sched_switch: prev_comm=swapper/1 prev_pid=0 prev_prio=120 prev_state=R ==> next_comm=mpc_shm_ctrl next_pid=5687 next_prio=0
      mpc_server-5678  [000] d...  5563.101600: sched_switch: prev_comm=mpc_server prev_pid=5678 prev_prio=0 prev_state=S ==> next_comm=swapper/0 next_pid=0 next_prio=120
    mpc_shm_ctrl-5687  [001] d...  5563.120532: sched_switch: prev_comm=mpc_shm_ctrl prev_pid=5687 prev_prio=0 prev_state=S ==> next_comm=kworker/1:0 next_pid=5589 next_prio=120
          MATLAB-5723  [001] d...  5563.148487: sched_switch: prev_comm=MATLAB prev_pid=5723 prev_prio=120 prev_state=R ==> next_comm=mpc_shm_ctrl next_pid=5687 next_prio=0
    mpc_shm_ctrl-5687  [001] d...  5563.148615: sched_switch: prev_comm=mpc_shm_ctrl prev_pid=5687 prev_prio=0 prev_state=S ==> next_comm=MATLAB next_pid=5723 next_prio=120
          <idle>-0     [000] d...  5563.148645: sched_switch: prev_comm=swapper/0 prev_pid=0 prev_prio=120 prev_state=R ==> next_comm=mpc_server next_pid=5678 next_prio=0
          <idle>-0     [001] d...  5563.158259: sched_switch: prev_comm=swapper/1 prev_pid=0 prev_prio=120 prev_state=R ==> next_comm=mpc_shm_ctrl next_pid=5687 next_prio=0
      mpc_server-5678  [000] d...  5563.158262: sched_switch: prev_comm=mpc_server prev_pid=5678 prev_prio=0 prev_state=S ==> next_comm=swapper/0 next_pid=0 next_prio=120
    mpc_shm_ctrl-5687  [001] d...  5563.176536: sched_switch: prev_comm=mpc_shm_ctrl prev_pid=5687 prev_prio=0 prev_state=S ==> next_comm=swapper/1 next_pid=0 next_prio=120
          <idle>-0     [001] d...  5563.203956: sched_switch: prev_comm=swapper/1 prev_pid=0 prev_prio=120 prev_state=R ==> next_comm=mpc_shm_ctrl next_pid=5687 next_prio=0
          MATLAB-5723  [000] d...  5563.204080: sched_switch: prev_comm=MATLAB prev_pid=5723 prev_prio=120 prev_state=R ==> next_comm=mpc_server next_pid=5678 next_prio=0
    mpc_shm_ctrl-5687  [001] d...  5563.204089: sched_switch: prev_comm=mpc_shm_ctrl prev_pid=5687 prev_prio=0 prev_state=S ==> next_comm=swapper/1 next_pid=0 next_prio=120
      mpc_server-5678  [000] d...  5563.214296: sched_switch: prev_comm=mpc_server prev_pid=5678 prev_prio=0 prev_state=S ==> next_comm=swapper/0 next_pid=0 next_prio=120
          <idle>-0     [001] d...  5563.214324: sched_switch: prev_comm=swapper/1 prev_pid=0 prev_prio=120 prev_state=R ==> next_comm=mpc_shm_ctrl next_pid=5687 next_prio=0
    mpc_shm_ctrl-5687  [001] d...  5563.232159: sched_switch: prev_comm=mpc_shm_ctrl prev_pid=5687 prev_prio=0 prev_state=S ==> next_comm=swapper/1 next_pid=0 next_prio=120
          MATLAB-2929  [001] d...  5563.266557: sched_switch: prev_comm=MATLAB prev_pid=2929 prev_prio=120 prev_state=R ==> next_comm=mpc_shm_ctrl next_pid=5687 next_prio=0
           xfwm4-1365  [000] d...  5563.266957: sched_switch: prev_comm=xfwm4 prev_pid=1365 prev_prio=120 prev_state=S ==> next_comm=mpc_server next_pid=5678 next_prio=0
    mpc_shm_ctrl-5687  [001] d...  5563.266959: sched_switch: prev_comm=mpc_shm_ctrl prev_pid=5687 prev_prio=0 prev_state=S ==> next_comm=MATLAB next_pid=2929 next_prio=120
 Chrome_IOThread-3085  [001] d...  5563.324300: sched_switch: prev_comm=Chrome_IOThread prev_pid=3085 prev_prio=120 prev_state=R ==> next_comm=mpc_shm_ctrl next_pid=5687 next_prio=0
      mpc_server-5678  [000] d...  5563.324348: sched_switch: prev_comm=mpc_server prev_pid=5678 prev_prio=0 prev_state=S ==> next_comm=swapper/0 next_pid=0 next_prio=120
    mpc_shm_ctrl-5687  [001] d...  5563.408207: sched_switch: prev_comm=mpc_shm_ctrl prev_pid=5687 prev_prio=0 prev_state=S ==> next_comm=kworker/1:0 next_pid=5589 next_prio=120
          <idle>-0     [001] d...  5563.447358: sched_switch: prev_comm=swapper/1 prev_pid=0 prev_prio=120 prev_state=R ==> next_comm=mpc_shm_ctrl next_pid=5687 next_prio=0
          MATLAB-5723  [000] d...  5563.447541: sched_switch: prev_comm=MATLAB prev_pid=5723 prev_prio=120 prev_state=R ==> next_comm=mpc_server next_pid=5678 next_prio=0
    mpc_shm_ctrl-5687  [001] d...  5563.447545: sched_switch: prev_comm=mpc_shm_ctrl prev_pid=5687 prev_prio=0 prev_state=S ==> next_comm=swapper/1 next_pid=0 next_prio=120
          <idle>-0     [001] d...  5563.458986: sched_switch: prev_comm=swapper/1 prev_pid=0 prev_prio=120 prev_state=R ==> next_comm=mpc_shm_ctrl next_pid=5687 next_prio=0
      mpc_server-5678  [000] d...  5563.458988: sched_switch: prev_comm=mpc_server prev_pid=5678 prev_prio=0 prev_state=S ==> next_comm=swapper/0 next_pid=0 next_prio=120
    mpc_shm_ctrl-5687  [001] d...  5563.481828: sched_switch: prev_comm=mpc_shm_ctrl prev_pid=5687 prev_prio=0 prev_state=S ==> next_comm=kworker/1:1 next_pid=5715 next_prio=120
          <idle>-0     [001] d...  5563.509554: sched_switch: prev_comm=swapper/1 prev_pid=0 prev_prio=120 prev_state=R ==> next_comm=mpc_shm_ctrl next_pid=5687 next_prio=0
    mpc_shm_ctrl-5687  [001] d...  5563.509775: sched_switch: prev_comm=mpc_shm_ctrl prev_pid=5687 prev_prio=0 prev_state=S ==> next_comm=swapper/1 next_pid=0 next_prio=120
          <idle>-0     [000] d...  5563.509775: sched_switch: prev_comm=swapper/0 prev_pid=0 prev_prio=120 prev_state=R ==> next_comm=mpc_server next_pid=5678 next_prio=0
      mpc_server-5678  [000] d...  5563.520248: sched_switch: prev_comm=mpc_server prev_pid=5678 prev_prio=0 prev_state=S ==> next_comm=swapper/0 next_pid=0 next_prio=120
          <idle>-0     [001] d...  5563.520280: sched_switch: prev_comm=swapper/1 prev_pid=0 prev_prio=120 prev_state=R ==> next_comm=mpc_shm_ctrl next_pid=5687 next_prio=0
    mpc_shm_ctrl-5687  [001] d...  5563.566894: sched_switch: prev_comm=mpc_shm_ctrl prev_pid=5687 prev_prio=0 prev_state=S ==> next_comm=kworker/1:1 next_pid=5715 next_prio=120
          <idle>-0     [001] d...  5563.595425: sched_switch: prev_comm=swapper/1 prev_pid=0 prev_prio=120 prev_state=R ==> next_comm=mpc_shm_ctrl next_pid=5687 next_prio=0
          <idle>-0     [000] d...  5563.595568: sched_switch: prev_comm=swapper/0 prev_pid=0 prev_prio=120 prev_state=R ==> next_comm=mpc_server next_pid=5678 next_prio=0
    mpc_shm_ctrl-5687  [001] d...  5563.595572: sched_switch: prev_comm=mpc_shm_ctrl prev_pid=5687 prev_prio=0 prev_state=S ==> next_comm=swapper/1 next_pid=0 next_prio=120
      mpc_server-5678  [000] d...  5563.615258: sched_switch: prev_comm=mpc_server prev_pid=5678 prev_prio=0 prev_state=S ==> next_comm=swapper/0 next_pid=0 next_prio=120
          <idle>-0     [001] d...  5563.615287: sched_switch: prev_comm=swapper/1 prev_pid=0 prev_prio=120 prev_state=R ==> next_comm=mpc_shm_ctrl next_pid=5687 next_prio=0
    mpc_shm_ctrl-5687  [001] d...  5563.650779: sched_switch: prev_comm=mpc_shm_ctrl prev_pid=5687 prev_prio=0 prev_state=S ==> next_comm=kworker/1:1 next_pid=5715 next_prio=120
          <idle>-0     [001] d...  5563.678646: sched_switch: prev_comm=swapper/1 prev_pid=0 prev_prio=120 prev_state=R ==> next_comm=mpc_shm_ctrl next_pid=5687 next_prio=0
          MATLAB-5723  [000] d...  5563.678768: sched_switch: prev_comm=MATLAB prev_pid=5723 prev_prio=120 prev_state=R ==> next_comm=mpc_server next_pid=5678 next_prio=0
    mpc_shm_ctrl-5687  [001] d...  5563.678775: sched_switch: prev_comm=mpc_shm_ctrl prev_pid=5687 prev_prio=0 prev_state=S ==> next_comm=swapper/1 next_pid=0 next_prio=120
      mpc_server-5678  [000] d...  5563.699211: sched_switch: prev_comm=mpc_server prev_pid=5678 prev_prio=0 prev_state=S ==> next_comm=swapper/0 next_pid=0 next_prio=120
          <idle>-0     [001] d...  5563.699239: sched_switch: prev_comm=swapper/1 prev_pid=0 prev_prio=120 prev_state=R ==> next_comm=mpc_shm_ctrl next_pid=5687 next_prio=0
    mpc_shm_ctrl-5687  [001] d...  5563.733477: sched_switch: prev_comm=mpc_shm_ctrl prev_pid=5687 prev_prio=0 prev_state=S ==> next_comm=kworker/1:1 next_pid=5715 next_prio=120
          <idle>-0     [001] d...  5563.767658: sched_switch: prev_comm=swapper/1 prev_pid=0 prev_prio=120 prev_state=R ==> next_comm=mpc_shm_ctrl next_pid=5687 next_prio=0
          MATLAB-5723  [000] d...  5563.767828: sched_switch: prev_comm=MATLAB prev_pid=5723 prev_prio=120 prev_state=R ==> next_comm=mpc_server next_pid=5678 next_prio=0
    mpc_shm_ctrl-5687  [001] d...  5563.767834: sched_switch: prev_comm=mpc_shm_ctrl prev_pid=5687 prev_prio=0 prev_state=S ==> next_comm=swapper/1 next_pid=0 next_prio=120
      mpc_server-5678  [000] d...  5563.787909: sched_switch: prev_comm=mpc_server prev_pid=5678 prev_prio=0 prev_state=S ==> next_comm=swapper/0 next_pid=0 next_prio=120
          <idle>-0     [001] d...  5563.787937: sched_switch: prev_comm=swapper/1 prev_pid=0 prev_prio=120 prev_state=R ==> next_comm=mpc_shm_ctrl next_pid=5687 next_prio=0
    mpc_shm_ctrl-5687  [001] d...  5563.829795: sched_switch: prev_comm=mpc_shm_ctrl prev_pid=5687 prev_prio=0 prev_state=S ==> next_comm=kworker/1:1 next_pid=5715 next_prio=120
          <idle>-0     [001] d...  5563.857671: sched_switch: prev_comm=swapper/1 prev_pid=0 prev_prio=120 prev_state=R ==> next_comm=mpc_shm_ctrl next_pid=5687 next_prio=0
    mpc_shm_ctrl-5687  [001] d...  5563.857869: sched_switch: prev_comm=mpc_shm_ctrl prev_pid=5687 prev_prio=0 prev_state=S ==> next_comm=swapper/1 next_pid=0 next_prio=120
          <idle>-0     [000] d...  5563.857895: sched_switch: prev_comm=swapper/0 prev_pid=0 prev_prio=120 prev_state=R ==> next_comm=mpc_server next_pid=5678 next_prio=0
      mpc_server-5678  [000] d...  5563.877601: sched_switch: prev_comm=mpc_server prev_pid=5678 prev_prio=0 prev_state=S ==> next_comm=swapper/0 next_pid=0 next_prio=120
          <idle>-0     [001] d...  5563.877629: sched_switch: prev_comm=swapper/1 prev_pid=0 prev_prio=120 prev_state=R ==> next_comm=mpc_shm_ctrl next_pid=5687 next_prio=0
    mpc_shm_ctrl-5687  [001] d...  5563.907851: sched_switch: prev_comm=mpc_shm_ctrl prev_pid=5687 prev_prio=0 prev_state=S ==> next_comm=kworker/1:1 next_pid=5715 next_prio=120
          <idle>-0     [001] d...  5563.936020: sched_switch: prev_comm=swapper/1 prev_pid=0 prev_prio=120 prev_state=R ==> next_comm=mpc_shm_ctrl next_pid=5687 next_prio=0
    mpc_shm_ctrl-5687  [001] d...  5563.936224: sched_switch: prev_comm=mpc_shm_ctrl prev_pid=5687 prev_prio=0 prev_state=S ==> next_comm=swapper/1 next_pid=0 next_prio=120
          <idle>-0     [000] d...  5563.936251: sched_switch: prev_comm=swapper/0 prev_pid=0 prev_prio=120 prev_state=R ==> next_comm=mpc_server next_pid=5678 next_prio=0
          <idle>-0     [001] d...  5563.956483: sched_switch: prev_comm=swapper/1 prev_pid=0 prev_prio=120 prev_state=R ==> next_comm=mpc_shm_ctrl next_pid=5687 next_prio=0
      mpc_server-5678  [000] d...  5563.956485: sched_switch: prev_comm=mpc_server prev_pid=5678 prev_prio=0 prev_state=S ==> next_comm=swapper/0 next_pid=0 next_prio=120
    mpc_shm_ctrl-5687  [001] d...  5563.984433: sched_switch: prev_comm=mpc_shm_ctrl prev_pid=5687 prev_prio=0 prev_state=S ==> next_comm=swapper/1 next_pid=0 next_prio=120
          <idle>-0     [001] d...  5564.012058: sched_switch: prev_comm=swapper/1 prev_pid=0 prev_prio=120 prev_state=R ==> next_comm=mpc_shm_ctrl next_pid=5687 next_prio=0
    mpc_shm_ctrl-5687  [001] d...  5564.012188: sched_switch: prev_comm=mpc_shm_ctrl prev_pid=5687 prev_prio=0 prev_state=S ==> next_comm=swapper/1 next_pid=0 next_prio=120
          <idle>-0     [000] d...  5564.012214: sched_switch: prev_comm=swapper/0 prev_pid=0 prev_prio=120 prev_state=R ==> next_comm=mpc_server next_pid=5678 next_prio=0
          <idle>-0     [001] d...  5564.032210: sched_switch: prev_comm=swapper/1 prev_pid=0 prev_prio=120 prev_state=R ==> next_comm=mpc_shm_ctrl next_pid=5687 next_prio=0
      mpc_server-5678  [000] d...  5564.032213: sched_switch: prev_comm=mpc_server prev_pid=5678 prev_prio=0 prev_state=S ==> next_comm=kworker/0:0 next_pid=5 next_prio=120
    mpc_shm_ctrl-5687  [001] d...  5564.062465: sched_switch: prev_comm=mpc_shm_ctrl prev_pid=5687 prev_prio=0 prev_state=S ==> next_comm=kworker/1:1 next_pid=5715 next_prio=120
          MATLAB-5723  [001] d...  5564.083975: sched_switch: prev_comm=MATLAB prev_pid=5723 prev_prio=120 prev_state=R ==> next_comm=mpc_shm_ctrl next_pid=5687 next_prio=0
    mpc_shm_ctrl-5687  [001] d...  5564.084102: sched_switch: prev_comm=mpc_shm_ctrl prev_pid=5687 prev_prio=0 prev_state=S ==> next_comm=MATLAB next_pid=5723 next_prio=120
          <idle>-0     [000] d...  5564.084135: sched_switch: prev_comm=swapper/0 prev_pid=0 prev_prio=120 prev_state=R ==> next_comm=mpc_server next_pid=5678 next_prio=0
      mpc_server-5678  [000] d...  5564.104274: sched_switch: prev_comm=mpc_server prev_pid=5678 prev_prio=0 prev_state=S ==> next_comm=swapper/0 next_pid=0 next_prio=120
          <idle>-0     [001] d...  5564.104301: sched_switch: prev_comm=swapper/1 prev_pid=0 prev_prio=120 prev_state=R ==> next_comm=mpc_shm_ctrl next_pid=5687 next_prio=0
    mpc_shm_ctrl-5687  [001] d...  5564.129289: sched_switch: prev_comm=mpc_shm_ctrl prev_pid=5687 prev_prio=0 prev_state=S ==> next_comm=kworker/1:1 next_pid=5715 next_prio=120
          <idle>-0     [001] d...  5564.151129: sched_switch: prev_comm=swapper/1 prev_pid=0 prev_prio=120 prev_state=R ==> next_comm=mpc_shm_ctrl next_pid=5687 next_prio=0
          <idle>-0     [000] d...  5564.151253: sched_switch: prev_comm=swapper/0 prev_pid=0 prev_prio=120 prev_state=R ==> next_comm=mpc_server next_pid=5678 next_prio=0
    mpc_shm_ctrl-5687  [001] d...  5564.151258: sched_switch: prev_comm=mpc_shm_ctrl prev_pid=5687 prev_prio=0 prev_state=S ==> next_comm=swapper/1 next_pid=0 next_prio=120
      mpc_server-5678  [000] d...  5564.171891: sched_switch: prev_comm=mpc_server prev_pid=5678 prev_prio=0 prev_state=S ==> next_comm=kworker/0:0 next_pid=5 next_prio=120
          <idle>-0     [001] d...  5564.171916: sched_switch: prev_comm=swapper/1 prev_pid=0 prev_prio=120 prev_state=R ==> next_comm=mpc_shm_ctrl next_pid=5687 next_prio=0
    mpc_shm_ctrl-5687  [001] d...  5564.198665: sched_switch: prev_comm=mpc_shm_ctrl prev_pid=5687 prev_prio=0 prev_state=S ==> next_comm=kworker/1:1 next_pid=5715 next_prio=120
          <idle>-0     [001] d...  5564.220063: sched_switch: prev_comm=swapper/1 prev_pid=0 prev_prio=120 prev_state=R ==> next_comm=mpc_shm_ctrl next_pid=5687 next_prio=0
    mpc_shm_ctrl-5687  [001] d...  5564.220244: sched_switch: prev_comm=mpc_shm_ctrl prev_pid=5687 prev_prio=0 prev_state=S ==> next_comm=swapper/1 next_pid=0 next_prio=120
          <idle>-0     [000] d...  5564.220271: sched_switch: prev_comm=swapper/0 prev_pid=0 prev_prio=120 prev_state=R ==> next_comm=mpc_server next_pid=5678 next_prio=0
          <idle>-0     [001] d...  5564.240805: sched_switch: prev_comm=swapper/1 prev_pid=0 prev_prio=120 prev_state=R ==> next_comm=mpc_shm_ctrl next_pid=5687 next_prio=0
      mpc_server-5678  [000] d...  5564.240807: sched_switch: prev_comm=mpc_server prev_pid=5678 prev_prio=0 prev_state=S ==> next_comm=swapper/0 next_pid=0 next_prio=120
    mpc_shm_ctrl-5687  [001] d...  5564.260615: sched_switch: prev_comm=mpc_shm_ctrl prev_pid=5687 prev_prio=0 prev_state=S ==> next_comm=kworker/1:1 next_pid=5715 next_prio=120
          <idle>-0     [001] d...  5564.282859: sched_switch: prev_comm=swapper/1 prev_pid=0 prev_prio=120 prev_state=R ==> next_comm=mpc_shm_ctrl next_pid=5687 next_prio=0
          <idle>-0     [000] d...  5564.282982: sched_switch: prev_comm=swapper/0 prev_pid=0 prev_prio=120 prev_state=R ==> next_comm=mpc_server next_pid=5678 next_prio=0
    mpc_shm_ctrl-5687  [001] d...  5564.282985: sched_switch: prev_comm=mpc_shm_ctrl prev_pid=5687 prev_prio=0 prev_state=S ==> next_comm=swapper/1 next_pid=0 next_prio=120
      mpc_server-5678  [000] d...  5564.303842: sched_switch: prev_comm=mpc_server prev_pid=5678 prev_prio=0 prev_state=S ==> next_comm=swapper/0 next_pid=0 next_prio=120
          <idle>-0     [001] d...  5564.303869: sched_switch: prev_comm=swapper/1 prev_pid=0 prev_prio=120 prev_state=R ==> next_comm=mpc_shm_ctrl next_pid=5687 next_prio=0
    mpc_shm_ctrl-5687  [001] d...  5564.326236: sched_switch: prev_comm=mpc_shm_ctrl prev_pid=5687 prev_prio=0 prev_state=S ==> next_comm=kworker/1:1 next_pid=5715 next_prio=120
          MATLAB-5723  [001] d...  5564.350945: sched_switch: prev_comm=MATLAB prev_pid=5723 prev_prio=120 prev_state=R ==> next_comm=mpc_shm_ctrl next_pid=5687 next_prio=0
    mpc_shm_ctrl-5687  [001] d...  5564.351071: sched_switch: prev_comm=mpc_shm_ctrl prev_pid=5687 prev_prio=0 prev_state=S ==> next_comm=MATLAB next_pid=5723 next_prio=120
          <idle>-0     [000] d...  5564.351099: sched_switch: prev_comm=swapper/0 prev_pid=0 prev_prio=120 prev_state=R ==> next_comm=mpc_server next_pid=5678 next_prio=0
      mpc_server-5678  [000] d...  5564.371231: sched_switch: prev_comm=mpc_server prev_pid=5678 prev_prio=0 prev_state=S ==> next_comm=swapper/0 next_pid=0 next_prio=120
          <idle>-0     [001] d...  5564.371259: sched_switch: prev_comm=swapper/1 prev_pid=0 prev_prio=120 prev_state=R ==> next_comm=mpc_shm_ctrl next_pid=5687 next_prio=0
    mpc_shm_ctrl-5687  [001] d...  5564.392577: sched_switch: prev_comm=mpc_shm_ctrl prev_pid=5687 prev_prio=0 prev_state=S ==> next_comm=swapper/1 next_pid=0 next_prio=120
          <idle>-0     [001] d...  5564.414235: sched_switch: prev_comm=swapper/1 prev_pid=0 prev_prio=120 prev_state=R ==> next_comm=mpc_shm_ctrl next_pid=5687 next_prio=0
    mpc_shm_ctrl-5687  [001] d...  5564.414365: sched_switch: prev_comm=mpc_shm_ctrl prev_pid=5687 prev_prio=0 prev_state=S ==> next_comm=swapper/1 next_pid=0 next_prio=120
          <idle>-0     [000] d...  5564.414392: sched_switch: prev_comm=swapper/0 prev_pid=0 prev_prio=120 prev_state=R ==> next_comm=mpc_server next_pid=5678 next_prio=0
      mpc_server-5678  [000] d...  5564.434499: sched_switch: prev_comm=mpc_server prev_pid=5678 prev_prio=0 prev_state=S ==> next_comm=swapper/0 next_pid=0 next_prio=120
          <idle>-0     [001] d...  5564.434530: sched_switch: prev_comm=swapper/1 prev_pid=0 prev_prio=120 prev_state=R ==> next_comm=mpc_shm_ctrl next_pid=5687 next_prio=0
    mpc_shm_ctrl-5687  [001] d...  5564.455341: sched_switch: prev_comm=mpc_shm_ctrl prev_pid=5687 prev_prio=0 prev_state=S ==> next_comm=swapper/1 next_pid=0 next_prio=120
          <idle>-0     [001] d...  5564.477565: sched_switch: prev_comm=swapper/1 prev_pid=0 prev_prio=120 prev_state=R ==> next_comm=mpc_shm_ctrl next_pid=5687 next_prio=0
          <idle>-0     [000] d...  5564.477686: sched_switch: prev_comm=swapper/0 prev_pid=0 prev_prio=120 prev_state=R ==> next_comm=mpc_server next_pid=5678 next_prio=0
    mpc_shm_ctrl-5687  [001] d...  5564.477688: sched_switch: prev_comm=mpc_shm_ctrl prev_pid=5687 prev_prio=0 prev_state=S ==> next_comm=swapper/1 next_pid=0 next_prio=120
   wesnothd-1.12-843   [001] d...  5564.498445: sched_switch: prev_comm=wesnothd-1.12 prev_pid=843 prev_prio=120 prev_state=R+ ==> next_comm=mpc_shm_ctrl next_pid=5687 next_prio=0
      mpc_server-5678  [000] d...  5564.498447: sched_switch: prev_comm=mpc_server prev_pid=5678 prev_prio=0 prev_state=S ==> next_comm=swapper/0 next_pid=0 next_prio=120
    mpc_shm_ctrl-5687  [001] d...  5564.523389: sched_switch: prev_comm=mpc_shm_ctrl prev_pid=5687 prev_prio=0 prev_state=S ==> next_comm=kworker/1:1 next_pid=5715 next_prio=120
          <idle>-0     [001] d...  5564.546903: sched_switch: prev_comm=swapper/1 prev_pid=0 prev_prio=120 prev_state=R ==> next_comm=mpc_shm_ctrl next_pid=5687 next_prio=0
    mpc_shm_ctrl-5687  [001] d...  5564.547028: sched_switch: prev_comm=mpc_shm_ctrl prev_pid=5687 prev_prio=0 prev_state=S ==> next_comm=swapper/1 next_pid=0 next_prio=120
          <idle>-0     [000] d...  5564.547055: sched_switch: prev_comm=swapper/0 prev_pid=0 prev_prio=120 prev_state=R ==> next_comm=mpc_server next_pid=5678 next_prio=0
      mpc_server-5678  [000] d...  5564.567079: sched_switch: prev_comm=mpc_server prev_pid=5678 prev_prio=0 prev_state=S ==> next_comm=kworker/0:0 next_pid=5 next_prio=120
          <idle>-0     [001] d...  5564.567106: sched_switch: prev_comm=swapper/1 prev_pid=0 prev_prio=120 prev_state=R ==> next_comm=mpc_shm_ctrl next_pid=5687 next_prio=0
    mpc_shm_ctrl-5687  [001] d...  5564.590172: sched_switch: prev_comm=mpc_shm_ctrl prev_pid=5687 prev_prio=0 prev_state=S ==> next_comm=swapper/1 next_pid=0 next_prio=120
          <idle>-0     [001] d...  5564.612307: sched_switch: prev_comm=swapper/1 prev_pid=0 prev_prio=120 prev_state=R ==> next_comm=mpc_shm_ctrl next_pid=5687 next_prio=0
          MATLAB-5723  [000] d...  5564.612438: sched_switch: prev_comm=MATLAB prev_pid=5723 prev_prio=120 prev_state=R ==> next_comm=mpc_server next_pid=5678 next_prio=0
    mpc_shm_ctrl-5687  [001] d...  5564.612446: sched_switch: prev_comm=mpc_shm_ctrl prev_pid=5687 prev_prio=0 prev_state=S ==> next_comm=swapper/1 next_pid=0 next_prio=120
          <idle>-0     [001] d...  5564.632416: sched_switch: prev_comm=swapper/1 prev_pid=0 prev_prio=120 prev_state=R ==> next_comm=mpc_shm_ctrl next_pid=5687 next_prio=0
      mpc_server-5678  [000] d...  5564.632418: sched_switch: prev_comm=mpc_server prev_pid=5678 prev_prio=0 prev_state=S ==> next_comm=swapper/0 next_pid=0 next_prio=120
    mpc_shm_ctrl-5687  [001] d...  5564.651107: sched_switch: prev_comm=mpc_shm_ctrl prev_pid=5687 prev_prio=0 prev_state=S ==> next_comm=swapper/1 next_pid=0 next_prio=120
          <idle>-0     [001] d...  5564.674681: sched_switch: prev_comm=swapper/1 prev_pid=0 prev_prio=120 prev_state=R ==> next_comm=mpc_shm_ctrl next_pid=5687 next_prio=0
    mpc_shm_ctrl-5687  [001] d...  5564.674813: sched_switch: prev_comm=mpc_shm_ctrl prev_pid=5687 prev_prio=0 prev_state=S ==> next_comm=swapper/1 next_pid=0 next_prio=120
          <idle>-0     [000] d...  5564.674836: sched_switch: prev_comm=swapper/0 prev_pid=0 prev_prio=120 prev_state=R ==> next_comm=mpc_server next_pid=5678 next_prio=0
      mpc_server-5678  [000] d...  5564.685854: sched_switch: prev_comm=mpc_server prev_pid=5678 prev_prio=0 prev_state=S ==> next_comm=swapper/0 next_pid=0 next_prio=120
          <idle>-0     [001] d...  5564.685882: sched_switch: prev_comm=swapper/1 prev_pid=0 prev_prio=120 prev_state=R ==> next_comm=mpc_shm_ctrl next_pid=5687 next_prio=0
    mpc_shm_ctrl-5687  [001] d...  5564.704386: sched_switch: prev_comm=mpc_shm_ctrl prev_pid=5687 prev_prio=0 prev_state=S ==> next_comm=kworker/1:1 next_pid=5715 next_prio=120
          <idle>-0     [001] d...  5564.726461: sched_switch: prev_comm=swapper/1 prev_pid=0 prev_prio=120 prev_state=R ==> next_comm=mpc_shm_ctrl next_pid=5687 next_prio=0
    mpc_shm_ctrl-5687  [001] d...  5564.726609: sched_switch: prev_comm=mpc_shm_ctrl prev_pid=5687 prev_prio=0 prev_state=S ==> next_comm=swapper/1 next_pid=0 next_prio=120
          <idle>-0     [000] d...  5564.726637: sched_switch: prev_comm=swapper/0 prev_pid=0 prev_prio=120 prev_state=R ==> next_comm=mpc_server next_pid=5678 next_prio=0
      mpc_server-5678  [000] d...  5564.747510: sched_switch: prev_comm=mpc_server prev_pid=5678 prev_prio=0 prev_state=S ==> next_comm=swapper/0 next_pid=0 next_prio=120
          <idle>-0     [001] d...  5564.747541: sched_switch: prev_comm=swapper/1 prev_pid=0 prev_prio=120 prev_state=R ==> next_comm=mpc_shm_ctrl next_pid=5687 next_prio=0
    mpc_shm_ctrl-5687  [001] d...  5564.767673: sched_switch: prev_comm=mpc_shm_ctrl prev_pid=5687 prev_prio=0 prev_state=S ==> next_comm=kworker/1:1 next_pid=5715 next_prio=120
          MATLAB-5723  [001] d...  5564.790701: sched_switch: prev_comm=MATLAB prev_pid=5723 prev_prio=120 prev_state=R ==> next_comm=mpc_shm_ctrl next_pid=5687 next_prio=0
    mpc_shm_ctrl-5687  [001] d...  5564.790821: sched_switch: prev_comm=mpc_shm_ctrl prev_pid=5687 prev_prio=0 prev_state=S ==> next_comm=MATLAB next_pid=5723 next_prio=120
          <idle>-0     [000] d...  5564.790848: sched_switch: prev_comm=swapper/0 prev_pid=0 prev_prio=120 prev_state=R ==> next_comm=mpc_server next_pid=5678 next_prio=0
      mpc_server-5678  [000] d...  5564.810614: sched_switch: prev_comm=mpc_server prev_pid=5678 prev_prio=0 prev_state=S ==> next_comm=swapper/0 next_pid=0 next_prio=120
          <idle>-0     [001] d...  5564.810643: sched_switch: prev_comm=swapper/1 prev_pid=0 prev_prio=120 prev_state=R ==> next_comm=mpc_shm_ctrl next_pid=5687 next_prio=0
    mpc_shm_ctrl-5687  [001] d...  5564.830264: sched_switch: prev_comm=mpc_shm_ctrl prev_pid=5687 prev_prio=0 prev_state=S ==> next_comm=kworker/1:1 next_pid=5715 next_prio=120
          MATLAB-5723  [001] d...  5564.853675: sched_switch: prev_comm=MATLAB prev_pid=5723 prev_prio=120 prev_state=R ==> next_comm=mpc_shm_ctrl next_pid=5687 next_prio=0
    mpc_shm_ctrl-5687  [001] d...  5564.853803: sched_switch: prev_comm=mpc_shm_ctrl prev_pid=5687 prev_prio=0 prev_state=S ==> next_comm=MATLAB next_pid=5723 next_prio=120
